ARM Linker, 4.1 [Build 894] [Professional]

==============================================================================

Section Cross References

    hardfaultproc.o(i.HardFault_Handler_proc) refers to printf5.o(i.__0printf$5) for __2printf
    main.o(i.CheckID) refers to cpuid.o(i.ReadCPUID) for ReadCPUID
    main.o(i.CheckID) refers to printf5.o(i.__0printf$5) for __2printf
    main.o(i.CheckID) refers to userlib.o(i.MemoryCmp) for MemoryCmp
    main.o(i.CheckID) refers to main.o(.constdata) for thisCPUInfo
    main.o(i.InitApp) refers to commhandle.o(i.InitComm) for InitComm
    main.o(i.InitBoardDev) refers to inithw.o(i.GPIO_Config) for GPIO_Config
    main.o(i.InitBoardDev) refers to uart.o(i.InitUARTQBuff) for InitUARTQBuff
    main.o(i.InitBoardDev) refers to uart.o(i.InitUART) for InitUART
    main.o(i.InitBoardDev) refers to timer.o(i.InitTimer2) for InitTimer2
    main.o(i.InitBoardDev) refers to userlib.o(i.Delay) for Delay
    main.o(i.InitBoardDev) refers to timer.o(i.InitTimer5) for InitTimer5
    main.o(i.InitBoardDev) refers to rtc.o(i.InitRTC) for InitRTC
    main.o(i.InitBoardDev) refers to rtc.o(i.RTC_AlarmConfig) for RTC_AlarmConfig
    main.o(i.InitBoardDev) refers to simui2c.o(i.InitSimuI2C) for InitSimuI2C
    main.o(i.LCD_FSMCConfig) refers to stm32f4xx_rcc.o(i.RCC_AHB1PeriphClockCmd) for RCC_AHB1PeriphClockCmd
    main.o(i.LCD_FSMCConfig) refers to stm32f4xx_rcc.o(i.RCC_AHB3PeriphClockCmd) for RCC_AHB3PeriphClockCmd
    main.o(i.LCD_FSMCConfig) refers to stm32f4xx_gpio.o(i.GPIO_Init) for GPIO_Init
    main.o(i.LCD_FSMCConfig) refers to stm32f4xx_gpio.o(i.GPIO_PinAFConfig) for GPIO_PinAFConfig
    main.o(i.LCD_FSMCConfig) refers to stm32f4xx_fsmc.o(i.FSMC_NORSRAMInit) for FSMC_NORSRAMInit
    main.o(i.LCD_FSMCConfig) refers to stm32f4xx_fsmc.o(i.FSMC_NORSRAMCmd) for FSMC_NORSRAMCmd
    main.o(i.main) refers to system_stm32f4xx.o(i.SystemInit) for SystemInit
    main.o(i.main) refers to main.o(i.InitApp) for InitApp
    main.o(i.main) refers to main.o(i.InitBoardDev) for InitBoardDev
    main.o(i.main) refers to wrprotect.o(i.WRP) for WRP
    main.o(i.main) refers to commhandle.o(i.FrameParseExec) for FrameParseExec
    main.o(i.main) refers to appcrc.o(i.AppCRC) for AppCRC
    main.o(i.main) refers to main.o(.data) for FirmwareUpdateFlag
    main.o(i.main) refers to timer.o(.data) for FirmwareUpdateCnt
    framepack.o(i.PackFrame) refers to framepack.o(i.CalculateCRC) for CalculateCRC
    framepack.o(i.SendAckFrame) refers to framepack.o(i.SendFrame) for SendFrame
    framepack.o(i.SendFrame) refers to framepack.o(i.CalculateCRC) for CalculateCRC
    framepack.o(i.SendFrame) refers to framepack.o(i.UARTSendFrame) for UARTSendFrame
    framepack.o(i.UARTSendFrame) refers to uart.o(i.UART_SendBytes) for UART_SendBytes
    commhandle.o(i.ExecFrame) refers to firmwareupdate.o(i.StartFireWareUpdate) for StartFireWareUpdate
    commhandle.o(i.ExecFrame) refers to firmwareupdate.o(i.FirmwDateUpdate) for FirmwDateUpdate
    commhandle.o(i.ExecFrame) refers to capher.o(i.StartDesProc) for StartDesProc
    commhandle.o(i.ExecFrame) refers to capher.o(i.DesKeyProc) for DesKeyProc
    commhandle.o(i.ExecFrame) refers to wrprotect.o(i.DataAreaWRPLock) for DataAreaWRPLock
    commhandle.o(i.ExecFrame) refers to wrprotect.o(i.DataAreaWRPUnlock) for DataAreaWRPUnlock
    commhandle.o(i.ExecFrame) refers to commhandle.o(i.SystemResetProc) for SystemResetProc
    commhandle.o(i.ExecFrame) refers to main.o(.data) for FirmwareUpdateFlag
    commhandle.o(i.FrameParseExec) refers to queue.o(i.FetchFromQ) for FetchFromQ
    commhandle.o(i.FrameParseExec) refers to queue.o(i.Store2Q) for Store2Q
    commhandle.o(i.FrameParseExec) refers to commhandle.o(i.ParseFrame) for ParseFrame
    commhandle.o(i.FrameParseExec) refers to uart.o(.data) for pUART2RQBuff
    commhandle.o(i.FrameParseExec) refers to commhandle.o(.data) for pFrameQ2
    commhandle.o(i.InitComm) refers to queue.o(i.InitQueue) for InitQueue
    commhandle.o(i.InitComm) refers to commhandle.o(.bss) for CommFrame
    commhandle.o(i.InitComm) refers to commhandle.o(.data) for pCF
    commhandle.o(i.ParseFrame) refers to commhandle.o(i.ExecFrame) for ExecFrame
    commhandle.o(i.ParseFrame) refers to commhandle.o(.data) for pCF
    commhandle.o(i.SystemResetProc) refers to commhandle.o(.emb_text) for SystemReset
    m_printf.o(i.fputc) refers to stm32f4xx_usart.o(i.USART_GetFlagStatus) for USART_GetFlagStatus
    m_printf.o(i.fputc) refers to stm32f4xx_usart.o(i.USART_SendData) for USART_SendData
    userlib.o(i.DelayMS) refers to userlib.o(i.DelayUS) for DelayUS
    userlib.o(i.DelayUS) refers to stm32f4xx_tim.o(i.TIM_SetCounter) for TIM_SetCounter
    userlib.o(i.DelayUS) refers to stm32f4xx_tim.o(i.TIM_GetCounter) for TIM_GetCounter
    userlib.o(i.DelayUS) refers to userlib.o(.data) for TmCnt
    userlib.o(i.DisINT) refers to userlib.o(.data) for INTState
[...]
    Removing os_cpu_c.o(.emb_text), (8 bytes).
    Removing os_cpu_c.o(i.OSInitHookBegin), (2 bytes).
    Removing os_cpu_c.o(i.OSInitHookEnd), (2 bytes).
    Removing os_cpu_c.o(i.OSTCBInitHook), (2 bytes).
    Removing os_cpu_c.o(i.OSTaskCreateHook), (2 bytes).
    Removing os_cpu_c.o(i.OSTaskDelHook), (2 bytes).
    Removing os_cpu_c.o(i.OSTaskIdleHook), (2 bytes).
    Removing os_cpu_c.o(i.OSTaskReturnHook), (2 bytes).
    Removing os_cpu_c.o(i.OSTaskStatHook), (2 bytes).
    Removing os_cpu_c.o(i.OSTaskStkInit), (158 bytes).
    Removing os_cpu_c.o(i.OSTimeTickHook), (2 bytes).
    Removing os_cpu_c.o(i.OS_CPU_SysTickInit), (100 bytes).
    Removing os_dbg_r.o(i.OSDebugInit), (280 bytes).
    Removing os_dbg_r.o(.constdata), (116 bytes).
    Removing os_core.o(i.OSEventNameGet), (124 bytes).
    Removing os_core.o(i.OSEventNameSet), (104 bytes).
    Removing os_core.o(i.OSEventPendMulti), (732 bytes).
    Removing os_core.o(i.OSInit), (52 bytes).
    Removing os_core.o(i.OSIntEnter), (36 bytes).
    Removing os_core.o(i.OSIntExit), (144 bytes).
    Removing os_core.o(i.OSSchedLock), (64 bytes).
    Removing os_core.o(i.OSSchedUnlock), (96 bytes).
    Removing os_core.o(i.OSStart), (72 bytes).
    Removing os_core.o(i.OSStatInit), (76 bytes).
    Removing os_core.o(i.OSTimeTick), (244 bytes).
    Removing os_core.o(i.OSVersion), (6 bytes).
    Removing os_core.o(i.OS_Dummy), (2 bytes).
    Removing os_core.o(i.OS_EventTaskRdy), (156 bytes).
    Removing os_core.o(i.OS_EventTaskRemove), (50 bytes).
    Removing os_core.o(i.OS_EventTaskRemoveMulti), (80 bytes).
    Removing os_core.o(i.OS_EventTaskWait), (132 bytes).
    Removing os_core.o(i.OS_EventTaskWaitMulti), (156 bytes).
    Removing os_core.o(i.OS_EventWaitListInit), (28 bytes).
    Removing os_core.o(i.OS_InitEventList), (96 bytes).
    Removing os_core.o(i.OS_InitMisc), (84 bytes).
    Removing os_core.o(i.OS_InitRdyList), (68 bytes).
    Removing os_core.o(i.OS_InitTCBList), (128 bytes).
    Removing os_core.o(i.OS_InitTaskIdle), (80 bytes).
    Removing os_core.o(i.OS_InitTaskStat), (80 bytes).
    Removing os_core.o(i.OS_MemClr), (18 bytes).
    Removing os_core.o(i.OS_MemCopy), (20 bytes).
    Removing os_core.o(i.OS_Sched), (116 bytes).
    Removing os_core.o(i.OS_SchedNew), (44 bytes).
    Removing os_core.o(i.OS_StrLen), (20 bytes).
    Removing os_core.o(i.OS_TCBInit), (352 bytes).
    Removing os_core.o(i.OS_TaskIdle), (40 bytes).
    Removing os_core.o(i.OS_TaskStat), (136 bytes).
    Removing os_core.o(i.OS_TaskStatStkChk), (60 bytes).
    Removing os_core.o(.bss), (8280 bytes).
    Removing os_core.o(.constdata), (256 bytes).
    Removing os_flag.o(i.OSFlagAccept), (278 bytes).
    Removing os_flag.o(i.OSFlagCreate), (100 bytes).
    Removing os_flag.o(i.OSFlagDel), (236 bytes).
    Removing os_flag.o(i.OSFlagNameGet), (104 bytes).
    Removing os_flag.o(i.OSFlagNameSet), (88 bytes).
    Removing os_flag.o(i.OSFlagPend), (628 bytes).
    Removing os_flag.o(i.OSFlagPendGetFlagsRdy), (32 bytes).
    Removing os_flag.o(i.OSFlagPost), (334 bytes).
    Removing os_flag.o(i.OSFlagQuery), (58 bytes).
    Removing os_flag.o(i.OS_FlagBlock), (152 bytes).
    Removing os_flag.o(i.OS_FlagInit), (88 bytes).
    Removing os_flag.o(i.OS_FlagTaskRdy), (104 bytes).
    Removing os_flag.o(i.OS_FlagUnlink), (36 bytes).
    Removing os_mbox.o(i.OSMboxAccept), (44 bytes).
    Removing os_mbox.o(i.OSMboxCreate), (84 bytes).
    Removing os_mbox.o(i.OSMboxDel), (232 bytes).
    Removing os_mbox.o(i.OSMboxPend), (276 bytes).
    Removing os_mbox.o(i.OSMboxPendAbort), (138 bytes).
    Removing os_mbox.o(i.OSMboxPost), (92 bytes).
    Removing os_mbox.o(i.OSMboxPostOpt), (132 bytes).
    Removing os_mbox.o(i.OSMboxQuery), (88 bytes).
    Removing os_mem.o(i.OSMemCreate), (168 bytes).
    Removing os_mem.o(i.OSMemGet), (72 bytes).
    Removing os_mem.o(i.OSMemNameGet), (84 bytes).
    Removing os_mem.o(i.OSMemNameSet), (68 bytes).
    Removing os_mem.o(i.OSMemPut), (66 bytes).
    Removing os_mem.o(i.OSMemQuery), (64 bytes).
    Removing os_mem.o(i.OS_MemInit), (88 bytes).
    Removing os_mutex.o(i.OSMutexAccept), (156 bytes).
    Removing os_mutex.o(i.OSMutexCreate), (168 bytes).
    Removing os_mutex.o(i.OSMutexDel), (304 bytes).
    Removing os_mutex.o(i.OSMutexPend), (620 bytes).
    Removing os_mutex.o(i.OSMutexPost), (208 bytes).
    Removing os_mutex.o(i.OSMutexQuery), (124 bytes).
    Removing os_mutex.o(i.OSMutex_RdyAtPrio), (140 bytes).
    Removing os_q.o(i.OSQAccept), (98 bytes).
    Removing os_q.o(i.OSQCreate), (160 bytes).
    Removing os_q.o(i.OSQDel), (272 bytes).
    Removing os_q.o(i.OSQFlush), (52 bytes).
    Removing os_q.o(i.OSQPend), (300 bytes).
    Removing os_q.o(i.OSQPendAbort), (138 bytes).
    Removing os_q.o(i.OSQPost), (120 bytes).
    Removing os_q.o(i.OSQPostFront), (122 bytes).
    Removing os_q.o(i.OSQPostOpt), (188 bytes).
    Removing os_q.o(i.OSQQuery), (110 bytes).
    Removing os_q.o(i.OS_QInit), (80 bytes).
    Removing os_sem.o(i.OSSemAccept), (48 bytes).
    Removing os_sem.o(i.OSSemCreate), (84 bytes).
    Removing os_sem.o(i.OSSemDel), (232 bytes).
    Removing os_sem.o(i.OSSemPend), (248 bytes).
    Removing os_sem.o(i.OSSemPendAbort), (138 bytes).
    Removing os_sem.o(i.OSSemPost), (94 bytes).
    Removing os_sem.o(i.OSSemQuery), (88 bytes).
    Removing os_sem.o(i.OSSemSet), (74 bytes).
    Removing os_task.o(i.OSTaskChangePrio), (464 bytes).
    Removing os_task.o(i.OSTaskCreate), (168 bytes).
    Removing os_task.o(i.OSTaskCreateExt), (204 bytes).
    Removing os_task.o(i.OSTaskDel), (372 bytes).
    Removing os_task.o(i.OSTaskDelReq), (120 bytes).
    Removing os_task.o(i.OSTaskNameGet), (152 bytes).
    Removing os_task.o(i.OSTaskNameSet), (132 bytes).
    Removing os_task.o(i.OSTaskQuery), (108 bytes).
    Removing os_task.o(i.OSTaskRegGet), (96 bytes).
    Removing os_task.o(i.OSTaskRegSet), (92 bytes).
    Removing os_task.o(i.OSTaskResume), (184 bytes).
    Removing os_task.o(i.OSTaskStkChk), (160 bytes).
    Removing os_task.o(i.OSTaskSuspend), (196 bytes).
    Removing os_task.o(i.OS_TaskReturn), (24 bytes).
    Removing os_task.o(i.OS_TaskStkClr), (26 bytes).
    Removing os_time.o(i.OSTimeDly), (128 bytes).
    Removing os_time.o(i.OSTimeDlyHMSM), (136 bytes).
    Removing os_time.o(i.OSTimeDlyResume), (188 bytes).
    Removing os_time.o(i.OSTimeGet), (28 bytes).
    Removing os_time.o(i.OSTimeSet), (28 bytes).
    Removing dadd.o(.text), (332 bytes).
    Removing dmul.o(.text), (224 bytes).
    Removing ddiv.o(.text), (222 bytes).
    Removing dfixul.o(.text), (48 bytes).
    Removing cdrcmple.o(.text), (40 bytes).
    Removing depilogue.o(.text), (190 bytes).

518 unused section(s) (total 43559 bytes) removed from the image.

==============================================================================

Image Symbol Table

    Local Symbols

    Symbol Name                              Value     Ov Type        Size  Object(Section)

    ../../../cmprslib/zerorunl2.c            0x00000000   Number         0  __dczerorl2.o ABSOLUTE
    ../../microlib/division.c                0x00000000   Number         0  uldiv.o ABSOLUTE
    ../../microlib/division.c                0x00000000   Number         0  uidiv.o ABSOLUTE
    ../../microlib/fpadd.c                   0x00000000   Number         0  dadd.o ABSOLUTE
    ../../microlib/fpdiv.c                   0x00000000   Number         0  ddiv.o ABSOLUTE
    ../../microlib/fpepilogue.c              0x00000000   Number         0  depilogue.o ABSOLUTE
    ../../microlib/fpfix.c                   0x00000000   Number         0  dfixul.o ABSOLUTE
    ../../microlib/fpmul.c                   0x00000000   Number         0  dmul.o ABSOLUTE
    ../../microlib/init/entry.s              0x00000000   Number         0  entry2.o ABSOLUTE
    ../../microlib/init/entry.s              0x00000000   Number         0  entry.o ABSOLUTE
    ../../microlib/init/entry.s              0x00000000   Number         0  entry7b.o ABSOLUTE
    ../../microlib/init/entry.s              0x00000000   Number         0  entry8.o ABSOLUTE
    ../../microlib/init/entry.s              0x00000000   Number         0  entry7a.o ABSOLUTE
    ../../microlib/init/entry.s              0x00000000   Number         0  entry5.o ABSOLUTE
    ../../microlib/longlong.c                0x00000000   Number         0  llsshr.o ABSOLUTE
    ../../microlib/longlong.c                0x00000000   Number         0  llshl.o ABSOLUTE
    ../../microlib/longlong.c                0x00000000   Number         0  llushr.o ABSOLUTE
    ../../microlib/printf/printf.c           0x00000000   Number         0  printfb.o ABSOLUTE
    ../../microlib/printf/printf.c           0x00000000   Number         0  printf8.o ABSOLUTE
    ../../microlib/printf/printf.c           0x00000000   Number         0  printf1.o ABSOLUTE
    ../../microlib/printf/printf.c           0x00000000   Number         0  printfa.o ABSOLUTE
    ../../microlib/printf/printf.c           0x00000000   Number         0  printf6.o ABSOLUTE
    ../../microlib/printf/printf.c           0x00000000   Number         0  printf5.o ABSOLUTE
    ../../microlib/printf/printf.c           0x00000000   Number         0  printf4.o ABSOLUTE
    ../../microlib/printf/printf.c           0x00000000   Number         0  printf3.o ABSOLUTE
    ../../microlib/printf/printf.c           0x00000000   Number         0  printf2.o ABSOLUTE
    ../../microlib/printf/printf.c           0x00000000   Number         0  printf7.o ABSOLUTE
    ../../microlib/printf/printf.c           0x00000000   Number         0  printf0.o ABSOLUTE
    ../../microlib/printf/stubs.s            0x00000000   Number         0  stubs.o ABSOLUTE
    ../../microlib/string/memset.c           0x00000000   Number         0  memseta.o ABSOLUTE
    ../../microlib/stubs.s                   0x00000000   Number         0  iusefp.o ABSOLUTE
    ..\USER\SCR\AES.c                        0x00000000   Number         0  aes.o ABSOLUTE
    ..\USER\SCR\AppCRC.c                     0x00000000   Number         0  appcrc.o ABSOLUTE
    ..\USER\SCR\CPUID.c                      0x00000000   Number         0  cpuid.o ABSOLUTE
    ..\USER\SCR\Capher.c                     0x00000000   Number         0  capher.o ABSOLUTE
    ..\USER\SCR\CommHandle.c                 0x00000000   Number         0  commhandle.o ABSOLUTE
    ..\USER\SCR\FirmwareUpdate.c             0x00000000   Number         0  firmwareupdate.o ABSOLUTE
    ..\USER\SCR\FlashOpt.c                   0x00000000   Number         0  flashopt.o ABSOLUTE
    ..\USER\SCR\FramePack.c                  0x00000000   Number         0  framepack.o ABSOLUTE
    ..\USER\SCR\HardFaultProc.c              0x00000000   Number         0  hardfaultproc.o ABSOLUTE
    ..\USER\SCR\InitHW.c                     0x00000000   Number         0  inithw.o ABSOLUTE
    ..\USER\SCR\Queue.c                      0x00000000   Number         0  queue.o ABSOLUTE
    ..\USER\SCR\RTC.c                        0x00000000   Number         0  rtc.o ABSOLUTE
    ..\USER\SCR\SimuI2C.c                    0x00000000   Number         0  simui2c.o ABSOLUTE
    ..\USER\SCR\Timer.c                      0x00000000   Number         0  timer.o ABSOLUTE
    ..\USER\SCR\UART.C                       0x00000000   Number         0  uart.o ABSOLUTE
    ..\USER\SCR\UserLib.c                    0x00000000   Number         0  userlib.o ABSOLUTE
    ..\USER\SCR\WRProtect.c                  0x00000000   Number         0  wrprotect.o ABSOLUTE
    ..\USER\SCR\m_printf.c                   0x00000000   Number         0  m_printf.o ABSOLUTE
    ..\USER\SCR\main.c                       0x00000000   Number         0  main.o ABSOLUTE
    ..\\USER\\SCR\\AppCRC.c                  0x00000000   Number         0  appcrc.o ABSOLUTE
    ..\\USER\\SCR\\CPUID.c                   0x00000000   Number         0  cpuid.o ABSOLUTE
    ..\\USER\\SCR\\Capher.c                  0x00000000   Number         0  capher.o ABSOLUTE
    ..\\USER\\SCR\\CommHandle.c              0x00000000   Number         0  commhandle.o ABSOLUTE
    ..\\USER\\SCR\\FirmwareUpdate.c          0x00000000   Number         0  firmwareupdate.o ABSOLUTE
    ..\\USER\\SCR\\FlashOpt.c                0x00000000   Number         0  flashopt.o ABSOLUTE
    ..\\USER\\SCR\\FramePack.c               0x00000000   Number         0  framepack.o ABSOLUTE
    ..\\USER\\SCR\\HardFaultProc.c           0x00000000   Number         0  hardfaultproc.o ABSOLUTE
    ..\\USER\\SCR\\InitHW.c                  0x00000000   Number         0  inithw.o ABSOLUTE
    ..\\USER\\SCR\\RTC.c                     0x00000000   Number         0  rtc.o ABSOLUTE
    ..\\USER\\SCR\\SimuI2C.c                 0x00000000   Number         0  simui2c.o ABSOLUTE
    ..\\USER\\SCR\\Timer.c                   0x00000000   Number         0  timer.o ABSOLUTE
    ..\\USER\\SCR\\UART.C                    0x00000000   Number         0  uart.o ABSOLUTE
    ..\\USER\\SCR\\UserLib.c                 0x00000000   Number         0  userlib.o ABSOLUTE
    ..\\USER\\SCR\\WRProtect.c               0x00000000   Number         0  wrprotect.o ABSOLUTE
    ..\\USER\\SCR\\m_printf.c                0x00000000   Number         0  m_printf.o ABSOLUTE
    ..\\USER\\SCR\\main.c                    0x00000000   Number         0  main.o ABSOLUTE
    ..\\applications\\src\\stm32f4xx_it.c    0x00000000   Number         0  stm32f4xx_it.o ABSOLUTE
    ..\\librarys\\CMSIS\\Device\\ST\\STM32F4xx\\Source\\system_stm32f4xx.c 0x00000000   Number         0  system_stm32f4xx.o ABSOLUTE
    ..\\librarys\\STM32F4xx_StdPeriph_Driver\\src\\misc.c 0x00000000   Number         0  misc.o ABSOLUTE
    ..\\librarys\\STM32F4xx_StdPeriph_Driver\\src\\stm32f4xx_crc.c 0x00000000   Number         0  stm32f4xx_crc.o ABSOLUTE
    ..\\librarys\\STM32F4xx_StdPeriph_Driver\\src\\stm32f4xx_exti.c 0x00000000   Number         0  stm32f4xx_exti.o ABSOLUTE
    ..\\librarys\\STM32F4xx_StdPeriph_Driver\\src\\stm32f4xx_flash.c 0x00000000   Number         0  stm32f4xx_flash.o ABSOLUTE
    ..\\librarys\\STM32F4xx_StdPeriph_Driver\\src\\stm32f4xx_fsmc.c 0x00000000   Number         0  stm32f4xx_fsmc.o ABSOLUTE
    ..\\librarys\\STM32F4xx_StdPeriph_Driver\\src\\stm32f4xx_gpio.c 0x00000000   Number         0  stm32f4xx_gpio.o ABSOLUTE
    ..\\librarys\\STM32F4xx_StdPeriph_Driver\\src\\stm32f4xx_pwr.c 0x00000000   Number         0  stm32f4xx_pwr.o ABSOLUTE
    ..\\librarys\\STM32F4xx_StdPeriph_Driver\\src\\stm32f4xx_rcc.c 0x00000000   Number         0  stm32f4xx_rcc.o ABSOLUTE
    ..\\librarys\\STM32F4xx_StdPeriph_Driver\\src\\stm32f4xx_rng.c 0x00000000   Number         0  stm32f4xx_rng.o ABSOLUTE
    ..\\librarys\\STM32F4xx_StdPeriph_Driver\\src\\stm32f4xx_rtc.c 0x00000000   Number         0  stm32f4xx_rtc.o ABSOLUTE
    ..\\librarys\\STM32F4xx_StdPeriph_Driver\\src\\stm32f4xx_syscfg.c 0x00000000   Number         0  stm32f4xx_syscfg.o ABSOLUTE
    ..\\librarys\\STM32F4xx_StdPeriph_Driver\\src\\stm32f4xx_tim.c 0x00000000   Number         0  stm32f4xx_tim.o ABSOLUTE
    ..\\librarys\\STM32F4xx_StdPeriph_Driver\\src\\stm32f4xx_usart.c 0x00000000   Number         0  stm32f4xx_usart.o ABSOLUTE
    ..\\librarys\\STM32F4xx_StdPeriph_Driver\\src\\stm32f4xx_wwdg.c 0x00000000   Number         0  stm32f4xx_wwdg.o ABSOLUTE
    ..\\ucos\\port\\os_cpu_c.c               0x00000000   Number         0  os_cpu_c.o ABSOLUTE
    ..\applications\src\stm32f4xx_it.c       0x00000000   Number         0  stm32f4xx_it.o ABSOLUTE
    ..\librarys\CMSIS\Device\ST\STM32F4xx\Source\arm\startup_stm32f4xx.s 0x00000000   Number         0  startup_stm32f4xx.o ABSOLUTE
    ..\librarys\CMSIS\Device\ST\STM32F4xx\Source\system_stm32f4xx.c 0x00000000   Number         0  system_stm32f4xx.o ABSOLUTE
    ..\librarys\STM32F4xx_StdPeriph_Driver\src\misc.c 0x00000000   Number         0  misc.o ABSOLUTE
    ..\librarys\STM32F4xx_StdPeriph_Driver\src\stm32f4xx_crc.c 0x00000000   Number         0  stm32f4xx_crc.o ABSOLUTE
    ..\librarys\STM32F4xx_StdPeriph_Driver\src\stm32f4xx_exti.c 0x00000000   Number         0  stm32f4xx_exti.o ABSOLUTE
    ..\librarys\STM32F4xx_StdPeriph_Driver\src\stm32f4xx_flash.c 0x00000000   Number         0  stm32f4xx_flash.o ABSOLUTE
    ..\librarys\STM32F4xx_StdPeriph_Driver\src\stm32f4xx_fsmc.c 0x00000000   Number         0  stm32f4xx_fsmc.o ABSOLUTE
    ..\librarys\STM32F4xx_StdPeriph_Driver\src\stm32f4xx_gpio.c 0x00000000   Number         0  stm32f4xx_gpio.o ABSOLUTE
    ..\librarys\STM32F4xx_StdPeriph_Driver\src\stm32f4xx_pwr.c 0x00000000   Number         0  stm32f4xx_pwr.o ABSOLUTE
    ..\librarys\STM32F4xx_StdPeriph_Driver\src\stm32f4xx_rcc.c 0x00000000   Number         0  stm32f4xx_rcc.o ABSOLUTE
    ..\librarys\STM32F4xx_StdPeriph_Driver\src\stm32f4xx_rng.c 0x00000000   Number         0  stm32f4xx_rng.o ABSOLUTE
    ..\librarys\STM32F4xx_StdPeriph_Driver\src\stm32f4xx_rtc.c 0x00000000   Number         0  stm32f4xx_rtc.o ABSOLUTE
    ..\librarys\STM32F4xx_StdPeriph_Driver\src\stm32f4xx_syscfg.c 0x00000000   Number         0  stm32f4xx_syscfg.o ABSOLUTE
    ..\librarys\STM32F4xx_StdPeriph_Driver\src\stm32f4xx_tim.c 0x00000000   Number         0  stm32f4xx_tim.o ABSOLUTE
    ..\librarys\STM32F4xx_StdPeriph_Driver\src\stm32f4xx_usart.c 0x00000000   Number         0  stm32f4xx_usart.o ABSOLUTE
    ..\librarys\STM32F4xx_StdPeriph_Driver\src\stm32f4xx_wwdg.c 0x00000000   Number         0  stm32f4xx_wwdg.o ABSOLUTE
    ..\ucos\port\os_cpu_a.asm                0x00000000   Number         0  os_cpu_a.o ABSOLUTE
    ..\ucos\port\os_cpu_c.c                  0x00000000   Number         0  os_cpu_c.o ABSOLUTE
    ..\ucos\port\os_dbg_r.c                  0x00000000   Number         0  os_dbg_r.o ABSOLUTE
    ..\ucos\source\os_core.c                 0x00000000   Number         0  os_core.o ABSOLUTE
    ..\ucos\source\os_flag.c                 0x00000000   Number         0  os_flag.o ABSOLUTE
    ..\ucos\source\os_mbox.c                 0x00000000   Number         0  os_mbox.o ABSOLUTE
    ..\ucos\source\os_mem.c                  0x00000000   Number         0  os_mem.o ABSOLUTE
    ..\ucos\source\os_mutex.c                0x00000000   Number         0  os_mutex.o ABSOLUTE
    ..\ucos\source\os_q.c                    0x00000000   Number         0  os_q.o ABSOLUTE
    ..\ucos\source\os_sem.c                  0x00000000   Number         0  os_sem.o ABSOLUTE
    ..\ucos\source\os_task.c                 0x00000000   Number         0  os_task.o ABSOLUTE
    ..\ucos\source\os_time.c                 0x00000000   Number         0  os_time.o ABSOLUTE
    ..\ucos\source\os_tmr.c                  0x00000000   Number         0  os_tmr.o ABSOLUTE
    cdrcmple.s                               0x00000000   Number         0  cdrcmple.o ABSOLUTE
    dc.s                                     0x00000000   Number         0  dc.o ABSOLUTE
    handlers.s                               0x00000000   Number         0  handlers.o ABSOLUTE
    init.s                                   0x00000000   Number         0  init.o ABSOLUTE
    RESET                                    0x08000000   Section      392  startup_stm32f4xx.o(RESET)
    .ARM.Collect$$$$00000000                 0x08000188   Section        0  entry.o(.ARM.Collect$$$$00000000)
    .ARM.Collect$$$$00000001                 0x08000188   Section        4  entry2.o(.ARM.Collect$$$$00000001)
    .ARM.Collect$$$$00000004                 0x0800018c   Section        4  entry5.o(.ARM.Collect$$$$00000004)
    .ARM.Collect$$$$00000008                 0x08000190   Section        0  entry7b.o(.ARM.Collect$$$$00000008)
    .ARM.Collect$$$$00000009                 0x08000190   Section        8  entry8.o(.ARM.Collect$$$$00000009)
    .ARM.Collect$$$$00002712                 0x08000198   Section        4  entry2.o(.ARM.Collect$$$$00002712)
    __lit__00000000                          0x08000198   Data           4  entry2.o(.ARM.Collect$$$$00002712)
    .emb_text                                0x0800019c   Section       52  commhandle.o(.emb_text)
    $v0                                      0x0800019c   Number         0  commhandle.o(.emb_text)
    .text                                    0x080001d0   Section       44  startup_stm32f4xx.o(.text)
    $v0                                      0x080001d0   Number         0  startup_stm32f4xx.o(.text)
    .text                                    0x080001fc   Section      180  os_cpu_a.o(.text)
    $v0                                      0x080001fc   Number         0  os_cpu_a.o(.text)
    .text                                    0x080002b0   Section        0  memseta.o(.text)
    .text                                    0x080002d6   Section        0  uldiv.o(.text)
    .text                                    0x08000338   Section       36  init.o(.text)
    .text                                    0x0800035c   Section        0  llshl.o(.text)
    .text                                    0x0800037a   Section        0  llushr.o(.text)
    .text                                    0x0800039a   Section        0  __dczerorl2.o(.text)
    i.AppCRC                                 0x080003f8   Section        0  appcrc.o(i.AppCRC)
    i.BusFault_Handler                       0x0800043c   Section        0  stm32f4xx_it.o(i.BusFault_Handler)
    i.CalculateCRC                           0x08000440   Section        0  framepack.o(i.CalculateCRC)
    i.CheckProgramData                       0x08000474   Section        0  flashopt.o(i.CheckProgramData)
    i.Data2Flash                             0x080004ac   Section        0  flashopt.o(i.Data2Flash)
    i.DataAreaWRPLock                        0x08000528   Section        0  wrprotect.o(i.DataAreaWRPLock)
    i.DataAreaWRPUnlock                      0x080005c4   Section        0  wrprotect.o(i.DataAreaWRPUnlock)
    i.DebugMon_Handler                       0x08000688   Section        0  stm32f4xx_it.o(i.DebugMon_Handler)
    i.Delay                                  0x0800068a   Section        0  userlib.o(i.Delay)
    i.DesKeyProc                             0x08000698   Section        0  capher.o(i.DesKeyProc)
    i.EXTI_ClearITPendingBit                 0x08000744   Section        0  stm32f4xx_exti.o(i.EXTI_ClearITPendingBit)
    i.EXTI_Init                              0x08000750   Section        0  stm32f4xx_exti.o(i.EXTI_Init)
    i.ExecFrame                              0x080007e4   Section        0  commhandle.o(i.ExecFrame)
    ExecFrame                                0x080007e5   Thumb Code   108  commhandle.o(i.ExecFrame)
    i.FLASH_ClearFlag                        0x08000854   Section        0  stm32f4xx_flash.o(i.FLASH_ClearFlag)
    i.FLASH_EraseSector                      0x08000860   Section        0  stm32f4xx_flash.o(i.FLASH_EraseSector)
    i.FLASH_GetStatus                        0x080008e8   Section        0  stm32f4xx_flash.o(i.FLASH_GetStatus)
    i.FLASH_Lock                             0x08000930   Section        0  stm32f4xx_flash.o(i.FLASH_Lock)
    i.FLASH_OB_GetRDP                        0x08000944   Section        0  stm32f4xx_flash.o(i.FLASH_OB_GetRDP)
    i.FLASH_OB_GetWRP                        0x0800095c   Section        0  stm32f4xx_flash.o(i.FLASH_OB_GetWRP)
    i.FLASH_OB_Launch                        0x08000968   Section        0  stm32f4xx_flash.o(i.FLASH_OB_Launch)
    i.FLASH_OB_Lock                          0x08000988   Section        0  stm32f4xx_flash.o(i.FLASH_OB_Lock)
    i.FLASH_OB_RDPConfig                     0x0800099c   Section        0  stm32f4xx_flash.o(i.FLASH_OB_RDPConfig)
    i.FLASH_OB_Unlock                        0x080009b8   Section        0  stm32f4xx_flash.o(i.FLASH_OB_Unlock)
    i.FLASH_OB_WRPConfig                     0x080009dc   Section        0  stm32f4xx_flash.o(i.FLASH_OB_WRPConfig)
    i.FLASH_ProgramByte                      0x08000a10   Section        0  stm32f4xx_flash.o(i.FLASH_ProgramByte)
    i.FLASH_Unlock                           0x08000a5c   Section        0  stm32f4xx_flash.o(i.FLASH_Unlock)
    i.FLASH_WaitForLastOperation             0x08000a90   Section        0  stm32f4xx_flash.o(i.FLASH_WaitForLastOperation)
    i.FetchFromQ                             0x08000aaa   Section        0  queue.o(i.FetchFromQ)
    i.FirmwDateUpdate                        0x08000ad0   Section        0  firmwareupdate.o(i.FirmwDateUpdate)
    i.FlashWRPLock                           0x08000c24   Section        0  wrprotect.o(i.FlashWRPLock)
    i.FlashWRPUnlock                         0x08000c48   Section        0  wrprotect.o(i.FlashWRPUnlock)
    i.FrameParseExec                         0x08000c70   Section        0  commhandle.o(i.FrameParseExec)
    i.GPIO_Config                            0x08000cb0   Section        0  inithw.o(i.GPIO_Config)
    i.GPIO_Init                              0x08000d24   Section        0  stm32f4xx_gpio.o(i.GPIO_Init)
    i.GPIO_PinAFConfig                       0x08000db4   Section        0  stm32f4xx_gpio.o(i.GPIO_PinAFConfig)
    i.GPIO_ResetBits                         0x08000dfa   Section        0  stm32f4xx_gpio.o(i.GPIO_ResetBits)
    i.GPIO_SetBits                           0x08000dfe   Section        0  stm32f4xx_gpio.o(i.GPIO_SetBits)
    i.GetSector                              0x08000e04   Section        0  flashopt.o(i.GetSector)
    i.GetSectorSize                          0x08000ee8   Section        0  flashopt.o(i.GetSectorSize)
    i.HardFault_Handler_proc                 0x08000f3c   Section        0  hardfaultproc.o(i.HardFault_Handler_proc)
    i.InitApp                                0x08001104   Section        0  main.o(i.InitApp)
    i.InitBoardDev                           0x0800110c   Section        0  main.o(i.InitBoardDev)
    i.InitComm                               0x08001158   Section        0  commhandle.o(i.InitComm)
    i.InitQueue                              0x08001194   Section        0  queue.o(i.InitQueue)
    i.InitRTC                                0x080011b8   Section        0  rtc.o(i.InitRTC)
    i.InitSimuI2C                            0x080011fc   Section        0  simui2c.o(i.InitSimuI2C)
    i.InitTimer2                             0x08001258   Section        0  timer.o(i.InitTimer2)
    i.InitTimer5                             0x080012e8   Section        0  timer.o(i.InitTimer5)
    i.InitUART                               0x08001378   Section        0  uart.o(i.InitUART)
    i.InitUARTQBuff                          0x080014b4   Section        0  uart.o(i.InitUARTQBuff)
    i.MemManage_Handler                      0x080014fc   Section        0  stm32f4xx_it.o(i.MemManage_Handler)
    i.MemoryCmp                              0x08001500   Section        0  userlib.o(i.MemoryCmp)
    i.NMI_Handler                            0x08001522   Section        0  stm32f4xx_it.o(i.NMI_Handler)
    i.NVIC_Init                              0x08001544   Section        0  misc.o(i.NVIC_Init)
    i.OSTaskSwHook                           0x080015bc   Section        0  os_cpu_c.o(i.OSTaskSwHook)
    i.PWR_BackupAccessCmd                    0x080015c0   Section        0  stm32f4xx_pwr.o(i.PWR_BackupAccessCmd)
    i.ParseFrame                             0x080015cc   Section        0  commhandle.o(i.ParseFrame)
    i.ProgramFlashErase                      0x080017c0   Section        0  flashopt.o(i.ProgramFlashErase)
    i.RCC_AHB1PeriphClockCmd                 0x0800181c   Section        0  stm32f4xx_rcc.o(i.RCC_AHB1PeriphClockCmd)
    i.RCC_APB1PeriphClockCmd                 0x0800183c   Section        0  stm32f4xx_rcc.o(i.RCC_APB1PeriphClockCmd)
    i.RCC_APB2PeriphClockCmd                 0x0800185c   Section        0  stm32f4xx_rcc.o(i.RCC_APB2PeriphClockCmd)
    i.RCC_BackupResetCmd                     0x0800187c   Section        0  stm32f4xx_rcc.o(i.RCC_BackupResetCmd)
    i.RCC_ClearITPendingBit                  0x08001888   Section        0  stm32f4xx_rcc.o(i.RCC_ClearITPendingBit)
    i.RCC_GetClocksFreq                      0x08001894   Section        0  stm32f4xx_rcc.o(i.RCC_GetClocksFreq)
    i.RCC_GetFlagStatus                      0x08001974   Section        0  stm32f4xx_rcc.o(i.RCC_GetFlagStatus)
    i.RCC_GetITStatus                        0x080019b4   Section        0  stm32f4xx_rcc.o(i.RCC_GetITStatus)
    i.RCC_HSEConfig                          0x080019cc   Section        0  stm32f4xx_rcc.o(i.RCC_HSEConfig)
    i.RCC_ITConfig                           0x080019dc   Section        0  stm32f4xx_rcc.o(i.RCC_ITConfig)
    i.RCC_LSEConfig                          0x08001a00   Section        0  stm32f4xx_rcc.o(i.RCC_LSEConfig)
    i.RCC_RTCCLKCmd                          0x08001a2c   Section        0  stm32f4xx_rcc.o(i.RCC_RTCCLKCmd)
    i.RCC_RTCCLKConfig                       0x08001a38   Section        0  stm32f4xx_rcc.o(i.RCC_RTCCLKConfig)
    i.RTC_AlarmCmd                           0x08001a74   Section        0  stm32f4xx_rtc.o(i.RTC_AlarmCmd)
    i.RTC_AlarmConfig                        0x08001ae4   Section        0  rtc.o(i.RTC_AlarmConfig)
    i.RTC_AlarmSubSecondConfig               0x08001b68   Section        0  stm32f4xx_rtc.o(i.RTC_AlarmSubSecondConfig)
    i.RTC_Alarm_IRQHandler                   0x08001b9c   Section        0  rtc.o(i.RTC_Alarm_IRQHandler)
    i.RTC_Bcd2ToByte                         0x08001bfc   Section        0  stm32f4xx_rtc.o(i.RTC_Bcd2ToByte)
    RTC_Bcd2ToByte                           0x08001bfd   Thumb Code    22  stm32f4xx_rtc.o(i.RTC_Bcd2ToByte)
    i.RTC_ByteToBcd2                         0x08001c12   Section        0  stm32f4xx_rtc.o(i.RTC_ByteToBcd2)
    RTC_ByteToBcd2                           0x08001c13   Thumb Code    28  stm32f4xx_rtc.o(i.RTC_ByteToBcd2)
    i.RTC_ClearFlag                          0x08001c30   Section        0  stm32f4xx_rtc.o(i.RTC_ClearFlag)
    i.RTC_ClearITPendingBit                  0x08001c4c   Section        0  stm32f4xx_rtc.o(i.RTC_ClearITPendingBit)
    i.RTC_Config                             0x08001c6c   Section        0  rtc.o(i.RTC_Config)
    i.RTC_EnterInitMode                      0x08001cb8   Section        0  stm32f4xx_rtc.o(i.RTC_EnterInitMode)
    i.RTC_ExitInitMode                       0x08001d00   Section        0  stm32f4xx_rtc.o(i.RTC_ExitInitMode)
    i.RTC_GetITStatus                        0x08001d14   Section        0  stm32f4xx_rtc.o(i.RTC_GetITStatus)
    i.RTC_ITConfig                           0x08001d54   Section        0  stm32f4xx_rtc.o(i.RTC_ITConfig)
    i.RTC_Init                               0x08001db8   Section        0  stm32f4xx_rtc.o(i.RTC_Init)
    i.RTC_ReadBackupRegister                 0x08001e1c   Section        0  stm32f4xx_rtc.o(i.RTC_ReadBackupRegister)
    i.RTC_SetAlarm                           0x08001e30   Section        0  stm32f4xx_rtc.o(i.RTC_SetAlarm)
    i.RTC_WaitForSynchro                     0x08001f1c   Section        0  stm32f4xx_rtc.o(i.RTC_WaitForSynchro)
    i.RTC_WriteBackupRegister                0x08001f74   Section        0  stm32f4xx_rtc.o(i.RTC_WriteBackupRegister)
    i.ReadCPUID                              0x08001f84   Section        0  cpuid.o(i.ReadCPUID)
    i.SVC_Handler                            0x08001fa8   Section        0  stm32f4xx_it.o(i.SVC_Handler)
    i.SendFrame                              0x08001faa   Section        0  framepack.o(i.SendFrame)
    i.SetSysClock                            0x08001fe8   Section        0  system_stm32f4xx.o(i.SetSysClock)
    SetSysClock                              0x08001fe9   Thumb Code   198  system_stm32f4xx.o(i.SetSysClock)
    i.StartDesProc                           0x080020c0   Section        0  capher.o(i.StartDesProc)
    i.StartFireWareUpdate                    0x08002130   Section        0  firmwareupdate.o(i.StartFireWareUpdate)
    i.Store2Q                                0x08002204   Section        0  queue.o(i.Store2Q)
    i.StoreKey                               0x08002230   Section        0  capher.o(i.StoreKey)
    i.SysTick_Handler                        0x08002250   Section        0  stm32f4xx_it.o(i.SysTick_Handler)
    i.SystemInit                             0x08002254   Section        0  system_stm32f4xx.o(i.SystemInit)
    i.SystemResetProc                        0x080022bc   Section        0  commhandle.o(i.SystemResetProc)
    i.TIM2_IRQHandler                        0x0800232c   Section        0  timer.o(i.TIM2_IRQHandler)
    i.TIM3_IRQHandler                        0x08002360   Section        0  timer.o(i.TIM3_IRQHandler)
    i.TIM4_IRQHandler                        0x08002388   Section        0  timer.o(i.TIM4_IRQHandler)
    i.TIM5_IRQHandler                        0x080023a4   Section        0  timer.o(i.TIM5_IRQHandler)
    i.TIM7_IRQHandler                        0x080023cc   Section        0  timer.o(i.TIM7_IRQHandler)
    i.TIM_ClearITPendingBit                  0x080023f4   Section        0  stm32f4xx_tim.o(i.TIM_ClearITPendingBit)
    i.TIM_Cmd                                0x080023fa   Section        0  stm32f4xx_tim.o(i.TIM_Cmd)
    i.TIM_GetITStatus                        0x08002412   Section        0  stm32f4xx_tim.o(i.TIM_GetITStatus)
    i.TIM_ITConfig                           0x08002438   Section        0  stm32f4xx_tim.o(i.TIM_ITConfig)
    i.TIM_TimeBaseInit                       0x08002450   Section        0  stm32f4xx_tim.o(i.TIM_TimeBaseInit)
    i.UARTSendFrame                          0x080024d4   Section        0  framepack.o(i.UARTSendFrame)
    i.UART_SendBytes                         0x08002508   Section        0  uart.o(i.UART_SendBytes)
    i.USART1_IRQHandler                      0x08002534   Section        0  uart.o(i.USART1_IRQHandler)
    i.USART2_IRQHandler                      0x08002570   Section        0  uart.o(i.USART2_IRQHandler)
    i.USART_ClearITPendingBit                0x080025a4   Section        0  stm32f4xx_usart.o(i.USART_ClearITPendingBit)
    i.USART_Cmd                              0x080025c2   Section        0  stm32f4xx_usart.o(i.USART_Cmd)
    i.USART_GetFlagStatus                    0x080025da   Section        0  stm32f4xx_usart.o(i.USART_GetFlagStatus)
    i.USART_GetITStatus                      0x080025f4   Section        0  stm32f4xx_usart.o(i.USART_GetITStatus)
    i.USART_ITConfig                         0x0800264c   Section        0  stm32f4xx_usart.o(i.USART_ITConfig)
    i.USART_Init                             0x08002698   Section        0  stm32f4xx_usart.o(i.USART_Init)
    i.USART_SendData                         0x0800276c   Section        0  stm32f4xx_usart.o(i.USART_SendData)
    i.UsageFault_Handler                     0x08002774   Section        0  stm32f4xx_it.o(i.UsageFault_Handler)
    i.WRP                                    0x08002778   Section        0  wrprotect.o(i.WRP)
    i.__0printf$5                            0x080027c8   Section        0  printf5.o(i.__0printf$5)
    i.__scatterload_copy                     0x080027e8   Section       14  handlers.o(i.__scatterload_copy)
    i.__scatterload_null                     0x080027f6   Section        2  handlers.o(i.__scatterload_null)
    i.__scatterload_zeroinit                 0x080027f8   Section       14  handlers.o(i.__scatterload_zeroinit)
    i._printf_core                           0x08002808   Section        0  printf5.o(i._printf_core)
    _printf_core                             0x08002809   Thumb Code   676  printf5.o(i._printf_core)
    i.fputc                                  0x08002ad8   Section        0  m_printf.o(i.fputc)
    i.main                                   0x08002afc   Section        0  main.o(i.main)
    .data                                    0x20000000   Section        1  main.o(.data)
    .data                                    0x20000004   Section        8  commhandle.o(.data)
    pCF                                      0x20000004   Data           4  commhandle.o(.data)
    .data                                    0x2000000c   Section        8  m_printf.o(.data)
    .data                                    0x20000014   Section      192  flashopt.o(.data)
    .data                                    0x200000d4   Section       16  capher.o(.data)
    .data                                    0x200000e4   Section       20  firmwareupdate.o(.data)
    .data                                    0x200000f8   Section       32  wrprotect.o(.data)
    .data                                    0x20000118   Section        4  uart.o(.data)
    .data                                    0x2000011c   Section       36  timer.o(.data)
    .data                                    0x20000140   Section        9  rtc.o(.data)
    sys_Led_run                              0x20000148   Data           1  rtc.o(.data)
    .data                                    0x20000149   Section       16  stm32f4xx_rcc.o(.data)
    APBAHBPrescTable                         0x20000149   Data          16  stm32f4xx_rcc.o(.data)
    .data                                    0x2000015c   Section       76  os_core.o(.data)
    .bss                                     0x200001a8   Section    10720  commhandle.o(.bss)
    CommFrame                                0x200001a8   Data        2512  commhandle.o(.bss)
    .bss                                     0x20002b88   Section     8207  uart.o(.bss)
    STACK                                    0x20004b98   Section     1024  startup_stm32f4xx.o(STACK)

    Global Symbols

    Symbol Name                              Value     Ov Type        Size  Object(Section)

    BuildAttributes$$THM_ISAv4$E$P$D$K$B$S$7EM$VFPi3$EXTD16$VFPS$VFMA$PE$A:L22UL41UL21$X:L11$S22US41US21$IEEE1$IW$USESV6$~STKCKD$USESV7$~SHL$OSPACE$ROPI$EBA8$MICROLIB$REQ8$PRES8$EABIv2 0x00000000   Number         0  anon$$obj.o ABSOLUTE
    __ARM_use_no_argv                        0x00000000   Number         0  main.o ABSOLUTE
    _printf_a                                0x00000000   Number         0  stubs.o ABSOLUTE
    _printf_c                                0x00000000   Number         0  stubs.o ABSOLUTE
    _printf_charcount                        0x00000000   Number         0  stubs.o ABSOLUTE
    _printf_d                                0x00000000   Number         0  stubs.o ABSOLUTE
    _printf_e                                0x00000000   Number         0  stubs.o ABSOLUTE
    _printf_f                                0x00000000   Number         0  stubs.o ABSOLUTE
    _printf_flags                            0x00000000   Number         0  stubs.o ABSOLUTE
    _printf_fp_dec                           0x00000000   Number         0  stubs.o ABSOLUTE
    _printf_fp_hex                           0x00000000   Number         0  stubs.o ABSOLUTE
    _printf_g                                0x00000000   Number         0  stubs.o ABSOLUTE
    _printf_i                                0x00000000   Number         0  stubs.o ABSOLUTE
    _printf_int_dec                          0x00000000   Number         0  stubs.o ABSOLUTE
    _printf_l                                0x00000000   Number         0  stubs.o ABSOLUTE
    _printf_lc                               0x00000000   Number         0  stubs.o ABSOLUTE
    _printf_ll                               0x00000000   Number         0  stubs.o ABSOLUTE
    _printf_lld                              0x00000000   Number         0  stubs.o ABSOLUTE
    _printf_lli                              0x00000000   Number         0  stubs.o ABSOLUTE
    _printf_llo                              0x00000000   Number         0  stubs.o ABSOLUTE
    _printf_llu                              0x00000000   Number         0  stubs.o ABSOLUTE
    _printf_llx                              0x00000000   Number         0  stubs.o ABSOLUTE
    _printf_longlong_dec                     0x00000000   Number         0  stubs.o ABSOLUTE
    _printf_longlong_hex                     0x00000000   Number         0  stubs.o ABSOLUTE
    _printf_longlong_oct                     0x00000000   Number         0  stubs.o ABSOLUTE
    _printf_ls                               0x00000000   Number         0  stubs.o ABSOLUTE
    _printf_mbtowc                           0x00000000   Number         0  stubs.o ABSOLUTE
    _printf_n                                0x00000000   Number         0  stubs.o ABSOLUTE
    _printf_o                                0x00000000   Number         0  stubs.o ABSOLUTE
    _printf_p                                0x00000000   Number         0  stubs.o ABSOLUTE
    _printf_percent                          0x00000000   Number         0  stubs.o ABSOLUTE
    _printf_pre_padding                      0x00000000   Number         0  stubs.o ABSOLUTE
    _printf_return_value                     0x00000000   Number         0  stubs.o ABSOLUTE
    _printf_s                                0x00000000   Number         0  stubs.o ABSOLUTE
    _printf_sizespec                         0x00000000   Number         0  stubs.o ABSOLUTE
    _printf_str                              0x00000000   Number         0  stubs.o ABSOLUTE
    _printf_truncate_signed                  0x00000000   Number         0  stubs.o ABSOLUTE
    _printf_truncate_unsigned                0x00000000   Number         0  stubs.o ABSOLUTE
    _printf_u                                0x00000000   Number         0  stubs.o ABSOLUTE
    _printf_wc                               0x00000000   Number         0  stubs.o ABSOLUTE
    _printf_wctomb                           0x00000000   Number         0  stubs.o ABSOLUTE
    _printf_widthprec                        0x00000000   Number         0  stubs.o ABSOLUTE
    _printf_x                                0x00000000   Number         0  stubs.o ABSOLUTE
    _clock_init                               - Undefined Weak Reference
    __Vectors_Size                           0x00000188   Number         0  startup_stm32f4xx.o ABSOLUTE
    __Vectors                                0x08000000   Data           4  startup_stm32f4xx.o(RESET)
    __Vectors_End                            0x08000188   Data           0  startup_stm32f4xx.o(RESET)
    __main                                   0x08000189   Thumb Code     0  entry.o(.ARM.Collect$$$$00000000)
    _main_stk                                0x08000189   Thumb Code     0  entry2.o(.ARM.Collect$$$$00000001)
    _main_scatterload                        0x0800018d   Thumb Code     0  entry5.o(.ARM.Collect$$$$00000004)
    __main_after_scatterload                 0x08000191   Thumb Code     0  entry5.o(.ARM.Collect$$$$00000004)
    _main_clock                              0x08000191   Thumb Code     0  entry7b.o(.ARM.Collect$$$$00000008)
    _main_init                               0x08000191   Thumb Code     0  entry8.o(.ARM.Collect$$$$00000009)
    __asm___12_CommHandle_c_InitComm____REV16 0x0800019d   Thumb Code     4  commhandle.o(.emb_text)
    __asm___12_CommHandle_c_InitComm____REVSH 0x080001a1   Thumb Code     4  commhandle.o(.emb_text)
    SystemReset                              0x080001a5   Thumb Code    16  commhandle.o(.emb_text)
    RunApp                                   0x080001bd   Thumb Code    10  commhandle.o(.emb_text)
    Reset_Handler                            0x080001d1   Thumb Code     4  startup_stm32f4xx.o(.text)
    HardFault_Handler                        0x080001d7   Thumb Code    18  startup_stm32f4xx.o(.text)
    ADC_IRQHandler                           0x080001f7   Thumb Code     0  startup_stm32f4xx.o(.text)
    CAN1_RX0_IRQHandler                      0x080001f7   Thumb Code     0  startup_stm32f4xx.o(.text)
    CAN1_RX1_IRQHandler                      0x080001f7   Thumb Code     0  startup_stm32f4xx.o(.text)
    CAN1_SCE_IRQHandler                      0x080001f7   Thumb Code     0  startup_stm32f4xx.o(.text)
    CAN1_TX_IRQHandler                       0x080001f7   Thumb Code     0  startup_stm32f4xx.o(.text)
    CAN2_RX0_IRQHandler                      0x080001f7   Thumb Code     0  startup_stm32f4xx.o(.text)
    CAN2_RX1_IRQHandler                      0x080001f7   Thumb Code     0  startup_stm32f4xx.o(.text)
    CAN2_SCE_IRQHandler                      0x080001f7   Thumb Code     0  startup_stm32f4xx.o(.text)
    CAN2_TX_IRQHandler                       0x080001f7   Thumb Code     0  startup_stm32f4xx.o(.text)
    CRYP_IRQHandler                          0x080001f7   Thumb Code     0  startup_stm32f4xx.o(.text)
    DCMI_IRQHandler                          0x080001f7   Thumb Code     0  startup_stm32f4xx.o(.text)
    DMA1_Stream0_IRQHandler                  0x080001f7   Thumb Code     0  startup_stm32f4xx.o(.text)
    DMA1_Stream1_IRQHandler                  0x080001f7   Thumb Code     0  startup_stm32f4xx.o(.text)
    DMA1_Stream2_IRQHandler                  0x080001f7   Thumb Code     0  startup_stm32f4xx.o(.text)
    DMA1_Stream3_IRQHandler                  0x080001f7   Thumb Code     0  startup_stm32f4xx.o(.text)
    DMA1_Stream4_IRQHandler                  0x080001f7   Thumb Code     0  startup_stm32f4xx.o(.text)
    DMA1_Stream5_IRQHandler                  0x080001f7   Thumb Code     0  startup_stm32f4xx.o(.text)
    DMA1_Stream6_IRQHandler                  0x080001f7   Thumb Code     0  startup_stm32f4xx.o(.text)
    DMA1_Stream7_IRQHandler                  0x080001f7   Thumb Code     0  startup_stm32f4xx.o(.text)
    DMA2_Stream0_IRQHandler                  0x080001f7   Thumb Code     0  startup_stm32f4xx.o(.text)
    DMA2_Stream1_IRQHandler                  0x080001f7   Thumb Code     0  startup_stm32f4xx.o(.text)
    DMA2_Stream2_IRQHandler                  0x080001f7   Thumb Code     0  startup_stm32f4xx.o(.text)
    DMA2_Stream3_IRQHandler                  0x080001f7   Thumb Code     0  startup_stm32f4xx.o(.text)
    DMA2_Stream4_IRQHandler                  0x080001f7   Thumb Code     0  startup_stm32f4xx.o(.text)
    DMA2_Stream5_IRQHandler                  0x080001f7   Thumb Code     0  startup_stm32f4xx.o(.text)
    DMA2_Stream6_IRQHandler                  0x080001f7   Thumb Code     0  startup_stm32f4xx.o(.text)
    DMA2_Stream7_IRQHandler                  0x080001f7   Thumb Code     0  startup_stm32f4xx.o(.text)
    ETH_IRQHandler                           0x080001f7   Thumb Code     0  startup_stm32f4xx.o(.text)
    ETH_WKUP_IRQHandler                      0x080001f7   Thumb Code     0  startup_stm32f4xx.o(.text)
    EXTI0_IRQHandler                         0x080001f7   Thumb Code     0  startup_stm32f4xx.o(.text)
    EXTI15_10_IRQHandler                     0x080001f7   Thumb Code     0  startup_stm32f4xx.o(.text)
    EXTI1_IRQHandler                         0x080001f7   Thumb Code     0  startup_stm32f4xx.o(.text)
    EXTI2_IRQHandler                         0x080001f7   Thumb Code     0  startup_stm32f4xx.o(.text)
    EXTI3_IRQHandler                         0x080001f7   Thumb Code     0  startup_stm32f4xx.o(.text)
    EXTI4_IRQHandler                         0x080001f7   Thumb Code     0  startup_stm32f4xx.o(.text)
    EXTI9_5_IRQHandler                       0x080001f7   Thumb Code     0  startup_stm32f4xx.o(.text)
    FLASH_IRQHandler                         0x080001f7   Thumb Code     0  startup_stm32f4xx.o(.text)
    FPU_IRQHandler                           0x080001f7   Thumb Code     0  startup_stm32f4xx.o(.text)
    FSMC_IRQHandler                          0x080001f7   Thumb Code     0  startup_stm32f4xx.o(.text)
    HASH_RNG_IRQHandler                      0x080001f7   Thumb Code     0  startup_stm32f4xx.o(.text)
    I2C1_ER_IRQHandler                       0x080001f7   Thumb Code     0  startup_stm32f4xx.o(.text)
    I2C1_EV_IRQHandler                       0x080001f7   Thumb Code     0  startup_stm32f4xx.o(.text)
    I2C2_ER_IRQHandler                       0x080001f7   Thumb Code     0  startup_stm32f4xx.o(.text)
    I2C2_EV_IRQHandler                       0x080001f7   Thumb Code     0  startup_stm32f4xx.o(.text)
    I2C3_ER_IRQHandler                       0x080001f7   Thumb Code     0  startup_stm32f4xx.o(.text)
    I2C3_EV_IRQHandler                       0x080001f7   Thumb Code     0  startup_stm32f4xx.o(.text)
    OTG_FS_IRQHandler                        0x080001f7   Thumb Code     0  startup_stm32f4xx.o(.text)
    OTG_FS_WKUP_IRQHandler                   0x080001f7   Thumb Code     0  startup_stm32f4xx.o(.text)
    OTG_HS_EP1_IN_IRQHandler                 0x080001f7   Thumb Code     0  startup_stm32f4xx.o(.text)
    OTG_HS_EP1_OUT_IRQHandler                0x080001f7   Thumb Code     0  startup_stm32f4xx.o(.text)
    OTG_HS_IRQHandler                        0x080001f7   Thumb Code     0  startup_stm32f4xx.o(.text)
    OTG_HS_WKUP_IRQHandler                   0x080001f7   Thumb Code     0  startup_stm32f4xx.o(.text)
    PVD_IRQHandler                           0x080001f7   Thumb Code     0  startup_stm32f4xx.o(.text)
    RCC_IRQHandler                           0x080001f7   Thumb Code     0  startup_stm32f4xx.o(.text)
    RTC_WKUP_IRQHandler                      0x080001f7   Thumb Code     0  startup_stm32f4xx.o(.text)
    SDIO_IRQHandler                          0x080001f7   Thumb Code     0  startup_stm32f4xx.o(.text)
    SPI1_IRQHandler                          0x080001f7   Thumb Code     0  startup_stm32f4xx.o(.text)
    SPI2_IRQHandler                          0x080001f7   Thumb Code     0  startup_stm32f4xx.o(.text)
    SPI3_IRQHandler                          0x080001f7   Thumb Code     0  startup_stm32f4xx.o(.text)
    TAMP_STAMP_IRQHandler                    0x080001f7   Thumb Code     0  startup_stm32f4xx.o(.text)
    TIM1_BRK_TIM9_IRQHandler                 0x080001f7   Thumb Code     0  startup_stm32f4xx.o(.text)
    TIM1_CC_IRQHandler                       0x080001f7   Thumb Code     0  startup_stm32f4xx.o(.text)
    TIM1_TRG_COM_TIM11_IRQHandler            0x080001f7   Thumb Code     0  startup_stm32f4xx.o(.text)
    TIM1_UP_TIM10_IRQHandler                 0x080001f7   Thumb Code     0  startup_stm32f4xx.o(.text)
    TIM6_DAC_IRQHandler                      0x080001f7   Thumb Code     0  startup_stm32f4xx.o(.text)
    TIM8_BRK_TIM12_IRQHandler                0x080001f7   Thumb Code     0  startup_stm32f4xx.o(.text)
    TIM8_CC_IRQHandler                       0x080001f7   Thumb Code     0  startup_stm32f4xx.o(.text)
    TIM8_TRG_COM_TIM14_IRQHandler            0x080001f7   Thumb Code     0  startup_stm32f4xx.o(.text)
    TIM8_UP_TIM13_IRQHandler                 0x080001f7   Thumb Code     0  startup_stm32f4xx.o(.text)
    UART4_IRQHandler                         0x080001f7   Thumb Code     0  startup_stm32f4xx.o(.text)
    UART5_IRQHandler                         0x080001f7   Thumb Code     0  startup_stm32f4xx.o(.text)
    USART3_IRQHandler                        0x080001f7   Thumb Code     0  startup_stm32f4xx.o(.text)
    USART6_IRQHandler                        0x080001f7   Thumb Code     0  startup_stm32f4xx.o(.text)
    WWDG_IRQHandler                          0x080001f7   Thumb Code     0  startup_stm32f4xx.o(.text)
    OS_CPU_SR_Save                           0x080001fd   Thumb Code     0  os_cpu_a.o(.text)
    OS_CPU_SR_Restore                        0x08000205   Thumb Code     0  os_cpu_a.o(.text)
    OSStartHighRdy                           0x0800020b   Thumb Code     0  os_cpu_a.o(.text)
    OSCtxSw                                  0x08000237   Thumb Code     0  os_cpu_a.o(.text)
    OSIntCtxSw                               0x08000241   Thumb Code     0  os_cpu_a.o(.text)
    PendSV_Handler                           0x0800024b   Thumb Code     0  os_cpu_a.o(.text)
    __aeabi_memset                           0x080002b1   Thumb Code    14  memseta.o(.text)
    __aeabi_memset4                          0x080002b1   Thumb Code     0  memseta.o(.text)
    __aeabi_memset8                          0x080002b1   Thumb Code     0  memseta.o(.text)
    __aeabi_memclr                           0x080002bf   Thumb Code     4  memseta.o(.text)
    __aeabi_memclr4                          0x080002bf   Thumb Code     0  memseta.o(.text)
    __aeabi_memclr8                          0x080002bf   Thumb Code     0  memseta.o(.text)
    _memset$wrapper                          0x080002c3   Thumb Code    20  memseta.o(.text)
    __aeabi_uldivmod                         0x080002d7   Thumb Code    98  uldiv.o(.text)
    __scatterload                            0x08000339   Thumb Code    28  init.o(.text)
    __scatterload_rt2                        0x08000339   Thumb Code     0  init.o(.text)
    __aeabi_llsl                             0x0800035d   Thumb Code    30  llshl.o(.text)
    _ll_shift_l                              0x0800035d   Thumb Code     0  llshl.o(.text)
    __aeabi_llsr                             0x0800037b   Thumb Code    32  llushr.o(.text)
    _ll_ushift_r                             0x0800037b   Thumb Code     0  llushr.o(.text)
    __decompress                             0x0800039b   Thumb Code     0  __dczerorl2.o(.text)
    __decompress1                            0x0800039b   Thumb Code    92  __dczerorl2.o(.text)
    AppCRC                                   0x080003f9   Thumb Code    58  appcrc.o(i.AppCRC)
    BusFault_Handler                         0x0800043d   Thumb Code     4  stm32f4xx_it.o(i.BusFault_Handler)
    CalculateCRC                             0x08000441   Thumb Code    52  framepack.o(i.CalculateCRC)
    CheckProgramData                         0x08000475   Thumb Code    56  flashopt.o(i.CheckProgramData)
    Data2Flash                               0x080004ad   Thumb Code   122  flashopt.o(i.Data2Flash)
    DataAreaWRPLock                          0x08000529   Thumb Code   152  wrprotect.o(i.DataAreaWRPLock)
    DataAreaWRPUnlock                        0x080005c5   Thumb Code   190  wrprotect.o(i.DataAreaWRPUnlock)
    DebugMon_Handler                         0x08000689   Thumb Code     2  stm32f4xx_it.o(i.DebugMon_Handler)
    Delay                                    0x0800068b   Thumb Code    12  userlib.o(i.Delay)
    DesKeyProc                               0x08000699   Thumb Code   166  capher.o(i.DesKeyProc)
    EXTI_ClearITPendingBit                   0x08000745   Thumb Code     6  stm32f4xx_exti.o(i.EXTI_ClearITPendingBit)
    EXTI_Init                                0x08000751   Thumb Code   142  stm32f4xx_exti.o(i.EXTI_Init)
    FLASH_ClearFlag                          0x08000855   Thumb Code     6  stm32f4xx_flash.o(i.FLASH_ClearFlag)
    FLASH_EraseSector                        0x08000861   Thumb Code   130  stm32f4xx_flash.o(i.FLASH_EraseSector)
    FLASH_GetStatus                          0x080008e9   Thumb Code    66  stm32f4xx_flash.o(i.FLASH_GetStatus)
    FLASH_Lock                               0x08000931   Thumb Code    14  stm32f4xx_flash.o(i.FLASH_Lock)
    FLASH_OB_GetRDP                          0x08000945   Thumb Code    18  stm32f4xx_flash.o(i.FLASH_OB_GetRDP)
    FLASH_OB_GetWRP                          0x0800095d   Thumb Code     6  stm32f4xx_flash.o(i.FLASH_OB_GetWRP)
    FLASH_OB_Launch                          0x08000969   Thumb Code    26  stm32f4xx_flash.o(i.FLASH_OB_Launch)
    FLASH_OB_Lock                            0x08000989   Thumb Code    14  stm32f4xx_flash.o(i.FLASH_OB_Lock)
    FLASH_OB_RDPConfig                       0x0800099d   Thumb Code    22  stm32f4xx_flash.o(i.FLASH_OB_RDPConfig)
    FLASH_OB_Unlock                          0x080009b9   Thumb Code    24  stm32f4xx_flash.o(i.FLASH_OB_Unlock)
    FLASH_OB_WRPConfig                       0x080009dd   Thumb Code    46  stm32f4xx_flash.o(i.FLASH_OB_WRPConfig)
    FLASH_ProgramByte                        0x08000a11   Thumb Code    70  stm32f4xx_flash.o(i.FLASH_ProgramByte)
    FLASH_Unlock                             0x08000a5d   Thumb Code    38  stm32f4xx_flash.o(i.FLASH_Unlock)
    FLASH_WaitForLastOperation               0x08000a91   Thumb Code    26  stm32f4xx_flash.o(i.FLASH_WaitForLastOperation)
    FetchFromQ                               0x08000aab   Thumb Code    36  queue.o(i.FetchFromQ)
    FirmwDateUpdate                          0x08000ad1   Thumb Code   290  firmwareupdate.o(i.FirmwDateUpdate)
    FlashWRPLock                             0x08000c25   Thumb Code    36  wrprotect.o(i.FlashWRPLock)
    FlashWRPUnlock                           0x08000c49   Thumb Code    38  wrprotect.o(i.FlashWRPUnlock)
    FrameParseExec                           0x08000c71   Thumb Code    56  commhandle.o(i.FrameParseExec)
    GPIO_Config                              0x08000cb1   Thumb Code   110  inithw.o(i.GPIO_Config)
    GPIO_Init                                0x08000d25   Thumb Code   144  stm32f4xx_gpio.o(i.GPIO_Init)
    GPIO_PinAFConfig                         0x08000db5   Thumb Code    70  stm32f4xx_gpio.o(i.GPIO_PinAFConfig)
    GPIO_ResetBits                           0x08000dfb   Thumb Code     4  stm32f4xx_gpio.o(i.GPIO_ResetBits)
    GPIO_SetBits                             0x08000dff   Thumb Code     4  stm32f4xx_gpio.o(i.GPIO_SetBits)
    GetSector                                0x08000e05   Thumb Code   182  flashopt.o(i.GetSector)
    GetSectorSize                            0x08000ee9   Thumb Code    78  flashopt.o(i.GetSectorSize)
    HardFault_Handler_proc                   0x08000f3d   Thumb Code   176  hardfaultproc.o(i.HardFault_Handler_proc)
    InitApp                                  0x08001105   Thumb Code     8  main.o(i.InitApp)
    InitBoardDev                             0x0800110d   Thumb Code    68  main.o(i.InitBoardDev)
    InitComm                                 0x08001159   Thumb Code    38  commhandle.o(i.InitComm)
    InitQueue                                0x08001195   Thumb Code    36  queue.o(i.InitQueue)
    InitRTC                                  0x080011b9   Thumb Code    68  rtc.o(i.InitRTC)
    InitSimuI2C                              0x080011fd   Thumb Code    88  simui2c.o(i.InitSimuI2C)
    InitTimer2                               0x08001259   Thumb Code   138  timer.o(i.InitTimer2)
    InitTimer5                               0x080012e9   Thumb Code   136  timer.o(i.InitTimer5)
    InitUART                                 0x08001379   Thumb Code   296  uart.o(i.InitUART)
    InitUARTQBuff                            0x080014b5   Thumb Code    58  uart.o(i.InitUARTQBuff)
    MemManage_Handler                        0x080014fd   Thumb Code     4  stm32f4xx_it.o(i.MemManage_Handler)
    MemoryCmp                                0x08001501   Thumb Code    34  userlib.o(i.MemoryCmp)
    NMI_Handler                              0x08001523   Thumb Code    32  stm32f4xx_it.o(i.NMI_Handler)
    NVIC_Init                                0x08001545   Thumb Code   108  misc.o(i.NVIC_Init)
    OSTaskSwHook                             0x080015bd   Thumb Code     2  os_cpu_c.o(i.OSTaskSwHook)
    PWR_BackupAccessCmd                      0x080015c1   Thumb Code     6  stm32f4xx_pwr.o(i.PWR_BackupAccessCmd)
    ParseFrame                               0x080015cd   Thumb Code   496  commhandle.o(i.ParseFrame)
    ProgramFlashErase                        0x080017c1   Thumb Code    88  flashopt.o(i.ProgramFlashErase)
    RCC_AHB1PeriphClockCmd                   0x0800181d   Thumb Code    26  stm32f4xx_rcc.o(i.RCC_AHB1PeriphClockCmd)
    RCC_APB1PeriphClockCmd                   0x0800183d   Thumb Code    26  stm32f4xx_rcc.o(i.RCC_APB1PeriphClockCmd)
    RCC_APB2PeriphClockCmd                   0x0800185d   Thumb Code    26  stm32f4xx_rcc.o(i.RCC_APB2PeriphClockCmd)
    RCC_BackupResetCmd                       0x0800187d   Thumb Code     6  stm32f4xx_rcc.o(i.RCC_BackupResetCmd)
    RCC_ClearITPendingBit                    0x08001889   Thumb Code     6  stm32f4xx_rcc.o(i.RCC_ClearITPendingBit)
    RCC_GetClocksFreq                        0x08001895   Thumb Code   206  stm32f4xx_rcc.o(i.RCC_GetClocksFreq)
    RCC_GetFlagStatus                        0x08001975   Thumb Code    60  stm32f4xx_rcc.o(i.RCC_GetFlagStatus)
    RCC_GetITStatus                          0x080019b5   Thumb Code    20  stm32f4xx_rcc.o(i.RCC_GetITStatus)
    RCC_HSEConfig                            0x080019cd   Thumb Code    12  stm32f4xx_rcc.o(i.RCC_HSEConfig)
    RCC_ITConfig                             0x080019dd   Thumb Code    30  stm32f4xx_rcc.o(i.RCC_ITConfig)
    RCC_LSEConfig                            0x08001a01   Thumb Code    40  stm32f4xx_rcc.o(i.RCC_LSEConfig)
    RCC_RTCCLKCmd                            0x08001a2d   Thumb Code     6  stm32f4xx_rcc.o(i.RCC_RTCCLKCmd)
    RCC_RTCCLKConfig                         0x08001a39   Thumb Code    50  stm32f4xx_rcc.o(i.RCC_RTCCLKConfig)
    RTC_AlarmCmd                             0x08001a75   Thumb Code   106  stm32f4xx_rtc.o(i.RTC_AlarmCmd)
    RTC_AlarmConfig                          0x08001ae5   Thumb Code   132  rtc.o(i.RTC_AlarmConfig)
    RTC_AlarmSubSecondConfig                 0x08001b69   Thumb Code    46  stm32f4xx_rtc.o(i.RTC_AlarmSubSecondConfig)
    RTC_Alarm_IRQHandler                     0x08001b9d   Thumb Code    80  rtc.o(i.RTC_Alarm_IRQHandler)
    RTC_ClearFlag                            0x08001c31   Thumb Code    24  stm32f4xx_rtc.o(i.RTC_ClearFlag)
    RTC_ClearITPendingBit                    0x08001c4d   Thumb Code    28  stm32f4xx_rtc.o(i.RTC_ClearITPendingBit)
    RTC_Config                               0x08001c6d   Thumb Code    74  rtc.o(i.RTC_Config)
    RTC_EnterInitMode                        0x08001cb9   Thumb Code    68  stm32f4xx_rtc.o(i.RTC_EnterInitMode)
    RTC_ExitInitMode                         0x08001d01   Thumb Code    14  stm32f4xx_rtc.o(i.RTC_ExitInitMode)
    RTC_GetITStatus                          0x08001d15   Thumb Code    60  stm32f4xx_rtc.o(i.RTC_GetITStatus)
    RTC_ITConfig                             0x08001d55   Thumb Code    94  stm32f4xx_rtc.o(i.RTC_ITConfig)
    RTC_Init                                 0x08001db9   Thumb Code    94  stm32f4xx_rtc.o(i.RTC_Init)
    RTC_ReadBackupRegister                   0x08001e1d   Thumb Code    14  stm32f4xx_rtc.o(i.RTC_ReadBackupRegister)
    RTC_SetAlarm                             0x08001e31   Thumb Code   230  stm32f4xx_rtc.o(i.RTC_SetAlarm)
    RTC_WaitForSynchro                       0x08001f1d   Thumb Code    84  stm32f4xx_rtc.o(i.RTC_WaitForSynchro)
    RTC_WriteBackupRegister                  0x08001f75   Thumb Code    12  stm32f4xx_rtc.o(i.RTC_WriteBackupRegister)
    ReadCPUID                                0x08001f85   Thumb Code    32  cpuid.o(i.ReadCPUID)
    SVC_Handler                              0x08001fa9   Thumb Code     2  stm32f4xx_it.o(i.SVC_Handler)
    SendFrame                                0x08001fab   Thumb Code    60  framepack.o(i.SendFrame)
    StartDesProc                             0x080020c1   Thumb Code   106  capher.o(i.StartDesProc)
    StartFireWareUpdate                      0x08002131   Thumb Code   186  firmwareupdate.o(i.StartFireWareUpdate)
    Store2Q                                  0x08002205   Thumb Code    44  queue.o(i.Store2Q)
    StoreKey                                 0x08002231   Thumb Code    32  capher.o(i.StoreKey)
    SysTick_Handler                          0x08002251   Thumb Code     2  stm32f4xx_it.o(i.SysTick_Handler)
    SystemInit                               0x08002255   Thumb Code    88  system_stm32f4xx.o(i.SystemInit)
    SystemResetProc                          0x080022bd   Thumb Code   106  commhandle.o(i.SystemResetProc)
    TIM2_IRQHandler                          0x0800232d   Thumb Code    42  timer.o(i.TIM2_IRQHandler)
    TIM3_IRQHandler                          0x08002361   Thumb Code    32  timer.o(i.TIM3_IRQHandler)
    TIM4_IRQHandler                          0x08002389   Thumb Code    22  timer.o(i.TIM4_IRQHandler)
    TIM5_IRQHandler                          0x080023a5   Thumb Code    32  timer.o(i.TIM5_IRQHandler)
    TIM7_IRQHandler                          0x080023cd   Thumb Code    32  timer.o(i.TIM7_IRQHandler)
    TIM_ClearITPendingBit                    0x080023f5   Thumb Code     6  stm32f4xx_tim.o(i.TIM_ClearITPendingBit)
    TIM_Cmd                                  0x080023fb   Thumb Code    24  stm32f4xx_tim.o(i.TIM_Cmd)
    TIM_GetITStatus                          0x08002413   Thumb Code    38  stm32f4xx_tim.o(i.TIM_GetITStatus)
    TIM_ITConfig                             0x08002439   Thumb Code    24  stm32f4xx_tim.o(i.TIM_ITConfig)
    TIM_TimeBaseInit                         0x08002451   Thumb Code   104  stm32f4xx_tim.o(i.TIM_TimeBaseInit)
    UARTSendFrame                            0x080024d5   Thumb Code    48  framepack.o(i.UARTSendFrame)
    UART_SendBytes                           0x08002509   Thumb Code    44  uart.o(i.UART_SendBytes)
    USART1_IRQHandler                        0x08002535   Thumb Code    50  uart.o(i.USART1_IRQHandler)
    USART2_IRQHandler                        0x08002571   Thumb Code    44  uart.o(i.USART2_IRQHandler)
    USART_ClearITPendingBit                  0x080025a5   Thumb Code    30  stm32f4xx_usart.o(i.USART_ClearITPendingBit)
    USART_Cmd                                0x080025c3   Thumb Code    24  stm32f4xx_usart.o(i.USART_Cmd)
    USART_GetFlagStatus                      0x080025db   Thumb Code    26  stm32f4xx_usart.o(i.USART_GetFlagStatus)
    USART_GetITStatus                        0x080025f5   Thumb Code    88  stm32f4xx_usart.o(i.USART_GetITStatus)
    USART_ITConfig                           0x0800264d   Thumb Code    74  stm32f4xx_usart.o(i.USART_ITConfig)
    USART_Init                               0x08002699   Thumb Code   204  stm32f4xx_usart.o(i.USART_Init)
    USART_SendData                           0x0800276d   Thumb Code     8  stm32f4xx_usart.o(i.USART_SendData)
    UsageFault_Handler                       0x08002775   Thumb Code     4  stm32f4xx_it.o(i.UsageFault_Handler)
    WRP                                      0x08002779   Thumb Code    78  wrprotect.o(i.WRP)
    __0printf$5                              0x080027c9   Thumb Code    22  printf5.o(i.__0printf$5)
    __1printf$5                              0x080027c9   Thumb Code     0  printf5.o(i.__0printf$5)
    __2printf                                0x080027c9   Thumb Code     0  printf5.o(i.__0printf$5)
    __scatterload_copy                       0x080027e9   Thumb Code    14  handlers.o(i.__scatterload_copy)
    __scatterload_null                       0x080027f7   Thumb Code     2  handlers.o(i.__scatterload_null)
    __scatterload_zeroinit                   0x080027f9   Thumb Code    14  handlers.o(i.__scatterload_zeroinit)
    fputc                                    0x08002ad9   Thumb Code    32  m_printf.o(i.fputc)
    main                                     0x08002afd   Thumb Code    58  main.o(i.main)
    Region$$Table$$Base                      0x08002b40   Number         0  anon$$obj.o(Region$$Table)
    Region$$Table$$Limit                     0x08002b60   Number         0  anon$$obj.o(Region$$Table)
    FirmwareUpdateFlag                       0x20000000   Data           1  main.o(.data)
    pFrameQ2                                 0x20000008   Data           4  commhandle.o(.data)
    __stdout                                 0x2000000c   Data           4  m_printf.o(.data)
    __stdin                                  0x20000010   Data           4  m_printf.o(.data)
    FlashInfo                                0x20000014   Data         192  flashopt.o(.data)
    StartCipherKey                           0x200000d4   Data          16  capher.o(.data)
    DataPackedNums                           0x200000e4   Data           4  firmwareupdate.o(.data)
    ProgramDataLen                           0x200000e8   Data           4  firmwareupdate.o(.data)
    Check_A                                  0x200000ec   Data           4  firmwareupdate.o(.data)
    Check_B                                  0x200000f0   Data           4  firmwareupdate.o(.data)
    CurFlashWAddr                            0x200000f4   Data           4  firmwareupdate.o(.data)
    LockBuff                                 0x200000f8   Data          10  wrprotect.o(.data)
    UnlockBuff                               0x20000102   Data          16  wrprotect.o(.data)
    rt                                       0x20000114   Data           4  wrprotect.o(.data)
    pUART2RQBuff                             0x20000118   Data           4  uart.o(.data)
    Timer1Cnt                                0x2000011c   Data           4  timer.o(.data)
    CCR1_Val                                 0x20000120   Data           2  timer.o(.data)
    CCR2_Val                                 0x20000122   Data           2  timer.o(.data)
    CCR3_Val                                 0x20000124   Data           2  timer.o(.data)
    CCR4_Val                                 0x20000126   Data           2  timer.o(.data)
    PrescalerValue                           0x20000128   Data           2  timer.o(.data)
    Timer2Cnt                                0x2000012c   Data           4  timer.o(.data)
    Timer4Cnt                                0x20000130   Data           4  timer.o(.data)
    Timer5Cnt                                0x20000134   Data           4  timer.o(.data)
    SysTimeTickCnt                           0x20000138   Data           4  timer.o(.data)
    FirmwareUpdateCnt                        0x2000013c   Data           4  timer.o(.data)
    AsynchPrediv                             0x20000140   Data           4  rtc.o(.data)
    SynchPrediv                              0x20000144   Data           4  rtc.o(.data)
    OSCtxSwCtr                               0x2000015c   Data           4  os_core.o(.data)
    OSEventFreeList                          0x20000160   Data           4  os_core.o(.data)
    OSFlagFreeList                           0x20000164   Data           4  os_core.o(.data)
    OSCPUUsage                               0x20000168   Data           1  os_core.o(.data)
    OSIdleCtrMax                             0x2000016c   Data           4  os_core.o(.data)
    OSIdleCtrRun                             0x20000170   Data           4  os_core.o(.data)
    OSStatRdy                                0x20000174   Data           1  os_core.o(.data)
    OSIntNesting                             0x20000175   Data           1  os_core.o(.data)
    OSLockNesting                            0x20000176   Data           1  os_core.o(.data)
    OSPrioCur                                0x20000177   Data           1  os_core.o(.data)
    OSPrioHighRdy                            0x20000178   Data           1  os_core.o(.data)
    OSRdyGrp                                 0x20000179   Data           1  os_core.o(.data)
    OSRdyTbl                                 0x2000017a   Data           8  os_core.o(.data)
    OSRunning                                0x20000182   Data           1  os_core.o(.data)
    OSTaskCtr                                0x20000183   Data           1  os_core.o(.data)
    OSIdleCtr                                0x20000184   Data           4  os_core.o(.data)
    OSTCBCur                                 0x20000188   Data           4  os_core.o(.data)
    OSTCBFreeList                            0x2000018c   Data           4  os_core.o(.data)
    OSTCBHighRdy                             0x20000190   Data           4  os_core.o(.data)
    OSTCBList                                0x20000194   Data           4  os_core.o(.data)
    OSTickStepState                          0x20000198   Data           1  os_core.o(.data)
    OSMemFreeList                            0x2000019c   Data           4  os_core.o(.data)
    OSQFreeList                              0x200001a0   Data           4  os_core.o(.data)
    OSTime                                   0x200001a4   Data           4  os_core.o(.data)
    DataBuff2                                0x20000b78   Data        8191  commhandle.o(.bss)
    FrameQ2                                  0x20002b78   Data          16  commhandle.o(.bss)
    UART2RQBuff                              0x20002b88   Data          16  uart.o(.bss)
    UART2RecvBuff                            0x20002b98   Data        8191  uart.o(.bss)
    __initial_sp                             0x20004f98   Data           0  startup_stm32f4xx.o(STACK)



==============================================================================

Memory Map of the image

  Image Entry point : 0x08000189

  Load Region LR_IROM1 (Base: 0x08000000, Size: 0x00002d08, Max: 0x00100000, ABSOLUTE, COMPRESSED[0x00002bf0])

    Execution Region ER_IROM1 (Base: 0x08000000, Size: 0x00002b60, Max: 0x00100000, ABSOLUTE)

    Base Addr    Size         Type   Attr      Idx    E Section Name        Object

    0x08000000   0x00000188   Data   RO         1264    RESET               startup_stm32f4xx.o
    0x08000188   0x00000000   Code   RO         4259  * .ARM.Collect$$$$00000000  mc_w.l(entry.o)
    0x08000188   0x00000004   Code   RO         4525    .ARM.Collect$$$$00000001  mc_w.l(entry2.o)
    0x0800018c   0x00000004   Code   RO         4528    .ARM.Collect$$$$00000004  mc_w.l(entry5.o)
    0x08000190   0x00000000   Code   RO         4530    .ARM.Collect$$$$00000008  mc_w.l(entry7b.o)
    0x08000190   0x00000008   Code   RO         4531    .ARM.Collect$$$$00000009  mc_w.l(entry8.o)
    0x08000198   0x00000004   Code   RO         4526    .ARM.Collect$$$$00002712  mc_w.l(entry2.o)
    0x0800019c   0x00000034   Code   RO          251    .emb_text           commhandle.o
    0x080001d0   0x0000002c   Code   RO         1265    .text               startup_stm32f4xx.o
    0x080001fc   0x000000b4   Code   RO         3442    .text               os_cpu_a.o
    0x080002b0   0x00000026   Code   RO         4262    .text               mc_w.l(memseta.o)
    0x080002d6   0x00000062   Code   RO         4534    .text               mc_w.l(uldiv.o)
    0x08000338   0x00000024   Code   RO         4547    .text               mc_w.l(init.o)
    0x0800035c   0x0000001e   Code   RO         4549    .text               mc_w.l(llshl.o)
    0x0800037a   0x00000020   Code   RO         4551    .text               mc_w.l(llushr.o)
    0x0800039a   0x0000005c   Code   RO         4565    .text               mc_w.l(__dczerorl2.o)
    0x080003f6   0x00000002   PAD
    0x080003f8   0x00000044   Code   RO          660    i.AppCRC            appcrc.o
    0x0800043c   0x00000004   Code   RO          487    i.BusFault_Handler  stm32f4xx_it.o
    0x08000440   0x00000034   Code   RO          209    i.CalculateCRC      framepack.o
    0x08000474   0x00000038   Code   RO          686    i.CheckProgramData  flashopt.o
    0x080004ac   0x0000007a   Code   RO          687    i.Data2Flash        flashopt.o
    0x08000526   0x00000002   PAD
    0x08000528   0x0000009c   Code   RO          907    i.DataAreaWRPLock   wrprotect.o
    0x080005c4   0x000000c4   Code   RO          908    i.DataAreaWRPUnlock  wrprotect.o
    0x08000688   0x00000002   Code   RO          488    i.DebugMon_Handler  stm32f4xx_it.o
    0x0800068a   0x0000000c   Code   RO          385    i.Delay             userlib.o
    0x08000696   0x00000002   PAD
    0x08000698   0x000000ac   Code   RO          845    i.DesKeyProc        capher.o
    0x08000744   0x0000000c   Code   RO         1730    i.EXTI_ClearITPendingBit  stm32f4xx_exti.o
    0x08000750   0x00000094   Code   RO         1735    i.EXTI_Init         stm32f4xx_exti.o
    0x080007e4   0x00000070   Code   RO          252    i.ExecFrame         commhandle.o
    0x08000854   0x0000000c   Code   RO         1787    i.FLASH_ClearFlag   stm32f4xx_flash.o
    0x08000860   0x00000088   Code   RO         1791    i.FLASH_EraseSector  stm32f4xx_flash.o
    0x080008e8   0x00000048   Code   RO         1793    i.FLASH_GetStatus   stm32f4xx_flash.o
    0x08000930   0x00000014   Code   RO         1797    i.FLASH_Lock        stm32f4xx_flash.o
    0x08000944   0x00000018   Code   RO         1800    i.FLASH_OB_GetRDP   stm32f4xx_flash.o
    0x0800095c   0x0000000c   Code   RO         1802    i.FLASH_OB_GetWRP   stm32f4xx_flash.o
    0x08000968   0x00000020   Code   RO         1803    i.FLASH_OB_Launch   stm32f4xx_flash.o
    0x08000988   0x00000014   Code   RO         1804    i.FLASH_OB_Lock     stm32f4xx_flash.o
    0x0800099c   0x0000001c   Code   RO         1805    i.FLASH_OB_RDPConfig  stm32f4xx_flash.o
    0x080009b8   0x00000024   Code   RO         1806    i.FLASH_OB_Unlock   stm32f4xx_flash.o
    0x080009dc   0x00000034   Code   RO         1808    i.FLASH_OB_WRPConfig  stm32f4xx_flash.o
    0x08000a10   0x0000004c   Code   RO         1810    i.FLASH_ProgramByte  stm32f4xx_flash.o
    0x08000a5c   0x00000034   Code   RO         1815    i.FLASH_Unlock      stm32f4xx_flash.o
    0x08000a90   0x0000001a   Code   RO         1816    i.FLASH_WaitForLastOperation  stm32f4xx_flash.o
    0x08000aaa   0x00000024   Code   RO          319    i.FetchFromQ        queue.o
    0x08000ace   0x00000002   PAD
    0x08000ad0   0x00000154   Code   RO          882    i.FirmwDateUpdate   firmwareupdate.o
    0x08000c24   0x00000024   Code   RO          910    i.FlashWRPLock      wrprotect.o
    0x08000c48   0x00000026   Code   RO          911    i.FlashWRPUnlock    wrprotect.o
    0x08000c6e   0x00000002   PAD
    0x08000c70   0x00000040   Code   RO          253    i.FrameParseExec    commhandle.o
    0x08000cb0   0x00000074   Code   RO         1045    i.GPIO_Config       inithw.o
    0x08000d24   0x00000090   Code   RO         1587    i.GPIO_Init         stm32f4xx_gpio.o
    0x08000db4   0x00000046   Code   RO         1588    i.GPIO_PinAFConfig  stm32f4xx_gpio.o
    0x08000dfa   0x00000004   Code   RO         1594    i.GPIO_ResetBits    stm32f4xx_gpio.o
    0x08000dfe   0x00000004   Code   RO         1595    i.GPIO_SetBits      stm32f4xx_gpio.o
    0x08000e02   0x00000002   PAD
    0x08000e04   0x000000e4   Code   RO          688    i.GetSector         flashopt.o
    0x08000ee8   0x00000054   Code   RO          689    i.GetSectorSize     flashopt.o
    0x08000f3c   0x000001c8   Code   RO            2    i.HardFault_Handler_proc  hardfaultproc.o
    0x08001104   0x00000008   Code   RO          121    i.InitApp           main.o
    0x0800110c   0x0000004c   Code   RO          122    i.InitBoardDev      main.o
    0x08001158   0x0000003c   Code   RO          254    i.InitComm          commhandle.o
    0x08001194   0x00000024   Code   RO          320    i.InitQueue         queue.o
    0x080011b8   0x00000044   Code   RO         1164    i.InitRTC           rtc.o
    0x080011fc   0x0000005c   Code   RO          563    i.InitSimuI2C       simui2c.o
    0x08001258   0x00000090   Code   RO         1073    i.InitTimer2        timer.o
    0x080012e8   0x00000090   Code   RO         1076    i.InitTimer5        timer.o
    0x08001378   0x0000013c   Code   RO          989    i.InitUART          uart.o
    0x080014b4   0x00000048   Code   RO          990    i.InitUARTQBuff     uart.o
    0x080014fc   0x00000004   Code   RO          490    i.MemManage_Handler  stm32f4xx_it.o
    0x08001500   0x00000022   Code   RO          390    i.MemoryCmp         userlib.o
    0x08001522   0x00000020   Code   RO          491    i.NMI_Handler       stm32f4xx_it.o
    0x08001542   0x00000002   PAD
    0x08001544   0x00000078   Code   RO         1270    i.NVIC_Init         misc.o
    0x080015bc   0x00000002   Code   RO         3455    i.OSTaskSwHook      os_cpu_c.o
    0x080015be   0x00000002   PAD
    0x080015c0   0x0000000c   Code   RO         3315    i.PWR_BackupAccessCmd  stm32f4xx_pwr.o
    0x080015cc   0x000001f4   Code   RO          255    i.ParseFrame        commhandle.o
    0x080017c0   0x0000005c   Code   RO          690    i.ProgramFlashErase  flashopt.o
    0x0800181c   0x00000020   Code   RO         1310    i.RCC_AHB1PeriphClockCmd  stm32f4xx_rcc.o
    0x0800183c   0x00000020   Code   RO         1319    i.RCC_APB1PeriphClockCmd  stm32f4xx_rcc.o
    0x0800185c   0x00000020   Code   RO         1322    i.RCC_APB2PeriphClockCmd  stm32f4xx_rcc.o
    0x0800187c   0x0000000c   Code   RO         1326    i.RCC_BackupResetCmd  stm32f4xx_rcc.o
    0x08001888   0x0000000c   Code   RO         1328    i.RCC_ClearITPendingBit  stm32f4xx_rcc.o
    0x08001894   0x000000e0   Code   RO         1331    i.RCC_GetClocksFreq  stm32f4xx_rcc.o
    0x08001974   0x00000040   Code   RO         1332    i.RCC_GetFlagStatus  stm32f4xx_rcc.o
    0x080019b4   0x00000018   Code   RO         1333    i.RCC_GetITStatus   stm32f4xx_rcc.o
    0x080019cc   0x00000010   Code   RO         1336    i.RCC_HSEConfig     stm32f4xx_rcc.o
    0x080019dc   0x00000024   Code   RO         1339    i.RCC_ITConfig      stm32f4xx_rcc.o
    0x08001a00   0x0000002c   Code   RO         1340    i.RCC_LSEConfig     stm32f4xx_rcc.o
    0x08001a2c   0x0000000c   Code   RO         1350    i.RCC_RTCCLKCmd     stm32f4xx_rcc.o
    0x08001a38   0x0000003c   Code   RO         1351    i.RCC_RTCCLKConfig  stm32f4xx_rcc.o
    0x08001a74   0x00000070   Code   RO         2101    i.RTC_AlarmCmd      stm32f4xx_rtc.o
    0x08001ae4   0x00000084   Code   RO         1165    i.RTC_AlarmConfig   rtc.o
    0x08001b68   0x00000034   Code   RO         2103    i.RTC_AlarmSubSecondConfig  stm32f4xx_rtc.o
    0x08001b9c   0x00000060   Code   RO         1168    i.RTC_Alarm_IRQHandler  rtc.o
    0x08001bfc   0x00000016   Code   RO         2104    i.RTC_Bcd2ToByte    stm32f4xx_rtc.o
    0x08001c12   0x0000001c   Code   RO         2106    i.RTC_ByteToBcd2    stm32f4xx_rtc.o
    0x08001c2e   0x00000002   PAD
    0x08001c30   0x0000001c   Code   RO         2109    i.RTC_ClearFlag     stm32f4xx_rtc.o
    0x08001c4c   0x00000020   Code   RO         2110    i.RTC_ClearITPendingBit  stm32f4xx_rtc.o
    0x08001c6c   0x0000004a   Code   RO         1169    i.RTC_Config        rtc.o
    0x08001cb6   0x00000002   PAD
    0x08001cb8   0x00000048   Code   RO         2116    i.RTC_EnterInitMode  stm32f4xx_rtc.o
    0x08001d00   0x00000014   Code   RO         2117    i.RTC_ExitInitMode  stm32f4xx_rtc.o
    0x08001d14   0x00000040   Code   RO         2122    i.RTC_GetITStatus   stm32f4xx_rtc.o
    0x08001d54   0x00000064   Code   RO         2129    i.RTC_ITConfig      stm32f4xx_rtc.o
    0x08001db8   0x00000064   Code   RO         2130    i.RTC_Init          stm32f4xx_rtc.o
    0x08001e1c   0x00000014   Code   RO         2133    i.RTC_ReadBackupRegister  stm32f4xx_rtc.o
    0x08001e30   0x000000ec   Code   RO         2135    i.RTC_SetAlarm      stm32f4xx_rtc.o
    0x08001f1c   0x00000058   Code   RO         2153    i.RTC_WaitForSynchro  stm32f4xx_rtc.o
    0x08001f74   0x00000010   Code   RO         2156    i.RTC_WriteBackupRegister  stm32f4xx_rtc.o
    0x08001f84   0x00000024   Code   RO         1247    i.ReadCPUID         cpuid.o
    0x08001fa8   0x00000002   Code   RO          492    i.SVC_Handler       stm32f4xx_it.o
    0x08001faa   0x0000003c   Code   RO          212    i.SendFrame         framepack.o
    0x08001fe6   0x00000002   PAD
    0x08001fe8   0x000000d8   Code   RO          956    i.SetSysClock       system_stm32f4xx.o
    0x080020c0   0x00000070   Code   RO          846    i.StartDesProc      capher.o
    0x08002130   0x000000d4   Code   RO          883    i.StartFireWareUpdate  firmwareupdate.o
    0x08002204   0x0000002c   Code   RO          321    i.Store2Q           queue.o
    0x08002230   0x00000020   Code   RO          847    i.StoreKey          capher.o
    0x08002250   0x00000002   Code   RO          493    i.SysTick_Handler   stm32f4xx_it.o
    0x08002252   0x00000002   PAD
    0x08002254   0x00000068   Code   RO          958    i.SystemInit        system_stm32f4xx.o
    0x080022bc   0x00000070   Code   RO          256    i.SystemResetProc   commhandle.o
    0x0800232c   0x00000034   Code   RO         1079    i.TIM2_IRQHandler   timer.o
    0x08002360   0x00000028   Code   RO         1080    i.TIM3_IRQHandler   timer.o
    0x08002388   0x0000001c   Code   RO         1081    i.TIM4_IRQHandler   timer.o
    0x080023a4   0x00000028   Code   RO         1082    i.TIM5_IRQHandler   timer.o
    0x080023cc   0x00000028   Code   RO         1083    i.TIM7_IRQHandler   timer.o
    0x080023f4   0x00000006   Code   RO         2462    i.TIM_ClearITPendingBit  stm32f4xx_tim.o
    0x080023fa   0x00000018   Code   RO         2467    i.TIM_Cmd           stm32f4xx_tim.o
    0x08002412   0x00000026   Code   RO         2488    i.TIM_GetITStatus   stm32f4xx_tim.o
    0x08002438   0x00000018   Code   RO         2492    i.TIM_ITConfig      stm32f4xx_tim.o
    0x08002450   0x00000084   Code   RO         2539    i.TIM_TimeBaseInit  stm32f4xx_tim.o
    0x080024d4   0x00000034   Code   RO          213    i.UARTSendFrame     framepack.o
    0x08002508   0x0000002c   Code   RO          992    i.UART_SendBytes    uart.o
    0x08002534   0x0000003c   Code   RO          993    i.USART1_IRQHandler  uart.o
    0x08002570   0x00000034   Code   RO          994    i.USART2_IRQHandler  uart.o
    0x080025a4   0x0000001e   Code   RO         3010    i.USART_ClearITPendingBit  stm32f4xx_usart.o
    0x080025c2   0x00000018   Code   RO         3013    i.USART_Cmd         stm32f4xx_usart.o
    0x080025da   0x0000001a   Code   RO         3016    i.USART_GetFlagStatus  stm32f4xx_usart.o
    0x080025f4   0x00000058   Code   RO         3017    i.USART_GetITStatus  stm32f4xx_usart.o
    0x0800264c   0x0000004a   Code   RO         3019    i.USART_ITConfig    stm32f4xx_usart.o
    0x08002696   0x00000002   PAD
    0x08002698   0x000000d4   Code   RO         3020    i.USART_Init        stm32f4xx_usart.o
    0x0800276c   0x00000008   Code   RO         3030    i.USART_SendData    stm32f4xx_usart.o
    0x08002774   0x00000004   Code   RO          494    i.UsageFault_Handler  stm32f4xx_it.o
    0x08002778   0x0000004e   Code   RO          912    i.WRP               wrprotect.o
    0x080027c6   0x00000002   PAD
    0x080027c8   0x00000020   Code   RO         4397    i.__0printf$5       mc_w.l(printf5.o)
    0x080027e8   0x0000000e   Code   RO         4559    i.__scatterload_copy  mc_w.l(handlers.o)
    0x080027f6   0x00000002   Code   RO         4560    i.__scatterload_null  mc_w.l(handlers.o)
    0x080027f8   0x0000000e   Code   RO         4561    i.__scatterload_zeroinit  mc_w.l(handlers.o)
    0x08002806   0x00000002   PAD
    0x08002808   0x000002d0   Code   RO         4404    i._printf_core      mc_w.l(printf5.o)
    0x08002ad8   0x00000024   Code   RO          356    i.fputc             m_printf.o
    0x08002afc   0x00000044   Code   RO          125    i.main              main.o
    0x08002b40   0x00000020   Data   RO         4557    Region$$Table       anon$$obj.o


    Execution Region RW_IRAM1 (Base: 0x20000000, Size: 0x00004f98, Max: 0x00020000, ABSOLUTE, COMPRESSED[0x00000090])

    Base Addr    Size         Type   Attr      Idx    E Section Name        Object

    0x20000000   0x00000001   Data   RW          127    .data               main.o
    0x20000001   0x00000003   PAD
    0x20000004   0x00000008   Data   RW          258    .data               commhandle.o
    0x2000000c   0x00000008   Data   RW          357    .data               m_printf.o
    0x20000014   0x000000c0   Data   RW          691    .data               flashopt.o
    0x200000d4   0x00000010   Data   RW          849    .data               capher.o
    0x200000e4   0x00000014   Data   RW          884    .data               firmwareupdate.o
    0x200000f8   0x00000020   Data   RW          913    .data               wrprotect.o
    0x20000118   0x00000004   Data   RW          997    .data               uart.o
    0x2000011c   0x00000024   Data   RW         1085    .data               timer.o
    0x20000140   0x00000009   Data   RW         1175    .data               rtc.o
    0x20000149   0x00000010   Data   RW         1354    .data               stm32f4xx_rcc.o
    0x20000159   0x00000003   PAD
    0x2000015c   0x0000004c   Data   RW         3589    .data               os_core.o
    0x200001a8   0x000029e0   Zero   RW          257    .bss                commhandle.o
    0x20002b88   0x0000200f   Zero   RW          996    .bss                uart.o
    0x20004b97   0x00000001   PAD
    0x20004b98   0x00000400   Zero   RW         1262    STACK               startup_stm32f4xx.o


==============================================================================

Image component sizes


      Code (inc. data)   RO Data    RW Data    ZI Data      Debug   Object Name

        68         10          0          0          0       1213   appcrc.o
       316         12          0         16          0       2784   capher.o
       900         62          0          8      10720       5914   commhandle.o
        36          4          0          0          0        952   cpuid.o
       552         76          0         20          0       2622   firmwareupdate.o
       582         56          0        192          0       4656   flashopt.o
       164          4          0          0          0       3143   framepack.o
       456        280          0          0          0     284513   hardfaultproc.o
       116          6          0          0          0        510   inithw.o
        36          4          0          8          0       2454   m_printf.o
       152         18          0          1          0       5145   main.o
       120         12          0          0          0       1040   misc.o
         0          0          0         76          0       8363   os_core.o
       180         36          0          0          0        264   os_cpu_a.o
         2          0          0          0          0        407   os_cpu_c.o
       116          0          0          0          0       6250   queue.o
       370         16          0          9          0       2827   rtc.o
        92          4          0          0          0        510   simui2c.o
        44          4        392          0       1024        856   startup_stm32f4xx.o
       160         12          0          0          0       1541   stm32f4xx_exti.o
       598         92          0          0          0       8471   stm32f4xx_flash.o
       222          0          0          0          0       2919   stm32f4xx_gpio.o
        50          0          0          0          0       3089   stm32f4xx_it.o
        12          6          0          0          0        534   stm32f4xx_pwr.o
       600         86          0         16          0       9472   stm32f4xx_rcc.o
       990         66          0          0          0      10340   stm32f4xx_rtc.o
       224         28          0          0          0       3742   stm32f4xx_tim.o
       462          8          0          0          0       5611   stm32f4xx_usart.o
       320         34          0          0          0       1621   system_stm32f4xx.o
       488         54          0         36          0       4346   timer.o
       544         52          0          4       8207       3453   uart.o
        46          0          0          0          0       1088   userlib.o
       504         10          0         32          0       4061   wrprotect.o

    ----------------------------------------------------------------------
      9548       1052        424        424      19952     394711   Object Totals
         0          0         32          0          0          0   (incl. Generated)
        26          0          0          6          1          0   (incl. Padding)

    ----------------------------------------------------------------------

      Code (inc. data)   RO Data    RW Data    ZI Data      Debug   Library Member Name

        92          0          0          0          0          0   __dczerorl2.o
         0          0          0          0          0          0   entry.o
         8          4          0          0          0          0   entry2.o
         4          0          0          0          0          0   entry5.o
         0          0          0          0          0          0   entry7b.o
         8          4          0          0          0          0   entry8.o
        30          0          0          0          0          0   handlers.o
        36          8          0          0          0         68   init.o
        30          0          0          0          0         68   llshl.o
        32          0          0          0          0         68   llushr.o
        38          0          0          0          0        108   memseta.o
       752         54          0          0          0        184   printf5.o
        98          0          0          0          0         92   uldiv.o

    ----------------------------------------------------------------------
      1132         70          0          0          0        588   Library Totals
         4          0          0          0          0          0   (incl. Padding)

    ----------------------------------------------------------------------

      Code (inc. data)   RO Data    RW Data    ZI Data      Debug   Library Name

      1128         70          0          0          0        588   mc_w.l

    ----------------------------------------------------------------------
      1132         70          0          0          0        588   Library Totals

    ----------------------------------------------------------------------

==============================================================================


      Code (inc. data)   RO Data    RW Data    ZI Data      Debug   

     10680       1122        424        424      19952     383091   Grand Totals
     10680       1122        424        144      19952     383091   ELF Image Totals (compressed)
     10680       1122        424        144          0          0   ROM Totals

==============================================================================

    Total RO  Size (Code + RO Data)                11104 (  10.84kB)
    Total RW  Size (RW Data + ZI Data)             20376 (  19.90kB)
    Total ROM Size (Code + RO Data + RW Data)      11248 (  10.98kB)

==============================================================================

