Component: ARM Compiler 5.06 update 4 (build 422) Tool: armlink [4d35d2]

==============================================================================

Section Cross References

    hardfaultproc.o(i.HardFault_Handler_proc) refers to printf5.o(i.__0printf$5) for __2printf
    main.o(i.CheckID) refers to cpuid.o(i.ReadCPUID) for ReadCPUID
    main.o(i.CheckID) refers to printf5.o(i.__0printf$5) for __2printf
    main.o(i.CheckID) refers to userlib.o(i.MemoryCmp) for MemoryCmp
    main.o(i.CheckID) refers to main.o(.constdata) for thisCPUInfo
    main.o(i.InitApp) refers to commhandle.o(i.InitComm) for InitComm
    main.o(i.InitBoardDev) refers to inithw.o(i.GPIO_Config) for GPIO_Config
    main.o(i.InitBoardDev) refers to stm32f4xx_gpio.o(i.GPIO_ResetBits) for GPIO_ResetBits
    main.o(i.InitBoardDev) refers to uart.o(i.InitUARTQBuff) for InitUARTQBuff
    main.o(i.InitBoardDev) refers to stm32f4xx_usart.o(i.USART_DeInit) for USART_DeInit
    main.o(i.InitBoardDev) refers to uart.o(i.InitUART) for InitUART
    main.o(i.InitBoardDev) refers to timer.o(i.InitTimer5) for InitTimer5
    main.o(i.LCD_FSMCConfig) refers to stm32f4xx_rcc.o(i.RCC_AHB1PeriphClockCmd) for RCC_AHB1PeriphClockCmd
    main.o(i.LCD_FSMCConfig) refers to stm32f4xx_rcc.o(i.RCC_AHB3PeriphClockCmd) for RCC_AHB3PeriphClockCmd
    main.o(i.LCD_FSMCConfig) refers to stm32f4xx_gpio.o(i.GPIO_Init) for GPIO_Init
    main.o(i.LCD_FSMCConfig) refers to stm32f4xx_gpio.o(i.GPIO_PinAFConfig) for GPIO_PinAFConfig
    main.o(i.LCD_FSMCConfig) refers to stm32f4xx_fsmc.o(i.FSMC_NORSRAMInit) for FSMC_NORSRAMInit
    main.o(i.LCD_FSMCConfig) refers to stm32f4xx_fsmc.o(i.FSMC_NORSRAMCmd) for FSMC_NORSRAMCmd
    main.o(i.main) refers to system_stm32f4xx.o(i.SystemInit) for SystemInit
    main.o(i.main) refers to main.o(i.InitApp) for InitApp
    main.o(i.main) refers to main.o(i.InitBoardDev) for InitBoardDev
    main.o(i.main) refers to printf5.o(i.__0printf$5) for __2printf
    main.o(i.main) refers to stm32f4xx_tim.o(i.TIM_SetCounter) for TIM_SetCounter
    main.o(i.main) refers to commhandle.o(i.FrameParseExec) for FrameParseExec
    main.o(i.main) refers to stm32f4xx_tim.o(i.TIM_GetCounter) for TIM_GetCounter
    main.o(i.main) refers to appcrc.o(i.AppCRC) for AppCRC
    main.o(i.main) refers to main.o(.data) for FirmwareUpdateFlag
    framepack.o(i.PackFrame) refers to framepack.o(i.CalculateCRC) for CalculateCRC
    framepack.o(i.SendAckFrame) refers to framepack.o(i.SendFrame) for SendFrame
    framepack.o(i.SendFrame) refers to framepack.o(i.CalculateCRC) for CalculateCRC
    framepack.o(i.SendFrame) refers to framepack.o(i.UARTSendFrame) for UARTSendFrame
    framepack.o(i.UARTSendFrame) refers to uart.o(i.UART_SendBytes) for UART_SendBytes
    commhandle.o(i.BaudRateProc) refers to framepack.o(i.SendFrame) for SendFrame
    commhandle.o(i.BaudRateProc) refers to uart.o(i.InitUART) for InitUART
    commhandle.o(i.ExecFrame) refers to firmwareupdate.o(i.StartFireWareUpdate) for StartFireWareUpdate
    commhandle.o(i.ExecFrame) refers to firmwareupdate.o(i.FirmwDateUpdate) for FirmwDateUpdate
    commhandle.o(i.ExecFrame) refers to capher.o(i.StartDesProc) for StartDesProc
    commhandle.o(i.ExecFrame) refers to capher.o(i.DesKeyProc) for DesKeyProc
    commhandle.o(i.ExecFrame) refers to wrprotect.o(i.DataAreaWRPLock) for DataAreaWRPLock
    commhandle.o(i.ExecFrame) refers to wrprotect.o(i.DataAreaWRPUnlock) for DataAreaWRPUnlock
    commhandle.o(i.ExecFrame) refers to commhandle.o(i.SystemResetProc) for SystemResetProc
    commhandle.o(i.ExecFrame) refers to commhandle.o(i.BaudRateProc) for BaudRateProc
    commhandle.o(i.ExecFrame) refers to main.o(.data) for FirmwareUpdateFlag
    commhandle.o(i.FrameParseExec) refers to queue.o(i.FetchFromQ) for FetchFromQ
    commhandle.o(i.FrameParseExec) refers to commhandle.o(i.ParseFrame) for ParseFrame
    commhandle.o(i.FrameParseExec) refers to uart.o(.data) for pUART1RQBuff
    commhandle.o(i.InitComm) refers to queue.o(i.InitQueue) for InitQueue
    commhandle.o(i.InitComm) refers to commhandle.o(.bss) for CommFrame
    commhandle.o(i.InitComm) refers to commhandle.o(.data) for pCF
    commhandle.o(i.ParseFrame) refers to commhandle.o(i.ExecFrame) for ExecFrame
    commhandle.o(i.ParseFrame) refers to commhandle.o(.data) for pCF
    commhandle.o(i.SystemResetProc) refers to commhandle.o(.emb_text) for SystemReset
    m_printf.o(i.fputc) refers to stm32f4xx_usart.o(i.USART_GetFlagStatus) for USART_GetFlagStatus
    m_printf.o(i.fputc) refers to stm32f4xx_usart.o(i.USART_SendData) for USART_SendData
    userlib.o(i.DelayMS) refers to userlib.o(i.DelayUS) for DelayUS
    userlib.o(i.DelayUS) refers to stm32f4xx_tim.o(i.TIM_SetCounter) for TIM_SetCounter
    userlib.o(i.DelayUS) refers to stm32f4xx_tim.o(i.TIM_GetCounter) for TIM_GetCounter
    userlib.o(i.DelayUS) refers to userlib.o(.data) for TmCnt
[...]
    Removing os_mem.o(i.OSMemCreate), (168 bytes).
    Removing os_mem.o(i.OSMemGet), (72 bytes).
    Removing os_mem.o(i.OSMemNameGet), (84 bytes).
    Removing os_mem.o(i.OSMemNameSet), (68 bytes).
    Removing os_mem.o(i.OSMemPut), (66 bytes).
    Removing os_mem.o(i.OSMemQuery), (64 bytes).
    Removing os_mem.o(i.OS_MemInit), (88 bytes).
    Removing os_mutex.o(i.OSMutexAccept), (156 bytes).
    Removing os_mutex.o(i.OSMutexCreate), (168 bytes).
    Removing os_mutex.o(i.OSMutexDel), (300 bytes).
    Removing os_mutex.o(i.OSMutexPend), (580 bytes).
    Removing os_mutex.o(i.OSMutexPost), (204 bytes).
    Removing os_mutex.o(i.OSMutexQuery), (124 bytes).
    Removing os_mutex.o(i.OSMutex_RdyAtPrio), (132 bytes).
    Removing os_q.o(i.OSQAccept), (98 bytes).
    Removing os_q.o(i.OSQCreate), (160 bytes).
    Removing os_q.o(i.OSQDel), (272 bytes).
    Removing os_q.o(i.OSQFlush), (52 bytes).
    Removing os_q.o(i.OSQPend), (300 bytes).
    Removing os_q.o(i.OSQPendAbort), (138 bytes).
    Removing os_q.o(i.OSQPost), (120 bytes).
    Removing os_q.o(i.OSQPostFront), (122 bytes).
    Removing os_q.o(i.OSQPostOpt), (188 bytes).
    Removing os_q.o(i.OSQQuery), (110 bytes).
    Removing os_q.o(i.OS_QInit), (80 bytes).
    Removing os_sem.o(i.OSSemAccept), (48 bytes).
    Removing os_sem.o(i.OSSemCreate), (84 bytes).
    Removing os_sem.o(i.OSSemDel), (232 bytes).
    Removing os_sem.o(i.OSSemPend), (248 bytes).
    Removing os_sem.o(i.OSSemPendAbort), (138 bytes).
    Removing os_sem.o(i.OSSemPost), (94 bytes).
    Removing os_sem.o(i.OSSemQuery), (88 bytes).
    Removing os_sem.o(i.OSSemSet), (74 bytes).
    Removing os_task.o(i.OSTaskChangePrio), (440 bytes).
    Removing os_task.o(i.OSTaskCreate), (168 bytes).
    Removing os_task.o(i.OSTaskCreateExt), (192 bytes).
    Removing os_task.o(i.OSTaskDel), (364 bytes).
    Removing os_task.o(i.OSTaskDelReq), (120 bytes).
    Removing os_task.o(i.OSTaskNameGet), (152 bytes).
    Removing os_task.o(i.OSTaskNameSet), (132 bytes).
    Removing os_task.o(i.OSTaskQuery), (108 bytes).
    Removing os_task.o(i.OSTaskRegGet), (96 bytes).
    Removing os_task.o(i.OSTaskRegSet), (92 bytes).
    Removing os_task.o(i.OSTaskResume), (180 bytes).
    Removing os_task.o(i.OSTaskStkChk), (160 bytes).
    Removing os_task.o(i.OSTaskSuspend), (188 bytes).
    Removing os_task.o(i.OS_TaskReturn), (24 bytes).
    Removing os_task.o(i.OS_TaskStkClr), (26 bytes).
    Removing os_time.o(i.OSTimeDly), (120 bytes).
    Removing os_time.o(i.OSTimeDlyHMSM), (132 bytes).
    Removing os_time.o(i.OSTimeDlyResume), (180 bytes).
    Removing os_time.o(i.OSTimeGet), (28 bytes).
    Removing os_time.o(i.OSTimeSet), (28 bytes).
    Removing dadd.o(.text), (334 bytes).
    Removing dmul.o(.text), (228 bytes).
    Removing ddiv.o(.text), (222 bytes).
    Removing dfixul.o(.text), (48 bytes).
    Removing cdrcmple.o(.text), (48 bytes).
    Removing depilogue.o(.text), (186 bytes).

564 unused section(s) (total 45132 bytes) removed from the image.

==============================================================================

Image Symbol Table

    Local Symbols

    Symbol Name                              Value     Ov Type        Size  Object(Section)

    ../clib/../cmprslib/zerorunl2.c          0x00000000   Number         0  __dczerorl2.o ABSOLUTE
    ../clib/microlib/division.c              0x00000000   Number         0  uidiv.o ABSOLUTE
    ../clib/microlib/division.c              0x00000000   Number         0  uldiv.o ABSOLUTE
    ../clib/microlib/init/entry.s            0x00000000   Number         0  entry7a.o ABSOLUTE
    ../clib/microlib/init/entry.s            0x00000000   Number         0  entry.o ABSOLUTE
    ../clib/microlib/init/entry.s            0x00000000   Number         0  entry11b.o ABSOLUTE
    ../clib/microlib/init/entry.s            0x00000000   Number         0  entry10b.o ABSOLUTE
    ../clib/microlib/init/entry.s            0x00000000   Number         0  entry10a.o ABSOLUTE
    ../clib/microlib/init/entry.s            0x00000000   Number         0  entry9b.o ABSOLUTE
    ../clib/microlib/init/entry.s            0x00000000   Number         0  entry9a.o ABSOLUTE
    ../clib/microlib/init/entry.s            0x00000000   Number         0  entry11a.o ABSOLUTE
    ../clib/microlib/init/entry.s            0x00000000   Number         0  entry5.o ABSOLUTE
    ../clib/microlib/init/entry.s            0x00000000   Number         0  entry8b.o ABSOLUTE
    ../clib/microlib/init/entry.s            0x00000000   Number         0  entry8a.o ABSOLUTE
    ../clib/microlib/init/entry.s            0x00000000   Number         0  entry7b.o ABSOLUTE
    ../clib/microlib/init/entry.s            0x00000000   Number         0  entry2.o ABSOLUTE
    ../clib/microlib/longlong.c              0x00000000   Number         0  llsshr.o ABSOLUTE
    ../clib/microlib/longlong.c              0x00000000   Number         0  llshl.o ABSOLUTE
    ../clib/microlib/longlong.c              0x00000000   Number         0  llushr.o ABSOLUTE
    ../clib/microlib/printf/printf.c         0x00000000   Number         0  printf5.o ABSOLUTE
    ../clib/microlib/printf/printf.c         0x00000000   Number         0  printf8.o ABSOLUTE
    ../clib/microlib/printf/printf.c         0x00000000   Number         0  printf0.o ABSOLUTE
    ../clib/microlib/printf/printf.c         0x00000000   Number         0  printf2.o ABSOLUTE
    ../clib/microlib/printf/printf.c         0x00000000   Number         0  printf3.o ABSOLUTE
    ../clib/microlib/printf/printf.c         0x00000000   Number         0  printf4.o ABSOLUTE
    ../clib/microlib/printf/printf.c         0x00000000   Number         0  printf1.o ABSOLUTE
    ../clib/microlib/printf/printf.c         0x00000000   Number         0  printfb.o ABSOLUTE
    ../clib/microlib/printf/printf.c         0x00000000   Number         0  printfa.o ABSOLUTE
    ../clib/microlib/printf/printf.c         0x00000000   Number         0  printf6.o ABSOLUTE
    ../clib/microlib/printf/printf.c         0x00000000   Number         0  printf7.o ABSOLUTE
    ../clib/microlib/printf/stubs.s          0x00000000   Number         0  stubs.o ABSOLUTE
    ../clib/microlib/stdlib/rand.c           0x00000000   Number         0  rand.o ABSOLUTE
    ../clib/microlib/string/memset.c         0x00000000   Number         0  memseta.o ABSOLUTE
    ../clib/microlib/stubs.s                 0x00000000   Number         0  iusefp.o ABSOLUTE
    ../fplib/microlib/fpadd.c                0x00000000   Number         0  dadd.o ABSOLUTE
    ../fplib/microlib/fpdiv.c                0x00000000   Number         0  ddiv.o ABSOLUTE
    ../fplib/microlib/fpepilogue.c           0x00000000   Number         0  depilogue.o ABSOLUTE
    ../fplib/microlib/fpfix.c                0x00000000   Number         0  dfixul.o ABSOLUTE
    ../fplib/microlib/fpmul.c                0x00000000   Number         0  dmul.o ABSOLUTE
    ..\USER\SCR\AES.c                        0x00000000   Number         0  aes.o ABSOLUTE
    ..\USER\SCR\AppCRC.c                     0x00000000   Number         0  appcrc.o ABSOLUTE
    ..\USER\SCR\CPUID.c                      0x00000000   Number         0  cpuid.o ABSOLUTE
    ..\USER\SCR\Capher.c                     0x00000000   Number         0  capher.o ABSOLUTE
    ..\USER\SCR\CommHandle.c                 0x00000000   Number         0  commhandle.o ABSOLUTE
    ..\USER\SCR\FirmwareUpdate.c             0x00000000   Number         0  firmwareupdate.o ABSOLUTE
    ..\USER\SCR\FlashOpt.c                   0x00000000   Number         0  flashopt.o ABSOLUTE
    ..\USER\SCR\FramePack.c                  0x00000000   Number         0  framepack.o ABSOLUTE
    ..\USER\SCR\HardFaultProc.c              0x00000000   Number         0  hardfaultproc.o ABSOLUTE
    ..\USER\SCR\InitHW.c                     0x00000000   Number         0  inithw.o ABSOLUTE
    ..\USER\SCR\MX25L.c                      0x00000000   Number         0  mx25l.o ABSOLUTE
    ..\USER\SCR\MX25_APP.c                   0x00000000   Number         0  mx25_app.o ABSOLUTE
    ..\USER\SCR\Queue.c                      0x00000000   Number         0  queue.o ABSOLUTE
    ..\USER\SCR\RTC.c                        0x00000000   Number         0  rtc.o ABSOLUTE
    ..\USER\SCR\SimuI2C.c                    0x00000000   Number         0  simui2c.o ABSOLUTE
    ..\USER\SCR\Timer.c                      0x00000000   Number         0  timer.o ABSOLUTE
    ..\USER\SCR\UART.C                       0x00000000   Number         0  uart.o ABSOLUTE
    ..\USER\SCR\UserLib.c                    0x00000000   Number         0  userlib.o ABSOLUTE
    ..\USER\SCR\WRProtect.c                  0x00000000   Number         0  wrprotect.o ABSOLUTE
    ..\USER\SCR\m_printf.c                   0x00000000   Number         0  m_printf.o ABSOLUTE
    ..\USER\SCR\main.c                       0x00000000   Number         0  main.o ABSOLUTE
    ..\\USER\\SCR\\AppCRC.c                  0x00000000   Number         0  appcrc.o ABSOLUTE
    ..\\USER\\SCR\\CPUID.c                   0x00000000   Number         0  cpuid.o ABSOLUTE
    ..\\USER\\SCR\\Capher.c                  0x00000000   Number         0  capher.o ABSOLUTE
    ..\\USER\\SCR\\CommHandle.c              0x00000000   Number         0  commhandle.o ABSOLUTE
    ..\\USER\\SCR\\FirmwareUpdate.c          0x00000000   Number         0  firmwareupdate.o ABSOLUTE
    ..\\USER\\SCR\\FlashOpt.c                0x00000000   Number         0  flashopt.o ABSOLUTE
    ..\\USER\\SCR\\FramePack.c               0x00000000   Number         0  framepack.o ABSOLUTE
    ..\\USER\\SCR\\HardFaultProc.c           0x00000000   Number         0  hardfaultproc.o ABSOLUTE
    ..\\USER\\SCR\\InitHW.c                  0x00000000   Number         0  inithw.o ABSOLUTE
    ..\\USER\\SCR\\MX25L.c                   0x00000000   Number         0  mx25l.o ABSOLUTE
    ..\\USER\\SCR\\MX25_APP.c                0x00000000   Number         0  mx25_app.o ABSOLUTE
    ..\\USER\\SCR\\RTC.c                     0x00000000   Number         0  rtc.o ABSOLUTE
    ..\\USER\\SCR\\SimuI2C.c                 0x00000000   Number         0  simui2c.o ABSOLUTE
    ..\\USER\\SCR\\Timer.c                   0x00000000   Number         0  timer.o ABSOLUTE
    ..\\USER\\SCR\\UART.C                    0x00000000   Number         0  uart.o ABSOLUTE
    ..\\USER\\SCR\\UserLib.c                 0x00000000   Number         0  userlib.o ABSOLUTE
    ..\\USER\\SCR\\WRProtect.c               0x00000000   Number         0  wrprotect.o ABSOLUTE
    ..\\USER\\SCR\\m_printf.c                0x00000000   Number         0  m_printf.o ABSOLUTE
    ..\\USER\\SCR\\main.c                    0x00000000   Number         0  main.o ABSOLUTE
    ..\\applications\\src\\stm32f4xx_it.c    0x00000000   Number         0  stm32f4xx_it.o ABSOLUTE
    ..\\librarys\\CMSIS\\Device\\ST\\STM32F4xx\\Source\\system_stm32f4xx.c 0x00000000   Number         0  system_stm32f4xx.o ABSOLUTE
    ..\\librarys\\STM32F4xx_StdPeriph_Driver\\src\\misc.c 0x00000000   Number         0  misc.o ABSOLUTE
    ..\\librarys\\STM32F4xx_StdPeriph_Driver\\src\\stm32f4xx_crc.c 0x00000000   Number         0  stm32f4xx_crc.o ABSOLUTE
    ..\\librarys\\STM32F4xx_StdPeriph_Driver\\src\\stm32f4xx_exti.c 0x00000000   Number         0  stm32f4xx_exti.o ABSOLUTE
    ..\\librarys\\STM32F4xx_StdPeriph_Driver\\src\\stm32f4xx_flash.c 0x00000000   Number         0  stm32f4xx_flash.o ABSOLUTE
    ..\\librarys\\STM32F4xx_StdPeriph_Driver\\src\\stm32f4xx_fsmc.c 0x00000000   Number         0  stm32f4xx_fsmc.o ABSOLUTE
    ..\\librarys\\STM32F4xx_StdPeriph_Driver\\src\\stm32f4xx_gpio.c 0x00000000   Number         0  stm32f4xx_gpio.o ABSOLUTE
    ..\\librarys\\STM32F4xx_StdPeriph_Driver\\src\\stm32f4xx_pwr.c 0x00000000   Number         0  stm32f4xx_pwr.o ABSOLUTE
    ..\\librarys\\STM32F4xx_StdPeriph_Driver\\src\\stm32f4xx_rcc.c 0x00000000   Number         0  stm32f4xx_rcc.o ABSOLUTE
    ..\\librarys\\STM32F4xx_StdPeriph_Driver\\src\\stm32f4xx_rng.c 0x00000000   Number         0  stm32f4xx_rng.o ABSOLUTE
    ..\\librarys\\STM32F4xx_StdPeriph_Driver\\src\\stm32f4xx_rtc.c 0x00000000   Number         0  stm32f4xx_rtc.o ABSOLUTE
    ..\\librarys\\STM32F4xx_StdPeriph_Driver\\src\\stm32f4xx_syscfg.c 0x00000000   Number         0  stm32f4xx_syscfg.o ABSOLUTE
    ..\\librarys\\STM32F4xx_StdPeriph_Driver\\src\\stm32f4xx_tim.c 0x00000000   Number         0  stm32f4xx_tim.o ABSOLUTE
    ..\\librarys\\STM32F4xx_StdPeriph_Driver\\src\\stm32f4xx_usart.c 0x00000000   Number         0  stm32f4xx_usart.o ABSOLUTE
    ..\\librarys\\STM32F4xx_StdPeriph_Driver\\src\\stm32f4xx_wwdg.c 0x00000000   Number         0  stm32f4xx_wwdg.o ABSOLUTE
    ..\\ucos\\port\\os_cpu_c.c               0x00000000   Number         0  os_cpu_c.o ABSOLUTE
    ..\applications\src\stm32f4xx_it.c       0x00000000   Number         0  stm32f4xx_it.o ABSOLUTE
    ..\librarys\CMSIS\Device\ST\STM32F4xx\Source\arm\startup_stm32f4xx.s 0x00000000   Number         0  startup_stm32f4xx.o ABSOLUTE
    ..\librarys\CMSIS\Device\ST\STM32F4xx\Source\system_stm32f4xx.c 0x00000000   Number         0  system_stm32f4xx.o ABSOLUTE
    ..\librarys\STM32F4xx_StdPeriph_Driver\src\misc.c 0x00000000   Number         0  misc.o ABSOLUTE
    ..\librarys\STM32F4xx_StdPeriph_Driver\src\stm32f4xx_crc.c 0x00000000   Number         0  stm32f4xx_crc.o ABSOLUTE
    ..\librarys\STM32F4xx_StdPeriph_Driver\src\stm32f4xx_exti.c 0x00000000   Number         0  stm32f4xx_exti.o ABSOLUTE
    ..\librarys\STM32F4xx_StdPeriph_Driver\src\stm32f4xx_flash.c 0x00000000   Number         0  stm32f4xx_flash.o ABSOLUTE
    ..\librarys\STM32F4xx_StdPeriph_Driver\src\stm32f4xx_fsmc.c 0x00000000   Number         0  stm32f4xx_fsmc.o ABSOLUTE
    ..\librarys\STM32F4xx_StdPeriph_Driver\src\stm32f4xx_gpio.c 0x00000000   Number         0  stm32f4xx_gpio.o ABSOLUTE
    ..\librarys\STM32F4xx_StdPeriph_Driver\src\stm32f4xx_pwr.c 0x00000000   Number         0  stm32f4xx_pwr.o ABSOLUTE
    ..\librarys\STM32F4xx_StdPeriph_Driver\src\stm32f4xx_rcc.c 0x00000000   Number         0  stm32f4xx_rcc.o ABSOLUTE
    ..\librarys\STM32F4xx_StdPeriph_Driver\src\stm32f4xx_rng.c 0x00000000   Number         0  stm32f4xx_rng.o ABSOLUTE
    ..\librarys\STM32F4xx_StdPeriph_Driver\src\stm32f4xx_rtc.c 0x00000000   Number         0  stm32f4xx_rtc.o ABSOLUTE
    ..\librarys\STM32F4xx_StdPeriph_Driver\src\stm32f4xx_syscfg.c 0x00000000   Number         0  stm32f4xx_syscfg.o ABSOLUTE
    ..\librarys\STM32F4xx_StdPeriph_Driver\src\stm32f4xx_tim.c 0x00000000   Number         0  stm32f4xx_tim.o ABSOLUTE
    ..\librarys\STM32F4xx_StdPeriph_Driver\src\stm32f4xx_usart.c 0x00000000   Number         0  stm32f4xx_usart.o ABSOLUTE
    ..\librarys\STM32F4xx_StdPeriph_Driver\src\stm32f4xx_wwdg.c 0x00000000   Number         0  stm32f4xx_wwdg.o ABSOLUTE
    ..\ucos\port\os_cpu_a.asm                0x00000000   Number         0  os_cpu_a.o ABSOLUTE
    ..\ucos\port\os_cpu_c.c                  0x00000000   Number         0  os_cpu_c.o ABSOLUTE
    ..\ucos\port\os_dbg_r.c                  0x00000000   Number         0  os_dbg_r.o ABSOLUTE
    ..\ucos\source\os_core.c                 0x00000000   Number         0  os_core.o ABSOLUTE
    ..\ucos\source\os_flag.c                 0x00000000   Number         0  os_flag.o ABSOLUTE
    ..\ucos\source\os_mbox.c                 0x00000000   Number         0  os_mbox.o ABSOLUTE
    ..\ucos\source\os_mem.c                  0x00000000   Number         0  os_mem.o ABSOLUTE
    ..\ucos\source\os_mutex.c                0x00000000   Number         0  os_mutex.o ABSOLUTE
    ..\ucos\source\os_q.c                    0x00000000   Number         0  os_q.o ABSOLUTE
    ..\ucos\source\os_sem.c                  0x00000000   Number         0  os_sem.o ABSOLUTE
    ..\ucos\source\os_task.c                 0x00000000   Number         0  os_task.o ABSOLUTE
    ..\ucos\source\os_time.c                 0x00000000   Number         0  os_time.o ABSOLUTE
    ..\ucos\source\os_tmr.c                  0x00000000   Number         0  os_tmr.o ABSOLUTE
    cdrcmple.s                               0x00000000   Number         0  cdrcmple.o ABSOLUTE
    dc.s                                     0x00000000   Number         0  dc.o ABSOLUTE
    handlers.s                               0x00000000   Number         0  handlers.o ABSOLUTE
    init.s                                   0x00000000   Number         0  init.o ABSOLUTE
    RESET                                    0x08000000   Section      392  startup_stm32f4xx.o(RESET)
    .ARM.Collect$$$$00000000                 0x08000188   Section        0  entry.o(.ARM.Collect$$$$00000000)
    .ARM.Collect$$$$00000001                 0x08000188   Section        4  entry2.o(.ARM.Collect$$$$00000001)
    .ARM.Collect$$$$00000004                 0x0800018c   Section        4  entry5.o(.ARM.Collect$$$$00000004)
    .ARM.Collect$$$$00000008                 0x08000190   Section        0  entry7b.o(.ARM.Collect$$$$00000008)
    .ARM.Collect$$$$0000000A                 0x08000190   Section        0  entry8b.o(.ARM.Collect$$$$0000000A)
    .ARM.Collect$$$$0000000B                 0x08000190   Section        8  entry9a.o(.ARM.Collect$$$$0000000B)
    .ARM.Collect$$$$0000000D                 0x08000198   Section        0  entry10a.o(.ARM.Collect$$$$0000000D)
    .ARM.Collect$$$$0000000F                 0x08000198   Section        0  entry11a.o(.ARM.Collect$$$$0000000F)
    .ARM.Collect$$$$00002712                 0x08000198   Section        4  entry2.o(.ARM.Collect$$$$00002712)
    __lit__00000000                          0x08000198   Data           4  entry2.o(.ARM.Collect$$$$00002712)
    .emb_text                                0x0800019c   Section       32  commhandle.o(.emb_text)
    $v0                                      0x0800019c   Number         0  commhandle.o(.emb_text)
    .text                                    0x080001bc   Section       44  startup_stm32f4xx.o(.text)
    $v0                                      0x080001bc   Number         0  startup_stm32f4xx.o(.text)
    .text                                    0x080001e8   Section      180  os_cpu_a.o(.text)
    $v0                                      0x080001e8   Number         0  os_cpu_a.o(.text)
    .text                                    0x0800029c   Section        0  memseta.o(.text)
    .text                                    0x080002c0   Section        0  uldiv.o(.text)
    .text                                    0x08000324   Section       36  init.o(.text)
    .text                                    0x08000348   Section        0  llshl.o(.text)
    .text                                    0x08000366   Section        0  llushr.o(.text)
    .text                                    0x08000386   Section        0  __dczerorl2.o(.text)
    i.AddKeyRound                            0x080003dc   Section        0  aes.o(i.AddKeyRound)
    i.AppCRC                                 0x0800044c   Section        0  appcrc.o(i.AppCRC)
    i.BaudRateProc                           0x08000558   Section        0  commhandle.o(i.BaudRateProc)
    i.BusFault_Handler                       0x0800059c   Section        0  stm32f4xx_it.o(i.BusFault_Handler)
    i.CalculateCRC                           0x080005a0   Section        0  framepack.o(i.CalculateCRC)
    i.CheckCipherValidID                     0x080005d4   Section        0  appcrc.o(i.CheckCipherValidID)
    i.CheckProgramData                       0x080006a8   Section        0  flashopt.o(i.CheckProgramData)
    i.Data2Flash                             0x080006e0   Section        0  flashopt.o(i.Data2Flash)
    i.DataAreaWRPLock                        0x08000778   Section        0  wrprotect.o(i.DataAreaWRPLock)
    i.DataAreaWRPUnlock                      0x08000814   Section        0  wrprotect.o(i.DataAreaWRPUnlock)
    i.DebugMon_Handler                       0x080008f4   Section        0  stm32f4xx_it.o(i.DebugMon_Handler)
    i.DesKeyProc                             0x080008f8   Section        0  capher.o(i.DesKeyProc)
    i.EXTI_ClearITPendingBit                 0x080009d0   Section        0  stm32f4xx_exti.o(i.EXTI_ClearITPendingBit)
    i.ExecFrame                              0x080009dc   Section        0  commhandle.o(i.ExecFrame)
    ExecFrame                                0x080009dd   Thumb Code   120  commhandle.o(i.ExecFrame)
    i.FLASH_ClearFlag                        0x08000a58   Section        0  stm32f4xx_flash.o(i.FLASH_ClearFlag)
    i.FLASH_EraseSector                      0x08000a64   Section        0  stm32f4xx_flash.o(i.FLASH_EraseSector)
    i.FLASH_GetStatus                        0x08000aec   Section        0  stm32f4xx_flash.o(i.FLASH_GetStatus)
    i.FLASH_Lock                             0x08000b34   Section        0  stm32f4xx_flash.o(i.FLASH_Lock)
    i.FLASH_OB_GetRDP                        0x08000b48   Section        0  stm32f4xx_flash.o(i.FLASH_OB_GetRDP)
    i.FLASH_OB_GetWRP                        0x08000b60   Section        0  stm32f4xx_flash.o(i.FLASH_OB_GetWRP)
    i.FLASH_OB_Launch                        0x08000b6c   Section        0  stm32f4xx_flash.o(i.FLASH_OB_Launch)
    i.FLASH_OB_Lock                          0x08000b8c   Section        0  stm32f4xx_flash.o(i.FLASH_OB_Lock)
    i.FLASH_OB_RDPConfig                     0x08000ba0   Section        0  stm32f4xx_flash.o(i.FLASH_OB_RDPConfig)
    i.FLASH_OB_Unlock                        0x08000bbc   Section        0  stm32f4xx_flash.o(i.FLASH_OB_Unlock)
    i.FLASH_OB_WRPConfig                     0x08000be0   Section        0  stm32f4xx_flash.o(i.FLASH_OB_WRPConfig)
    i.FLASH_ProgramWord                      0x08000c14   Section        0  stm32f4xx_flash.o(i.FLASH_ProgramWord)
    i.FLASH_Unlock                           0x08000c64   Section        0  stm32f4xx_flash.o(i.FLASH_Unlock)
    i.FLASH_WaitForLastOperation             0x08000c98   Section        0  stm32f4xx_flash.o(i.FLASH_WaitForLastOperation)
    i.FetchFromQ                             0x08000cba   Section        0  queue.o(i.FetchFromQ)
    i.FirmwDateUpdate                        0x08000ce8   Section        0  firmwareupdate.o(i.FirmwDateUpdate)
    i.FlashWRPLock                           0x08000e94   Section        0  wrprotect.o(i.FlashWRPLock)
    i.FlashWRPUnlock                         0x08000ebe   Section        0  wrprotect.o(i.FlashWRPUnlock)
    i.FrameParseExec                         0x08000eec   Section        0  commhandle.o(i.FrameParseExec)
    i.GPIO_Config                            0x08000f24   Section        0  inithw.o(i.GPIO_Config)
    i.GPIO_Init                              0x08000f98   Section        0  stm32f4xx_gpio.o(i.GPIO_Init)
    i.GPIO_PinAFConfig                       0x08001028   Section        0  stm32f4xx_gpio.o(i.GPIO_PinAFConfig)
    i.GPIO_ResetBits                         0x0800106e   Section        0  stm32f4xx_gpio.o(i.GPIO_ResetBits)
    i.GPIO_SetBits                           0x08001072   Section        0  stm32f4xx_gpio.o(i.GPIO_SetBits)
    i.GPIO_ToggleBits                        0x08001076   Section        0  stm32f4xx_gpio.o(i.GPIO_ToggleBits)
    i.GetSector                              0x08001080   Section        0  flashopt.o(i.GetSector)
    i.GetSectorSize                          0x08001164   Section        0  flashopt.o(i.GetSectorSize)
    i.GoToAddr                               0x080011b4   Section        0  appcrc.o(i.GoToAddr)
    i.HardFault_Handler_proc                 0x080011e0   Section        0  hardfaultproc.o(i.HardFault_Handler_proc)
    i.InitApp                                0x080013a8   Section        0  main.o(i.InitApp)
    i.InitBoardDev                           0x080013b0   Section        0  main.o(i.InitBoardDev)
    i.InitComm                               0x080013f4   Section        0  commhandle.o(i.InitComm)
    i.InitQueue                              0x08001430   Section        0  queue.o(i.InitQueue)
    i.InitTimer5                             0x08001454   Section        0  timer.o(i.InitTimer5)
    i.InitUART                               0x080014c4   Section        0  uart.o(i.InitUART)
    i.InitUARTQBuff                          0x08001600   Section        0  uart.o(i.InitUARTQBuff)
    i.InvCipher                              0x08001648   Section        0  aes.o(i.InvCipher)
    i.InvCipherAppData                       0x08001700   Section        0  appcrc.o(i.InvCipherAppData)
    i.InvMixColumns                          0x080017b4   Section        0  aes.o(i.InvMixColumns)
    i.InvShiftRows                           0x08001aba   Section        0  aes.o(i.InvShiftRows)
    i.InvSubBytes                            0x08001aec   Section        0  aes.o(i.InvSubBytes)
    i.KeyExpansion                           0x08001b18   Section        0  aes.o(i.KeyExpansion)
    i.MemManage_Handler                      0x08001bc0   Section        0  stm32f4xx_it.o(i.MemManage_Handler)
    i.MemoryCmp                              0x08001bc4   Section        0  userlib.o(i.MemoryCmp)
    i.NMI_Handler                            0x08001be4   Section        0  stm32f4xx_it.o(i.NMI_Handler)
    i.NVIC_Init                              0x08001c04   Section        0  misc.o(i.NVIC_Init)
    i.OSTaskSwHook                           0x08001c7c   Section        0  os_cpu_c.o(i.OSTaskSwHook)
    i.ParseFrame                             0x08001c80   Section        0  commhandle.o(i.ParseFrame)
    i.ProgramFlashErase                      0x08001dcc   Section        0  flashopt.o(i.ProgramFlashErase)
    i.RCC_AHB1PeriphClockCmd                 0x08001e30   Section        0  stm32f4xx_rcc.o(i.RCC_AHB1PeriphClockCmd)
    i.RCC_APB1PeriphClockCmd                 0x08001e50   Section        0  stm32f4xx_rcc.o(i.RCC_APB1PeriphClockCmd)
    i.RCC_APB1PeriphResetCmd                 0x08001e70   Section        0  stm32f4xx_rcc.o(i.RCC_APB1PeriphResetCmd)
    i.RCC_APB2PeriphClockCmd                 0x08001e90   Section        0  stm32f4xx_rcc.o(i.RCC_APB2PeriphClockCmd)
    i.RCC_APB2PeriphResetCmd                 0x08001eb0   Section        0  stm32f4xx_rcc.o(i.RCC_APB2PeriphResetCmd)
    i.RCC_ClearITPendingBit                  0x08001ed0   Section        0  stm32f4xx_rcc.o(i.RCC_ClearITPendingBit)
    i.RCC_GetClocksFreq                      0x08001edc   Section        0  stm32f4xx_rcc.o(i.RCC_GetClocksFreq)
    i.RCC_GetITStatus                        0x08001fc4   Section        0  stm32f4xx_rcc.o(i.RCC_GetITStatus)
    i.RCC_HSEConfig                          0x08001fdc   Section        0  stm32f4xx_rcc.o(i.RCC_HSEConfig)
    i.RCC_ITConfig                           0x08001fec   Section        0  stm32f4xx_rcc.o(i.RCC_ITConfig)
    i.RTC_Alarm_IRQHandler                   0x0800200c   Section        0  rtc.o(i.RTC_Alarm_IRQHandler)
    i.RTC_ClearITPendingBit                  0x0800206c   Section        0  stm32f4xx_rtc.o(i.RTC_ClearITPendingBit)
    i.RTC_GetITStatus                        0x0800208c   Section        0  stm32f4xx_rtc.o(i.RTC_GetITStatus)
    i.ReadCPUID                              0x080020cc   Section        0  cpuid.o(i.ReadCPUID)
    i.SVC_Handler                            0x080020f0   Section        0  stm32f4xx_it.o(i.SVC_Handler)
    i.SendFrame                              0x080020f2   Section        0  framepack.o(i.SendFrame)
    i.SetSysClock                            0x08002130   Section        0  system_stm32f4xx.o(i.SetSysClock)
    SetSysClock                              0x08002131   Thumb Code   220  system_stm32f4xx.o(i.SetSysClock)
    i.StartDesProc                           0x0800221c   Section        0  capher.o(i.StartDesProc)
    i.StartFireWareUpdate                    0x0800228c   Section        0  firmwareupdate.o(i.StartFireWareUpdate)
    i.Store2Q                                0x080023cc   Section        0  queue.o(i.Store2Q)
    i.StoreKey                               0x08002400   Section        0  capher.o(i.StoreKey)
    i.SubWord                                0x08002420   Section        0  aes.o(i.SubWord)
    i.SysTick_Handler                        0x08002458   Section        0  stm32f4xx_it.o(i.SysTick_Handler)
    i.SystemInit                             0x0800245c   Section        0  system_stm32f4xx.o(i.SystemInit)
    i.SystemResetProc                        0x080024c4   Section        0  commhandle.o(i.SystemResetProc)
    i.TIM2_IRQHandler                        0x0800251c   Section        0  timer.o(i.TIM2_IRQHandler)
    i.TIM3_IRQHandler                        0x08002550   Section        0  timer.o(i.TIM3_IRQHandler)
    i.TIM4_IRQHandler                        0x08002578   Section        0  timer.o(i.TIM4_IRQHandler)
    i.TIM5_IRQHandler                        0x08002594   Section        0  timer.o(i.TIM5_IRQHandler)
    i.TIM7_IRQHandler                        0x080025bc   Section        0  timer.o(i.TIM7_IRQHandler)
    i.TIM_ClearITPendingBit                  0x080025e4   Section        0  stm32f4xx_tim.o(i.TIM_ClearITPendingBit)
    i.TIM_Cmd                                0x080025ea   Section        0  stm32f4xx_tim.o(i.TIM_Cmd)
    i.TIM_GetCounter                         0x08002602   Section        0  stm32f4xx_tim.o(i.TIM_GetCounter)
    i.TIM_GetITStatus                        0x08002608   Section        0  stm32f4xx_tim.o(i.TIM_GetITStatus)
    i.TIM_SetCounter                         0x0800262a   Section        0  stm32f4xx_tim.o(i.TIM_SetCounter)
    i.TIM_TimeBaseInit                       0x08002630   Section        0  stm32f4xx_tim.o(i.TIM_TimeBaseInit)
    i.TakeOutKey                             0x080026b4   Section        0  capher.o(i.TakeOutKey)
    i.UARTSendFrame                          0x080026d4   Section        0  framepack.o(i.UARTSendFrame)
    i.UART_SendBytes                         0x08002708   Section        0  uart.o(i.UART_SendBytes)
    i.USART1_IRQHandler                      0x08002734   Section        0  uart.o(i.USART1_IRQHandler)
    i.USART2_IRQHandler                      0x08002778   Section        0  uart.o(i.USART2_IRQHandler)
    i.USART_ClearFlag                        0x080027b0   Section        0  stm32f4xx_usart.o(i.USART_ClearFlag)
    i.USART_ClearITPendingBit                0x080027c2   Section        0  stm32f4xx_usart.o(i.USART_ClearITPendingBit)
    i.USART_Cmd                              0x080027e0   Section        0  stm32f4xx_usart.o(i.USART_Cmd)
    i.USART_DeInit                           0x080027f8   Section        0  stm32f4xx_usart.o(i.USART_DeInit)
    i.USART_GetFlagStatus                    0x080028ac   Section        0  stm32f4xx_usart.o(i.USART_GetFlagStatus)
    i.USART_GetITStatus                      0x080028c6   Section        0  stm32f4xx_usart.o(i.USART_GetITStatus)
    i.USART_ITConfig                         0x0800291a   Section        0  stm32f4xx_usart.o(i.USART_ITConfig)
    i.USART_Init                             0x08002964   Section        0  stm32f4xx_usart.o(i.USART_Init)
    i.USART_SendData                         0x08002a38   Section        0  stm32f4xx_usart.o(i.USART_SendData)
    i.UsageFault_Handler                     0x08002a40   Section        0  stm32f4xx_it.o(i.UsageFault_Handler)
    i.__0printf$5                            0x08002a44   Section        0  printf5.o(i.__0printf$5)
    i.__scatterload_copy                     0x08002a64   Section       14  handlers.o(i.__scatterload_copy)
    i.__scatterload_null                     0x08002a72   Section        2  handlers.o(i.__scatterload_null)
    i.__scatterload_zeroinit                 0x08002a74   Section       14  handlers.o(i.__scatterload_zeroinit)
    i._printf_core                           0x08002a84   Section        0  printf5.o(i._printf_core)
    _printf_core                             0x08002a85   Thumb Code   658  printf5.o(i._printf_core)
    i.fputc                                  0x08002d44   Section        0  m_printf.o(i.fputc)
    i.main                                   0x08002d68   Section        0  main.o(i.main)
    i.xtimes02                               0x08002dd4   Section        0  aes.o(i.xtimes02)
    i.xtimes09                               0x08002dec   Section        0  aes.o(i.xtimes09)
    i.xtimes0B                               0x08002e12   Section        0  aes.o(i.xtimes0B)
    i.xtimes0D                               0x08002e3a   Section        0  aes.o(i.xtimes0D)
    i.xtimes0E                               0x08002e62   Section        0  aes.o(i.xtimes0E)
    .constdata                               0x08002e8c   Section       52  aes.o(.constdata)
    .data                                    0x20000000   Section        5  main.o(.data)
    .data                                    0x20000008   Section        8  commhandle.o(.data)
    pCF                                      0x20000008   Data           4  commhandle.o(.data)
    .data                                    0x20000010   Section        8  m_printf.o(.data)
    .data                                    0x20000018   Section       16  userlib.o(.data)
    .data                                    0x20000028   Section        5  simui2c.o(.data)
    .data                                    0x20000030   Section       32  appcrc.o(.data)
    .data                                    0x20000050   Section      192  flashopt.o(.data)
    .data                                    0x20000110   Section      512  aes.o(.data)
    .data                                    0x20000310   Section       16  capher.o(.data)
    .data                                    0x20000320   Section       25  firmwareupdate.o(.data)
    .data                                    0x2000033c   Section       32  wrprotect.o(.data)
    .data                                    0x2000035c   Section        8  uart.o(.data)
    .data                                    0x20000364   Section       36  timer.o(.data)
    .data                                    0x20000388   Section        9  rtc.o(.data)
    sys_Led_run                              0x20000390   Data           1  rtc.o(.data)
    .data                                    0x20000391   Section       16  stm32f4xx_rcc.o(.data)
    APBAHBPrescTable                         0x20000391   Data          16  stm32f4xx_rcc.o(.data)
    .data                                    0x200003a4   Section       76  os_core.o(.data)
    .bss                                     0x200003f0   Section    10720  commhandle.o(.bss)
    CommFrame                                0x200003f0   Data        2512  commhandle.o(.bss)
    .bss                                     0x20002dd0   Section     8223  uart.o(.bss)
    STACK                                    0x20004df0   Section     1024  startup_stm32f4xx.o(STACK)

    Global Symbols

    Symbol Name                              Value     Ov Type        Size  Object(Section)

    BuildAttributes$$THM_ISAv4$E$P$D$K$B$S$7EM$VFPi3$EXTD16$VFPS$VFMA$PE$A:L22UL41UL21$X:L11$S22US41US21$IEEE1$IW$USESV6$~STKCKD$USESV7$~SHL$OSPACE$ROPI$EBA8$MICROLIB$REQ8$PRES8$EABIv2 0x00000000   Number         0  anon$$obj.o ABSOLUTE
    __ARM_use_no_argv                        0x00000000   Number         0  main.o ABSOLUTE
    _printf_a                                0x00000000   Number         0  stubs.o ABSOLUTE
    _printf_c                                0x00000000   Number         0  stubs.o ABSOLUTE
    _printf_charcount                        0x00000000   Number         0  stubs.o ABSOLUTE
    _printf_d                                0x00000000   Number         0  stubs.o ABSOLUTE
    _printf_e                                0x00000000   Number         0  stubs.o ABSOLUTE
    _printf_f                                0x00000000   Number         0  stubs.o ABSOLUTE
    _printf_flags                            0x00000000   Number         0  stubs.o ABSOLUTE
    _printf_fp_dec                           0x00000000   Number         0  stubs.o ABSOLUTE
    _printf_fp_hex                           0x00000000   Number         0  stubs.o ABSOLUTE
    _printf_g                                0x00000000   Number         0  stubs.o ABSOLUTE
    _printf_i                                0x00000000   Number         0  stubs.o ABSOLUTE
    _printf_int_dec                          0x00000000   Number         0  stubs.o ABSOLUTE
    _printf_l                                0x00000000   Number         0  stubs.o ABSOLUTE
    _printf_lc                               0x00000000   Number         0  stubs.o ABSOLUTE
    _printf_ll                               0x00000000   Number         0  stubs.o ABSOLUTE
    _printf_lld                              0x00000000   Number         0  stubs.o ABSOLUTE
    _printf_lli                              0x00000000   Number         0  stubs.o ABSOLUTE
    _printf_llo                              0x00000000   Number         0  stubs.o ABSOLUTE
    _printf_llu                              0x00000000   Number         0  stubs.o ABSOLUTE
    _printf_llx                              0x00000000   Number         0  stubs.o ABSOLUTE
    _printf_longlong_dec                     0x00000000   Number         0  stubs.o ABSOLUTE
    _printf_longlong_hex                     0x00000000   Number         0  stubs.o ABSOLUTE
    _printf_longlong_oct                     0x00000000   Number         0  stubs.o ABSOLUTE
    _printf_ls                               0x00000000   Number         0  stubs.o ABSOLUTE
    _printf_mbtowc                           0x00000000   Number         0  stubs.o ABSOLUTE
    _printf_n                                0x00000000   Number         0  stubs.o ABSOLUTE
    _printf_o                                0x00000000   Number         0  stubs.o ABSOLUTE
    _printf_p                                0x00000000   Number         0  stubs.o ABSOLUTE
    _printf_percent                          0x00000000   Number         0  stubs.o ABSOLUTE
    _printf_pre_padding                      0x00000000   Number         0  stubs.o ABSOLUTE
    _printf_return_value                     0x00000000   Number         0  stubs.o ABSOLUTE
    _printf_s                                0x00000000   Number         0  stubs.o ABSOLUTE
    _printf_sizespec                         0x00000000   Number         0  stubs.o ABSOLUTE
    _printf_str                              0x00000000   Number         0  stubs.o ABSOLUTE
    _printf_truncate_signed                  0x00000000   Number         0  stubs.o ABSOLUTE
    _printf_truncate_unsigned                0x00000000   Number         0  stubs.o ABSOLUTE
    _printf_u                                0x00000000   Number         0  stubs.o ABSOLUTE
    _printf_wc                               0x00000000   Number         0  stubs.o ABSOLUTE
    _printf_wctomb                           0x00000000   Number         0  stubs.o ABSOLUTE
    _printf_widthprec                        0x00000000   Number         0  stubs.o ABSOLUTE
    _printf_x                                0x00000000   Number         0  stubs.o ABSOLUTE
    __cpp_initialize__aeabi_                  - Undefined Weak Reference
    __cxa_finalize                            - Undefined Weak Reference
    _clock_init                               - Undefined Weak Reference
    _microlib_exit                            - Undefined Weak Reference
    __Vectors_Size                           0x00000188   Number         0  startup_stm32f4xx.o ABSOLUTE
    __Vectors                                0x08000000   Data           4  startup_stm32f4xx.o(RESET)
    __Vectors_End                            0x08000188   Data           0  startup_stm32f4xx.o(RESET)
    __main                                   0x08000189   Thumb Code     0  entry.o(.ARM.Collect$$$$00000000)
    _main_stk                                0x08000189   Thumb Code     0  entry2.o(.ARM.Collect$$$$00000001)
    _main_scatterload                        0x0800018d   Thumb Code     0  entry5.o(.ARM.Collect$$$$00000004)
    __main_after_scatterload                 0x08000191   Thumb Code     0  entry5.o(.ARM.Collect$$$$00000004)
    _main_clock                              0x08000191   Thumb Code     0  entry7b.o(.ARM.Collect$$$$00000008)
    _main_cpp_init                           0x08000191   Thumb Code     0  entry8b.o(.ARM.Collect$$$$0000000A)
    _main_init                               0x08000191   Thumb Code     0  entry9a.o(.ARM.Collect$$$$0000000B)
    __rt_final_cpp                           0x08000199   Thumb Code     0  entry10a.o(.ARM.Collect$$$$0000000D)
    __rt_final_exit                          0x08000199   Thumb Code     0  entry11a.o(.ARM.Collect$$$$0000000F)
    __asm___12_CommHandle_c_InitComm____REV16 0x0800019d   Thumb Code     4  commhandle.o(.emb_text)
    __asm___12_CommHandle_c_InitComm____REVSH 0x080001a1   Thumb Code     4  commhandle.o(.emb_text)
    SystemReset                              0x080001a5   Thumb Code    16  commhandle.o(.emb_text)
    Reset_Handler                            0x080001bd   Thumb Code     4  startup_stm32f4xx.o(.text)
    HardFault_Handler                        0x080001c3   Thumb Code    18  startup_stm32f4xx.o(.text)
    ADC_IRQHandler                           0x080001e3   Thumb Code     0  startup_stm32f4xx.o(.text)
    CAN1_RX0_IRQHandler                      0x080001e3   Thumb Code     0  startup_stm32f4xx.o(.text)
    CAN1_RX1_IRQHandler                      0x080001e3   Thumb Code     0  startup_stm32f4xx.o(.text)
    CAN1_SCE_IRQHandler                      0x080001e3   Thumb Code     0  startup_stm32f4xx.o(.text)
    CAN1_TX_IRQHandler                       0x080001e3   Thumb Code     0  startup_stm32f4xx.o(.text)
    CAN2_RX0_IRQHandler                      0x080001e3   Thumb Code     0  startup_stm32f4xx.o(.text)
    CAN2_RX1_IRQHandler                      0x080001e3   Thumb Code     0  startup_stm32f4xx.o(.text)
    CAN2_SCE_IRQHandler                      0x080001e3   Thumb Code     0  startup_stm32f4xx.o(.text)
    CAN2_TX_IRQHandler                       0x080001e3   Thumb Code     0  startup_stm32f4xx.o(.text)
    CRYP_IRQHandler                          0x080001e3   Thumb Code     0  startup_stm32f4xx.o(.text)
    DCMI_IRQHandler                          0x080001e3   Thumb Code     0  startup_stm32f4xx.o(.text)
    DMA1_Stream0_IRQHandler                  0x080001e3   Thumb Code     0  startup_stm32f4xx.o(.text)
    DMA1_Stream1_IRQHandler                  0x080001e3   Thumb Code     0  startup_stm32f4xx.o(.text)
    DMA1_Stream2_IRQHandler                  0x080001e3   Thumb Code     0  startup_stm32f4xx.o(.text)
    DMA1_Stream3_IRQHandler                  0x080001e3   Thumb Code     0  startup_stm32f4xx.o(.text)
    DMA1_Stream4_IRQHandler                  0x080001e3   Thumb Code     0  startup_stm32f4xx.o(.text)
    DMA1_Stream5_IRQHandler                  0x080001e3   Thumb Code     0  startup_stm32f4xx.o(.text)
    DMA1_Stream6_IRQHandler                  0x080001e3   Thumb Code     0  startup_stm32f4xx.o(.text)
    DMA1_Stream7_IRQHandler                  0x080001e3   Thumb Code     0  startup_stm32f4xx.o(.text)
    DMA2_Stream0_IRQHandler                  0x080001e3   Thumb Code     0  startup_stm32f4xx.o(.text)
    DMA2_Stream1_IRQHandler                  0x080001e3   Thumb Code     0  startup_stm32f4xx.o(.text)
    DMA2_Stream2_IRQHandler                  0x080001e3   Thumb Code     0  startup_stm32f4xx.o(.text)
    DMA2_Stream3_IRQHandler                  0x080001e3   Thumb Code     0  startup_stm32f4xx.o(.text)
    DMA2_Stream4_IRQHandler                  0x080001e3   Thumb Code     0  startup_stm32f4xx.o(.text)
    DMA2_Stream5_IRQHandler                  0x080001e3   Thumb Code     0  startup_stm32f4xx.o(.text)
    DMA2_Stream6_IRQHandler                  0x080001e3   Thumb Code     0  startup_stm32f4xx.o(.text)
    DMA2_Stream7_IRQHandler                  0x080001e3   Thumb Code     0  startup_stm32f4xx.o(.text)
    ETH_IRQHandler                           0x080001e3   Thumb Code     0  startup_stm32f4xx.o(.text)
    ETH_WKUP_IRQHandler                      0x080001e3   Thumb Code     0  startup_stm32f4xx.o(.text)
    EXTI0_IRQHandler                         0x080001e3   Thumb Code     0  startup_stm32f4xx.o(.text)
    EXTI15_10_IRQHandler                     0x080001e3   Thumb Code     0  startup_stm32f4xx.o(.text)
    EXTI1_IRQHandler                         0x080001e3   Thumb Code     0  startup_stm32f4xx.o(.text)
    EXTI2_IRQHandler                         0x080001e3   Thumb Code     0  startup_stm32f4xx.o(.text)
    EXTI3_IRQHandler                         0x080001e3   Thumb Code     0  startup_stm32f4xx.o(.text)
    EXTI4_IRQHandler                         0x080001e3   Thumb Code     0  startup_stm32f4xx.o(.text)
    EXTI9_5_IRQHandler                       0x080001e3   Thumb Code     0  startup_stm32f4xx.o(.text)
    FLASH_IRQHandler                         0x080001e3   Thumb Code     0  startup_stm32f4xx.o(.text)
    FPU_IRQHandler                           0x080001e3   Thumb Code     0  startup_stm32f4xx.o(.text)
    FSMC_IRQHandler                          0x080001e3   Thumb Code     0  startup_stm32f4xx.o(.text)
    HASH_RNG_IRQHandler                      0x080001e3   Thumb Code     0  startup_stm32f4xx.o(.text)
    I2C1_ER_IRQHandler                       0x080001e3   Thumb Code     0  startup_stm32f4xx.o(.text)
    I2C1_EV_IRQHandler                       0x080001e3   Thumb Code     0  startup_stm32f4xx.o(.text)
    I2C2_ER_IRQHandler                       0x080001e3   Thumb Code     0  startup_stm32f4xx.o(.text)
    I2C2_EV_IRQHandler                       0x080001e3   Thumb Code     0  startup_stm32f4xx.o(.text)
    I2C3_ER_IRQHandler                       0x080001e3   Thumb Code     0  startup_stm32f4xx.o(.text)
    I2C3_EV_IRQHandler                       0x080001e3   Thumb Code     0  startup_stm32f4xx.o(.text)
    OTG_FS_IRQHandler                        0x080001e3   Thumb Code     0  startup_stm32f4xx.o(.text)
    OTG_FS_WKUP_IRQHandler                   0x080001e3   Thumb Code     0  startup_stm32f4xx.o(.text)
    OTG_HS_EP1_IN_IRQHandler                 0x080001e3   Thumb Code     0  startup_stm32f4xx.o(.text)
    OTG_HS_EP1_OUT_IRQHandler                0x080001e3   Thumb Code     0  startup_stm32f4xx.o(.text)
    OTG_HS_IRQHandler                        0x080001e3   Thumb Code     0  startup_stm32f4xx.o(.text)
    OTG_HS_WKUP_IRQHandler                   0x080001e3   Thumb Code     0  startup_stm32f4xx.o(.text)
    PVD_IRQHandler                           0x080001e3   Thumb Code     0  startup_stm32f4xx.o(.text)
    RCC_IRQHandler                           0x080001e3   Thumb Code     0  startup_stm32f4xx.o(.text)
    RTC_WKUP_IRQHandler                      0x080001e3   Thumb Code     0  startup_stm32f4xx.o(.text)
    SDIO_IRQHandler                          0x080001e3   Thumb Code     0  startup_stm32f4xx.o(.text)
    SPI1_IRQHandler                          0x080001e3   Thumb Code     0  startup_stm32f4xx.o(.text)
    SPI2_IRQHandler                          0x080001e3   Thumb Code     0  startup_stm32f4xx.o(.text)
    SPI3_IRQHandler                          0x080001e3   Thumb Code     0  startup_stm32f4xx.o(.text)
    TAMP_STAMP_IRQHandler                    0x080001e3   Thumb Code     0  startup_stm32f4xx.o(.text)
    TIM1_BRK_TIM9_IRQHandler                 0x080001e3   Thumb Code     0  startup_stm32f4xx.o(.text)
    TIM1_CC_IRQHandler                       0x080001e3   Thumb Code     0  startup_stm32f4xx.o(.text)
    TIM1_TRG_COM_TIM11_IRQHandler            0x080001e3   Thumb Code     0  startup_stm32f4xx.o(.text)
    TIM1_UP_TIM10_IRQHandler                 0x080001e3   Thumb Code     0  startup_stm32f4xx.o(.text)
    TIM6_DAC_IRQHandler                      0x080001e3   Thumb Code     0  startup_stm32f4xx.o(.text)
    TIM8_BRK_TIM12_IRQHandler                0x080001e3   Thumb Code     0  startup_stm32f4xx.o(.text)
    TIM8_CC_IRQHandler                       0x080001e3   Thumb Code     0  startup_stm32f4xx.o(.text)
    TIM8_TRG_COM_TIM14_IRQHandler            0x080001e3   Thumb Code     0  startup_stm32f4xx.o(.text)
    TIM8_UP_TIM13_IRQHandler                 0x080001e3   Thumb Code     0  startup_stm32f4xx.o(.text)
    UART4_IRQHandler                         0x080001e3   Thumb Code     0  startup_stm32f4xx.o(.text)
    UART5_IRQHandler                         0x080001e3   Thumb Code     0  startup_stm32f4xx.o(.text)
    USART3_IRQHandler                        0x080001e3   Thumb Code     0  startup_stm32f4xx.o(.text)
    USART6_IRQHandler                        0x080001e3   Thumb Code     0  startup_stm32f4xx.o(.text)
    WWDG_IRQHandler                          0x080001e3   Thumb Code     0  startup_stm32f4xx.o(.text)
    OS_CPU_SR_Save                           0x080001e9   Thumb Code     0  os_cpu_a.o(.text)
    OS_CPU_SR_Restore                        0x080001f1   Thumb Code     0  os_cpu_a.o(.text)
    OSStartHighRdy                           0x080001f7   Thumb Code     0  os_cpu_a.o(.text)
    OSCtxSw                                  0x08000223   Thumb Code     0  os_cpu_a.o(.text)
    OSIntCtxSw                               0x0800022d   Thumb Code     0  os_cpu_a.o(.text)
    PendSV_Handler                           0x08000237   Thumb Code     0  os_cpu_a.o(.text)
    __aeabi_memset                           0x0800029d   Thumb Code    14  memseta.o(.text)
    __aeabi_memset4                          0x0800029d   Thumb Code     0  memseta.o(.text)
    __aeabi_memset8                          0x0800029d   Thumb Code     0  memseta.o(.text)
    __aeabi_memclr                           0x080002ab   Thumb Code     4  memseta.o(.text)
    __aeabi_memclr4                          0x080002ab   Thumb Code     0  memseta.o(.text)
    __aeabi_memclr8                          0x080002ab   Thumb Code     0  memseta.o(.text)
    _memset$wrapper                          0x080002af   Thumb Code    18  memseta.o(.text)
    __aeabi_uldivmod                         0x080002c1   Thumb Code    98  uldiv.o(.text)
    __scatterload                            0x08000325   Thumb Code    28  init.o(.text)
    __scatterload_rt2                        0x08000325   Thumb Code     0  init.o(.text)
    __aeabi_llsl                             0x08000349   Thumb Code    30  llshl.o(.text)
    _ll_shift_l                              0x08000349   Thumb Code     0  llshl.o(.text)
    __aeabi_llsr                             0x08000367   Thumb Code    32  llushr.o(.text)
    _ll_ushift_r                             0x08000367   Thumb Code     0  llushr.o(.text)
    __decompress                             0x08000387   Thumb Code     0  __dczerorl2.o(.text)
    __decompress1                            0x08000387   Thumb Code    86  __dczerorl2.o(.text)
    AddKeyRound                              0x080003dd   Thumb Code   112  aes.o(i.AddKeyRound)
    AppCRC                                   0x0800044d   Thumb Code   158  appcrc.o(i.AppCRC)
    BaudRateProc                             0x08000559   Thumb Code    64  commhandle.o(i.BaudRateProc)
    BusFault_Handler                         0x0800059d   Thumb Code     4  stm32f4xx_it.o(i.BusFault_Handler)
    CalculateCRC                             0x080005a1   Thumb Code    52  framepack.o(i.CalculateCRC)
    CheckCipherValidID                       0x080005d5   Thumb Code   194  appcrc.o(i.CheckCipherValidID)
    CheckProgramData                         0x080006a9   Thumb Code    56  flashopt.o(i.CheckProgramData)
    Data2Flash                               0x080006e1   Thumb Code   152  flashopt.o(i.Data2Flash)
    DataAreaWRPLock                          0x08000779   Thumb Code   152  wrprotect.o(i.DataAreaWRPLock)
    DataAreaWRPUnlock                        0x08000815   Thumb Code   220  wrprotect.o(i.DataAreaWRPUnlock)
    DebugMon_Handler                         0x080008f5   Thumb Code     2  stm32f4xx_it.o(i.DebugMon_Handler)
    DesKeyProc                               0x080008f9   Thumb Code   210  capher.o(i.DesKeyProc)
    EXTI_ClearITPendingBit                   0x080009d1   Thumb Code     6  stm32f4xx_exti.o(i.EXTI_ClearITPendingBit)
    FLASH_ClearFlag                          0x08000a59   Thumb Code     6  stm32f4xx_flash.o(i.FLASH_ClearFlag)
    FLASH_EraseSector                        0x08000a65   Thumb Code   130  stm32f4xx_flash.o(i.FLASH_EraseSector)
    FLASH_GetStatus                          0x08000aed   Thumb Code    66  stm32f4xx_flash.o(i.FLASH_GetStatus)
    FLASH_Lock                               0x08000b35   Thumb Code    14  stm32f4xx_flash.o(i.FLASH_Lock)
    FLASH_OB_GetRDP                          0x08000b49   Thumb Code    18  stm32f4xx_flash.o(i.FLASH_OB_GetRDP)
    FLASH_OB_GetWRP                          0x08000b61   Thumb Code     6  stm32f4xx_flash.o(i.FLASH_OB_GetWRP)
    FLASH_OB_Launch                          0x08000b6d   Thumb Code    26  stm32f4xx_flash.o(i.FLASH_OB_Launch)
    FLASH_OB_Lock                            0x08000b8d   Thumb Code    14  stm32f4xx_flash.o(i.FLASH_OB_Lock)
    FLASH_OB_RDPConfig                       0x08000ba1   Thumb Code    22  stm32f4xx_flash.o(i.FLASH_OB_RDPConfig)
    FLASH_OB_Unlock                          0x08000bbd   Thumb Code    24  stm32f4xx_flash.o(i.FLASH_OB_Unlock)
    FLASH_OB_WRPConfig                       0x08000be1   Thumb Code    46  stm32f4xx_flash.o(i.FLASH_OB_WRPConfig)
    FLASH_ProgramWord                        0x08000c15   Thumb Code    74  stm32f4xx_flash.o(i.FLASH_ProgramWord)
    FLASH_Unlock                             0x08000c65   Thumb Code    40  stm32f4xx_flash.o(i.FLASH_Unlock)
    FLASH_WaitForLastOperation               0x08000c99   Thumb Code    34  stm32f4xx_flash.o(i.FLASH_WaitForLastOperation)
    FetchFromQ                               0x08000cbb   Thumb Code    44  queue.o(i.FetchFromQ)
    FirmwDateUpdate                          0x08000ce9   Thumb Code   372  firmwareupdate.o(i.FirmwDateUpdate)
    FlashWRPLock                             0x08000e95   Thumb Code    42  wrprotect.o(i.FlashWRPLock)
    FlashWRPUnlock                           0x08000ebf   Thumb Code    44  wrprotect.o(i.FlashWRPUnlock)
    FrameParseExec                           0x08000eed   Thumb Code    50  commhandle.o(i.FrameParseExec)
    GPIO_Config                              0x08000f25   Thumb Code   110  inithw.o(i.GPIO_Config)
    GPIO_Init                                0x08000f99   Thumb Code   144  stm32f4xx_gpio.o(i.GPIO_Init)
    GPIO_PinAFConfig                         0x08001029   Thumb Code    70  stm32f4xx_gpio.o(i.GPIO_PinAFConfig)
    GPIO_ResetBits                           0x0800106f   Thumb Code     4  stm32f4xx_gpio.o(i.GPIO_ResetBits)
    GPIO_SetBits                             0x08001073   Thumb Code     4  stm32f4xx_gpio.o(i.GPIO_SetBits)
    GPIO_ToggleBits                          0x08001077   Thumb Code     8  stm32f4xx_gpio.o(i.GPIO_ToggleBits)
    GetSector                                0x08001081   Thumb Code   182  flashopt.o(i.GetSector)
    GetSectorSize                            0x08001165   Thumb Code    76  flashopt.o(i.GetSectorSize)
    GoToAddr                                 0x080011b5   Thumb Code    34  appcrc.o(i.GoToAddr)
    HardFault_Handler_proc                   0x080011e1   Thumb Code   176  hardfaultproc.o(i.HardFault_Handler_proc)
    InitApp                                  0x080013a9   Thumb Code     8  main.o(i.InitApp)
    InitBoardDev                             0x080013b1   Thumb Code    56  main.o(i.InitBoardDev)
    InitComm                                 0x080013f5   Thumb Code    38  commhandle.o(i.InitComm)
    InitQueue                                0x08001431   Thumb Code    36  queue.o(i.InitQueue)
    InitTimer5                               0x08001455   Thumb Code   100  timer.o(i.InitTimer5)
    InitUART                                 0x080014c5   Thumb Code   296  uart.o(i.InitUART)
    InitUARTQBuff                            0x08001601   Thumb Code    58  uart.o(i.InitUARTQBuff)
    InvCipher                                0x08001649   Thumb Code   182  aes.o(i.InvCipher)
    InvCipherAppData                         0x08001701   Thumb Code   162  appcrc.o(i.InvCipherAppData)
    InvMixColumns                            0x080017b5   Thumb Code   774  aes.o(i.InvMixColumns)
    InvShiftRows                             0x08001abb   Thumb Code    50  aes.o(i.InvShiftRows)
    InvSubBytes                              0x08001aed   Thumb Code    38  aes.o(i.InvSubBytes)
    KeyExpansion                             0x08001b19   Thumb Code   162  aes.o(i.KeyExpansion)
    MemManage_Handler                        0x08001bc1   Thumb Code     4  stm32f4xx_it.o(i.MemManage_Handler)
    MemoryCmp                                0x08001bc5   Thumb Code    32  userlib.o(i.MemoryCmp)
    NMI_Handler                              0x08001be5   Thumb Code    32  stm32f4xx_it.o(i.NMI_Handler)
    NVIC_Init                                0x08001c05   Thumb Code   106  misc.o(i.NVIC_Init)
    OSTaskSwHook                             0x08001c7d   Thumb Code     2  os_cpu_c.o(i.OSTaskSwHook)
    ParseFrame                               0x08001c81   Thumb Code   328  commhandle.o(i.ParseFrame)
    ProgramFlashErase                        0x08001dcd   Thumb Code    94  flashopt.o(i.ProgramFlashErase)
    RCC_AHB1PeriphClockCmd                   0x08001e31   Thumb Code    26  stm32f4xx_rcc.o(i.RCC_AHB1PeriphClockCmd)
    RCC_APB1PeriphClockCmd                   0x08001e51   Thumb Code    26  stm32f4xx_rcc.o(i.RCC_APB1PeriphClockCmd)
    RCC_APB1PeriphResetCmd                   0x08001e71   Thumb Code    26  stm32f4xx_rcc.o(i.RCC_APB1PeriphResetCmd)
    RCC_APB2PeriphClockCmd                   0x08001e91   Thumb Code    26  stm32f4xx_rcc.o(i.RCC_APB2PeriphClockCmd)
    RCC_APB2PeriphResetCmd                   0x08001eb1   Thumb Code    26  stm32f4xx_rcc.o(i.RCC_APB2PeriphResetCmd)
    RCC_ClearITPendingBit                    0x08001ed1   Thumb Code     6  stm32f4xx_rcc.o(i.RCC_ClearITPendingBit)
    RCC_GetClocksFreq                        0x08001edd   Thumb Code   214  stm32f4xx_rcc.o(i.RCC_GetClocksFreq)
    RCC_GetITStatus                          0x08001fc5   Thumb Code    20  stm32f4xx_rcc.o(i.RCC_GetITStatus)
    RCC_HSEConfig                            0x08001fdd   Thumb Code    12  stm32f4xx_rcc.o(i.RCC_HSEConfig)
    RCC_ITConfig                             0x08001fed   Thumb Code    26  stm32f4xx_rcc.o(i.RCC_ITConfig)
    RTC_Alarm_IRQHandler                     0x0800200d   Thumb Code    80  rtc.o(i.RTC_Alarm_IRQHandler)
    RTC_ClearITPendingBit                    0x0800206d   Thumb Code    28  stm32f4xx_rtc.o(i.RTC_ClearITPendingBit)
    RTC_GetITStatus                          0x0800208d   Thumb Code    58  stm32f4xx_rtc.o(i.RTC_GetITStatus)
    ReadCPUID                                0x080020cd   Thumb Code    32  cpuid.o(i.ReadCPUID)
    SVC_Handler                              0x080020f1   Thumb Code     2  stm32f4xx_it.o(i.SVC_Handler)
    SendFrame                                0x080020f3   Thumb Code    60  framepack.o(i.SendFrame)
    StartDesProc                             0x0800221d   Thumb Code   106  capher.o(i.StartDesProc)
    StartFireWareUpdate                      0x0800228d   Thumb Code   288  firmwareupdate.o(i.StartFireWareUpdate)
    Store2Q                                  0x080023cd   Thumb Code    52  queue.o(i.Store2Q)
    StoreKey                                 0x08002401   Thumb Code    32  capher.o(i.StoreKey)
    SubWord                                  0x08002421   Thumb Code    50  aes.o(i.SubWord)
    SysTick_Handler                          0x08002459   Thumb Code     2  stm32f4xx_it.o(i.SysTick_Handler)
    SystemInit                               0x0800245d   Thumb Code    88  system_stm32f4xx.o(i.SystemInit)
    SystemResetProc                          0x080024c5   Thumb Code    86  commhandle.o(i.SystemResetProc)
    TIM2_IRQHandler                          0x0800251d   Thumb Code    42  timer.o(i.TIM2_IRQHandler)
    TIM3_IRQHandler                          0x08002551   Thumb Code    32  timer.o(i.TIM3_IRQHandler)
    TIM4_IRQHandler                          0x08002579   Thumb Code    22  timer.o(i.TIM4_IRQHandler)
    TIM5_IRQHandler                          0x08002595   Thumb Code    32  timer.o(i.TIM5_IRQHandler)
    TIM7_IRQHandler                          0x080025bd   Thumb Code    32  timer.o(i.TIM7_IRQHandler)
    TIM_ClearITPendingBit                    0x080025e5   Thumb Code     6  stm32f4xx_tim.o(i.TIM_ClearITPendingBit)
    TIM_Cmd                                  0x080025eb   Thumb Code    24  stm32f4xx_tim.o(i.TIM_Cmd)
    TIM_GetCounter                           0x08002603   Thumb Code     6  stm32f4xx_tim.o(i.TIM_GetCounter)
    TIM_GetITStatus                          0x08002609   Thumb Code    34  stm32f4xx_tim.o(i.TIM_GetITStatus)
    TIM_SetCounter                           0x0800262b   Thumb Code     4  stm32f4xx_tim.o(i.TIM_SetCounter)
    TIM_TimeBaseInit                         0x08002631   Thumb Code   104  stm32f4xx_tim.o(i.TIM_TimeBaseInit)
    TakeOutKey                               0x080026b5   Thumb Code    28  capher.o(i.TakeOutKey)
    UARTSendFrame                            0x080026d5   Thumb Code    48  framepack.o(i.UARTSendFrame)
    UART_SendBytes                           0x08002709   Thumb Code    44  uart.o(i.UART_SendBytes)
    USART1_IRQHandler                        0x08002735   Thumb Code    54  uart.o(i.USART1_IRQHandler)
    USART2_IRQHandler                        0x08002779   Thumb Code    48  uart.o(i.USART2_IRQHandler)
    USART_ClearFlag                          0x080027b1   Thumb Code    18  stm32f4xx_usart.o(i.USART_ClearFlag)
    USART_ClearITPendingBit                  0x080027c3   Thumb Code    30  stm32f4xx_usart.o(i.USART_ClearITPendingBit)
    USART_Cmd                                0x080027e1   Thumb Code    24  stm32f4xx_usart.o(i.USART_Cmd)
    USART_DeInit                             0x080027f9   Thumb Code   156  stm32f4xx_usart.o(i.USART_DeInit)
    USART_GetFlagStatus                      0x080028ad   Thumb Code    26  stm32f4xx_usart.o(i.USART_GetFlagStatus)
    USART_GetITStatus                        0x080028c7   Thumb Code    84  stm32f4xx_usart.o(i.USART_GetITStatus)
    USART_ITConfig                           0x0800291b   Thumb Code    74  stm32f4xx_usart.o(i.USART_ITConfig)
    USART_Init                               0x08002965   Thumb Code   204  stm32f4xx_usart.o(i.USART_Init)
    USART_SendData                           0x08002a39   Thumb Code     8  stm32f4xx_usart.o(i.USART_SendData)
    UsageFault_Handler                       0x08002a41   Thumb Code     4  stm32f4xx_it.o(i.UsageFault_Handler)
    __0printf$5                              0x08002a45   Thumb Code    22  printf5.o(i.__0printf$5)
    __1printf$5                              0x08002a45   Thumb Code     0  printf5.o(i.__0printf$5)
    __2printf                                0x08002a45   Thumb Code     0  printf5.o(i.__0printf$5)
    __scatterload_copy                       0x08002a65   Thumb Code    14  handlers.o(i.__scatterload_copy)
    __scatterload_null                       0x08002a73   Thumb Code     2  handlers.o(i.__scatterload_null)
    __scatterload_zeroinit                   0x08002a75   Thumb Code    14  handlers.o(i.__scatterload_zeroinit)
    fputc                                    0x08002d45   Thumb Code    32  m_printf.o(i.fputc)
    main                                     0x08002d69   Thumb Code    76  main.o(i.main)
    xtimes02                                 0x08002dd5   Thumb Code    24  aes.o(i.xtimes02)
    xtimes09                                 0x08002ded   Thumb Code    38  aes.o(i.xtimes09)
    xtimes0B                                 0x08002e13   Thumb Code    40  aes.o(i.xtimes0B)
    xtimes0D                                 0x08002e3b   Thumb Code    40  aes.o(i.xtimes0D)
    xtimes0E                                 0x08002e63   Thumb Code    40  aes.o(i.xtimes0E)
    Rcon                                     0x08002e8c   Data          52  aes.o(.constdata)
    Region$$Table$$Base                      0x08002ec0   Number         0  anon$$obj.o(Region$$Table)
    Region$$Table$$Limit                     0x08002ee0   Number         0  anon$$obj.o(Region$$Table)
    FirmwareUpdateFlag                       0x20000000   Data           1  main.o(.data)
    Key4                                     0x20000001   Data           4  main.o(.data)
    pFrameQ2                                 0x2000000c   Data           4  commhandle.o(.data)
    __stdout                                 0x20000010   Data           4  m_printf.o(.data)
    __stdin                                  0x20000014   Data           4  m_printf.o(.data)
    Key2                                     0x20000018   Data           4  userlib.o(.data)
    INTState                                 0x2000001c   Data           1  userlib.o(.data)
    AvoidNoUseWarning                        0x20000020   Data           4  userlib.o(.data)
    TmCnt                                    0x20000024   Data           4  userlib.o(.data)
    FRAM_ADDRESS                             0x20000028   Data           1  simui2c.o(.data)
    Key3                                     0x20000029   Data           4  simui2c.o(.data)
    Key1                                     0x20000030   Data           4  appcrc.o(.data)
    AppKey1                                  0x20000034   Data           4  appcrc.o(.data)
    AppKey2                                  0x20000038   Data           4  appcrc.o(.data)
    AppKey3                                  0x2000003c   Data           4  appcrc.o(.data)
    AppKey4                                  0x20000040   Data           4  appcrc.o(.data)
    Jump_To_Application                      0x20000044   Data           4  appcrc.o(.data)
    JumpAddress                              0x20000048   Data           4  appcrc.o(.data)
    FlashProtection                          0x2000004c   Data           4  appcrc.o(.data)
    FlashInfo                                0x20000050   Data         192  flashopt.o(.data)
    Sbox                                     0x20000110   Data         256  aes.o(.data)
    InvSbox                                  0x20000210   Data         256  aes.o(.data)
    StartCipherKey                           0x20000310   Data          16  capher.o(.data)
    DataPackedNums                           0x20000320   Data           4  firmwareupdate.o(.data)
    ProgramDataLen                           0x20000324   Data           4  firmwareupdate.o(.data)
    AppType                                  0x20000328   Data           4  firmwareupdate.o(.data)
    Check_A                                  0x2000032c   Data           4  firmwareupdate.o(.data)
    Check_B                                  0x20000330   Data           4  firmwareupdate.o(.data)
    CurFlashWAddr                            0x20000334   Data           4  firmwareupdate.o(.data)
    AppMatchBoot                             0x20000338   Data           1  firmwareupdate.o(.data)
    LockBuff                                 0x2000033c   Data          10  wrprotect.o(.data)
    UnlockBuff                               0x20000346   Data          16  wrprotect.o(.data)
    rt                                       0x20000358   Data           4  wrprotect.o(.data)
    pUART1RQBuff                             0x2000035c   Data           4  uart.o(.data)
    pUART2RQBuff                             0x20000360   Data           4  uart.o(.data)
    Timer1Cnt                                0x20000364   Data           4  timer.o(.data)
    CCR1_Val                                 0x20000368   Data           2  timer.o(.data)
    CCR2_Val                                 0x2000036a   Data           2  timer.o(.data)
    CCR3_Val                                 0x2000036c   Data           2  timer.o(.data)
    CCR4_Val                                 0x2000036e   Data           2  timer.o(.data)
    PrescalerValue                           0x20000370   Data           2  timer.o(.data)
    Timer2Cnt                                0x20000374   Data           4  timer.o(.data)
    Timer4Cnt                                0x20000378   Data           4  timer.o(.data)
    Timer5Cnt                                0x2000037c   Data           4  timer.o(.data)
    SysTimeTickCnt                           0x20000380   Data           4  timer.o(.data)
    FirmwareUpdateCnt                        0x20000384   Data           4  timer.o(.data)
    AsynchPrediv                             0x20000388   Data           4  rtc.o(.data)
    SynchPrediv                              0x2000038c   Data           4  rtc.o(.data)
    OSCtxSwCtr                               0x200003a4   Data           4  os_core.o(.data)
    OSEventFreeList                          0x200003a8   Data           4  os_core.o(.data)
    OSFlagFreeList                           0x200003ac   Data           4  os_core.o(.data)
    OSCPUUsage                               0x200003b0   Data           1  os_core.o(.data)
    OSIdleCtrMax                             0x200003b4   Data           4  os_core.o(.data)
    OSIdleCtrRun                             0x200003b8   Data           4  os_core.o(.data)
    OSStatRdy                                0x200003bc   Data           1  os_core.o(.data)
    OSIntNesting                             0x200003bd   Data           1  os_core.o(.data)
    OSLockNesting                            0x200003be   Data           1  os_core.o(.data)
    OSPrioCur                                0x200003bf   Data           1  os_core.o(.data)
    OSPrioHighRdy                            0x200003c0   Data           1  os_core.o(.data)
    OSRdyGrp                                 0x200003c1   Data           1  os_core.o(.data)
    OSRdyTbl                                 0x200003c2   Data           8  os_core.o(.data)
    OSRunning                                0x200003ca   Data           1  os_core.o(.data)
    OSTaskCtr                                0x200003cb   Data           1  os_core.o(.data)
    OSIdleCtr                                0x200003cc   Data           4  os_core.o(.data)
    OSTCBCur                                 0x200003d0   Data           4  os_core.o(.data)
    OSTCBFreeList                            0x200003d4   Data           4  os_core.o(.data)
    OSTCBHighRdy                             0x200003d8   Data           4  os_core.o(.data)
    OSTCBList                                0x200003dc   Data           4  os_core.o(.data)
    OSTickStepState                          0x200003e0   Data           1  os_core.o(.data)
    OSMemFreeList                            0x200003e4   Data           4  os_core.o(.data)
    OSQFreeList                              0x200003e8   Data           4  os_core.o(.data)
    OSTime                                   0x200003ec   Data           4  os_core.o(.data)
    DataBuff2                                0x20000dc0   Data        8191  commhandle.o(.bss)
    FrameQ2                                  0x20002dc0   Data          16  commhandle.o(.bss)
    UART1RQBuff                              0x20002dd0   Data          16  uart.o(.bss)
    UART2RQBuff                              0x20002de0   Data          16  uart.o(.bss)
    UART1RecvBuff                            0x20002df0   Data        8191  uart.o(.bss)
    __initial_sp                             0x200051f0   Data           0  startup_stm32f4xx.o(STACK)



==============================================================================

Memory Map of the image

  Image Entry point : 0x08000189

  Load Region LR_IROM1 (Base: 0x08000000, Size: 0x000032d0, Max: 0x00080000, ABSOLUTE, COMPRESSED[0x00003198])

    Execution Region ER_IROM1 (Base: 0x08000000, Size: 0x00002ee0, Max: 0x00080000, ABSOLUTE)

    Base Addr    Size         Type   Attr      Idx    E Section Name        Object

    0x08000000   0x00000188   Data   RO         1564    RESET               startup_stm32f4xx.o
    0x08000188   0x00000000   Code   RO         4559  * .ARM.Collect$$$$00000000  mc_w.l(entry.o)
    0x08000188   0x00000004   Code   RO         4828    .ARM.Collect$$$$00000001  mc_w.l(entry2.o)
    0x0800018c   0x00000004   Code   RO         4831    .ARM.Collect$$$$00000004  mc_w.l(entry5.o)
    0x08000190   0x00000000   Code   RO         4833    .ARM.Collect$$$$00000008  mc_w.l(entry7b.o)
    0x08000190   0x00000000   Code   RO         4835    .ARM.Collect$$$$0000000A  mc_w.l(entry8b.o)
    0x08000190   0x00000008   Code   RO         4836    .ARM.Collect$$$$0000000B  mc_w.l(entry9a.o)
    0x08000198   0x00000000   Code   RO         4838    .ARM.Collect$$$$0000000D  mc_w.l(entry10a.o)
    0x08000198   0x00000000   Code   RO         4840    .ARM.Collect$$$$0000000F  mc_w.l(entry11a.o)
    0x08000198   0x00000004   Code   RO         4829    .ARM.Collect$$$$00002712  mc_w.l(entry2.o)
    0x0800019c   0x00000020   Code   RO          251    .emb_text           commhandle.o
    0x080001bc   0x0000002c   Code   RO         1565    .text               startup_stm32f4xx.o
    0x080001e8   0x000000b4   Code   RO         3742    .text               os_cpu_a.o
    0x0800029c   0x00000024   Code   RO         4565    .text               mc_w.l(memseta.o)
    0x080002c0   0x00000062   Code   RO         4844    .text               mc_w.l(uldiv.o)
    0x08000322   0x00000002   PAD
    0x08000324   0x00000024   Code   RO         4857    .text               mc_w.l(init.o)
    0x08000348   0x0000001e   Code   RO         4859    .text               mc_w.l(llshl.o)
    0x08000366   0x00000020   Code   RO         4861    .text               mc_w.l(llushr.o)
    0x08000386   0x00000056   Code   RO         4875    .text               mc_w.l(__dczerorl2.o)
    0x080003dc   0x00000070   Code   RO          756    i.AddKeyRound       aes.o
    0x0800044c   0x0000010c   Code   RO          663    i.AppCRC            appcrc.o
    0x08000558   0x00000044   Code   RO          252    i.BaudRateProc      commhandle.o
    0x0800059c   0x00000004   Code   RO          490    i.BusFault_Handler  stm32f4xx_it.o
    0x080005a0   0x00000034   Code   RO          209    i.CalculateCRC      framepack.o
    0x080005d4   0x000000d4   Code   RO          664    i.CheckCipherValidID  appcrc.o
    0x080006a8   0x00000038   Code   RO          713    i.CheckProgramData  flashopt.o
    0x080006e0   0x00000098   Code   RO          714    i.Data2Flash        flashopt.o
    0x08000778   0x0000009c   Code   RO          940    i.DataAreaWRPLock   wrprotect.o
    0x08000814   0x000000e0   Code   RO          941    i.DataAreaWRPUnlock  wrprotect.o
    0x080008f4   0x00000002   Code   RO          491    i.DebugMon_Handler  stm32f4xx_it.o
    0x080008f6   0x00000002   PAD
    0x080008f8   0x000000d8   Code   RO          872    i.DesKeyProc        capher.o
    0x080009d0   0x0000000c   Code   RO         2030    i.EXTI_ClearITPendingBit  stm32f4xx_exti.o
    0x080009dc   0x0000007c   Code   RO          253    i.ExecFrame         commhandle.o
    0x08000a58   0x0000000c   Code   RO         2087    i.FLASH_ClearFlag   stm32f4xx_flash.o
    0x08000a64   0x00000088   Code   RO         2091    i.FLASH_EraseSector  stm32f4xx_flash.o
    0x08000aec   0x00000048   Code   RO         2093    i.FLASH_GetStatus   stm32f4xx_flash.o
    0x08000b34   0x00000014   Code   RO         2097    i.FLASH_Lock        stm32f4xx_flash.o
    0x08000b48   0x00000018   Code   RO         2100    i.FLASH_OB_GetRDP   stm32f4xx_flash.o
    0x08000b60   0x0000000c   Code   RO         2102    i.FLASH_OB_GetWRP   stm32f4xx_flash.o
    0x08000b6c   0x00000020   Code   RO         2103    i.FLASH_OB_Launch   stm32f4xx_flash.o
    0x08000b8c   0x00000014   Code   RO         2104    i.FLASH_OB_Lock     stm32f4xx_flash.o
    0x08000ba0   0x0000001c   Code   RO         2105    i.FLASH_OB_RDPConfig  stm32f4xx_flash.o
    0x08000bbc   0x00000024   Code   RO         2106    i.FLASH_OB_Unlock   stm32f4xx_flash.o
    0x08000be0   0x00000034   Code   RO         2108    i.FLASH_OB_WRPConfig  stm32f4xx_flash.o
    0x08000c14   0x00000050   Code   RO         2113    i.FLASH_ProgramWord  stm32f4xx_flash.o
    0x08000c64   0x00000034   Code   RO         2115    i.FLASH_Unlock      stm32f4xx_flash.o
    0x08000c98   0x00000022   Code   RO         2116    i.FLASH_WaitForLastOperation  stm32f4xx_flash.o
    0x08000cba   0x0000002c   Code   RO          322    i.FetchFromQ        queue.o
    0x08000ce6   0x00000002   PAD
    0x08000ce8   0x000001ac   Code   RO          909    i.FirmwDateUpdate   firmwareupdate.o
    0x08000e94   0x0000002a   Code   RO          944    i.FlashWRPLock      wrprotect.o
    0x08000ebe   0x0000002c   Code   RO          945    i.FlashWRPUnlock    wrprotect.o
    0x08000eea   0x00000002   PAD
    0x08000eec   0x00000038   Code   RO          254    i.FrameParseExec    commhandle.o
    0x08000f24   0x00000074   Code   RO         1345    i.GPIO_Config       inithw.o
    0x08000f98   0x00000090   Code   RO         1887    i.GPIO_Init         stm32f4xx_gpio.o
    0x08001028   0x00000046   Code   RO         1888    i.GPIO_PinAFConfig  stm32f4xx_gpio.o
    0x0800106e   0x00000004   Code   RO         1894    i.GPIO_ResetBits    stm32f4xx_gpio.o
    0x08001072   0x00000004   Code   RO         1895    i.GPIO_SetBits      stm32f4xx_gpio.o
    0x08001076   0x00000008   Code   RO         1897    i.GPIO_ToggleBits   stm32f4xx_gpio.o
    0x0800107e   0x00000002   PAD
    0x08001080   0x000000e4   Code   RO          715    i.GetSector         flashopt.o
    0x08001164   0x00000050   Code   RO          716    i.GetSectorSize     flashopt.o
    0x080011b4   0x0000002c   Code   RO          666    i.GoToAddr          appcrc.o
    0x080011e0   0x000001c8   Code   RO            2    i.HardFault_Handler_proc  hardfaultproc.o
    0x080013a8   0x00000008   Code   RO          121    i.InitApp           main.o
    0x080013b0   0x00000044   Code   RO          122    i.InitBoardDev      main.o
    0x080013f4   0x0000003c   Code   RO          255    i.InitComm          commhandle.o
    0x08001430   0x00000024   Code   RO          323    i.InitQueue         queue.o
    0x08001454   0x00000070   Code   RO         1376    i.InitTimer5        timer.o
    0x080014c4   0x0000013c   Code   RO         1289    i.InitUART          uart.o
    0x08001600   0x00000048   Code   RO         1290    i.InitUARTQBuff     uart.o
    0x08001648   0x000000b6   Code   RO          758    i.InvCipher         aes.o
    0x080016fe   0x00000002   PAD
    0x08001700   0x000000b4   Code   RO          667    i.InvCipherAppData  appcrc.o
    0x080017b4   0x00000306   Code   RO          759    i.InvMixColumns     aes.o
    0x08001aba   0x00000032   Code   RO          760    i.InvShiftRows      aes.o
    0x08001aec   0x0000002c   Code   RO          761    i.InvSubBytes       aes.o
    0x08001b18   0x000000a8   Code   RO          762    i.KeyExpansion      aes.o
    0x08001bc0   0x00000004   Code   RO          493    i.MemManage_Handler  stm32f4xx_it.o
    0x08001bc4   0x00000020   Code   RO          393    i.MemoryCmp         userlib.o
    0x08001be4   0x00000020   Code   RO          494    i.NMI_Handler       stm32f4xx_it.o
    0x08001c04   0x00000078   Code   RO         1570    i.NVIC_Init         misc.o
    0x08001c7c   0x00000002   Code   RO         3755    i.OSTaskSwHook      os_cpu_c.o
    0x08001c7e   0x00000002   PAD
    0x08001c80   0x0000014c   Code   RO          256    i.ParseFrame        commhandle.o
    0x08001dcc   0x00000064   Code   RO          717    i.ProgramFlashErase  flashopt.o
    0x08001e30   0x00000020   Code   RO         1610    i.RCC_AHB1PeriphClockCmd  stm32f4xx_rcc.o
    0x08001e50   0x00000020   Code   RO         1619    i.RCC_APB1PeriphClockCmd  stm32f4xx_rcc.o
    0x08001e70   0x00000020   Code   RO         1621    i.RCC_APB1PeriphResetCmd  stm32f4xx_rcc.o
    0x08001e90   0x00000020   Code   RO         1622    i.RCC_APB2PeriphClockCmd  stm32f4xx_rcc.o
    0x08001eb0   0x00000020   Code   RO         1624    i.RCC_APB2PeriphResetCmd  stm32f4xx_rcc.o
    0x08001ed0   0x0000000c   Code   RO         1628    i.RCC_ClearITPendingBit  stm32f4xx_rcc.o
    0x08001edc   0x000000e8   Code   RO         1631    i.RCC_GetClocksFreq  stm32f4xx_rcc.o
    0x08001fc4   0x00000018   Code   RO         1633    i.RCC_GetITStatus   stm32f4xx_rcc.o
    0x08001fdc   0x00000010   Code   RO         1636    i.RCC_HSEConfig     stm32f4xx_rcc.o
    0x08001fec   0x00000020   Code   RO         1639    i.RCC_ITConfig      stm32f4xx_rcc.o
    0x0800200c   0x00000060   Code   RO         1468    i.RTC_Alarm_IRQHandler  rtc.o
    0x0800206c   0x00000020   Code   RO         2410    i.RTC_ClearITPendingBit  stm32f4xx_rtc.o
    0x0800208c   0x00000040   Code   RO         2422    i.RTC_GetITStatus   stm32f4xx_rtc.o
    0x080020cc   0x00000024   Code   RO         1547    i.ReadCPUID         cpuid.o
    0x080020f0   0x00000002   Code   RO          495    i.SVC_Handler       stm32f4xx_it.o
    0x080020f2   0x0000003c   Code   RO          212    i.SendFrame         framepack.o
    0x0800212e   0x00000002   PAD
    0x08002130   0x000000ec   Code   RO         1256    i.SetSysClock       system_stm32f4xx.o
    0x0800221c   0x00000070   Code   RO          873    i.StartDesProc      capher.o
    0x0800228c   0x00000140   Code   RO          911    i.StartFireWareUpdate  firmwareupdate.o
    0x080023cc   0x00000034   Code   RO          324    i.Store2Q           queue.o
    0x08002400   0x00000020   Code   RO          874    i.StoreKey          capher.o
    0x08002420   0x00000038   Code   RO          766    i.SubWord           aes.o
    0x08002458   0x00000002   Code   RO          496    i.SysTick_Handler   stm32f4xx_it.o
    0x0800245a   0x00000002   PAD
    0x0800245c   0x00000068   Code   RO         1258    i.SystemInit        system_stm32f4xx.o
    0x080024c4   0x00000056   Code   RO          257    i.SystemResetProc   commhandle.o
    0x0800251a   0x00000002   PAD
    0x0800251c   0x00000034   Code   RO         1379    i.TIM2_IRQHandler   timer.o
    0x08002550   0x00000028   Code   RO         1380    i.TIM3_IRQHandler   timer.o
    0x08002578   0x0000001c   Code   RO         1381    i.TIM4_IRQHandler   timer.o
    0x08002594   0x00000028   Code   RO         1382    i.TIM5_IRQHandler   timer.o
    0x080025bc   0x00000028   Code   RO         1383    i.TIM7_IRQHandler   timer.o
    0x080025e4   0x00000006   Code   RO         2762    i.TIM_ClearITPendingBit  stm32f4xx_tim.o
    0x080025ea   0x00000018   Code   RO         2767    i.TIM_Cmd           stm32f4xx_tim.o
    0x08002602   0x00000006   Code   RO         2786    i.TIM_GetCounter    stm32f4xx_tim.o
    0x08002608   0x00000022   Code   RO         2788    i.TIM_GetITStatus   stm32f4xx_tim.o
    0x0800262a   0x00000004   Code   RO         2833    i.TIM_SetCounter    stm32f4xx_tim.o
    0x0800262e   0x00000002   PAD
    0x08002630   0x00000084   Code   RO         2839    i.TIM_TimeBaseInit  stm32f4xx_tim.o
    0x080026b4   0x00000020   Code   RO          875    i.TakeOutKey        capher.o
    0x080026d4   0x00000034   Code   RO          213    i.UARTSendFrame     framepack.o
    0x08002708   0x0000002c   Code   RO         1292    i.UART_SendBytes    uart.o
    0x08002734   0x00000044   Code   RO         1293    i.USART1_IRQHandler  uart.o
    0x08002778   0x00000038   Code   RO         1294    i.USART2_IRQHandler  uart.o
    0x080027b0   0x00000012   Code   RO         3309    i.USART_ClearFlag   stm32f4xx_usart.o
    0x080027c2   0x0000001e   Code   RO         3310    i.USART_ClearITPendingBit  stm32f4xx_usart.o
    0x080027e0   0x00000018   Code   RO         3313    i.USART_Cmd         stm32f4xx_usart.o
    0x080027f8   0x000000b4   Code   RO         3315    i.USART_DeInit      stm32f4xx_usart.o
    0x080028ac   0x0000001a   Code   RO         3316    i.USART_GetFlagStatus  stm32f4xx_usart.o
    0x080028c6   0x00000054   Code   RO         3317    i.USART_GetITStatus  stm32f4xx_usart.o
    0x0800291a   0x0000004a   Code   RO         3319    i.USART_ITConfig    stm32f4xx_usart.o
    0x08002964   0x000000d4   Code   RO         3320    i.USART_Init        stm32f4xx_usart.o
    0x08002a38   0x00000008   Code   RO         3330    i.USART_SendData    stm32f4xx_usart.o
    0x08002a40   0x00000004   Code   RO          497    i.UsageFault_Handler  stm32f4xx_it.o
    0x08002a44   0x00000020   Code   RO         4700    i.__0printf$5       mc_w.l(printf5.o)
    0x08002a64   0x0000000e   Code   RO         4869    i.__scatterload_copy  mc_w.l(handlers.o)
    0x08002a72   0x00000002   Code   RO         4870    i.__scatterload_null  mc_w.l(handlers.o)
    0x08002a74   0x0000000e   Code   RO         4871    i.__scatterload_zeroinit  mc_w.l(handlers.o)
    0x08002a82   0x00000002   PAD
    0x08002a84   0x000002c0   Code   RO         4707    i._printf_core      mc_w.l(printf5.o)
    0x08002d44   0x00000024   Code   RO          359    i.fputc             m_printf.o
    0x08002d68   0x0000006c   Code   RO          125    i.main              main.o
    0x08002dd4   0x00000018   Code   RO          767    i.xtimes02          aes.o
    0x08002dec   0x00000026   Code   RO          769    i.xtimes09          aes.o
    0x08002e12   0x00000028   Code   RO          770    i.xtimes0B          aes.o
    0x08002e3a   0x00000028   Code   RO          771    i.xtimes0D          aes.o
    0x08002e62   0x00000028   Code   RO          772    i.xtimes0E          aes.o
    0x08002e8a   0x00000002   PAD
    0x08002e8c   0x00000034   Data   RO          773    .constdata          aes.o
    0x08002ec0   0x00000020   Data   RO         4867    Region$$Table       anon$$obj.o


    Execution Region RW_IRAM1 (Base: 0x20000000, Size: 0x000051f0, Max: 0x00020000, ABSOLUTE, COMPRESSED[0x000002b8])

    Base Addr    Size         Type   Attr      Idx    E Section Name        Object

    0x20000000   0x00000005   Data   RW          127    .data               main.o
    0x20000005   0x00000003   PAD
    0x20000008   0x00000008   Data   RW          259    .data               commhandle.o
    0x20000010   0x00000008   Data   RW          360    .data               m_printf.o
    0x20000018   0x00000010   Data   RW          402    .data               userlib.o
    0x20000028   0x00000005   Data   RW          567    .data               simui2c.o
    0x2000002d   0x00000003   PAD
    0x20000030   0x00000020   Data   RW          668    .data               appcrc.o
    0x20000050   0x000000c0   Data   RW          718    .data               flashopt.o
    0x20000110   0x00000200   Data   RW          774    .data               aes.o
    0x20000310   0x00000010   Data   RW          876    .data               capher.o
    0x20000320   0x00000019   Data   RW          912    .data               firmwareupdate.o
    0x20000339   0x00000003   PAD
    0x2000033c   0x00000020   Data   RW          946    .data               wrprotect.o
    0x2000035c   0x00000008   Data   RW         1297    .data               uart.o
    0x20000364   0x00000024   Data   RW         1385    .data               timer.o
    0x20000388   0x00000009   Data   RW         1475    .data               rtc.o
    0x20000391   0x00000010   Data   RW         1654    .data               stm32f4xx_rcc.o
    0x200003a1   0x00000003   PAD
    0x200003a4   0x0000004c   Data   RW         3889    .data               os_core.o
    0x200003f0   0x000029e0   Zero   RW          258    .bss                commhandle.o
    0x20002dd0   0x0000201f   Zero   RW         1296    .bss                uart.o
    0x20004def   0x00000001   PAD
    0x20004df0   0x00000400   Zero   RW         1562    STACK               startup_stm32f4xx.o


==============================================================================

Image component sizes


      Code (inc. data)   RO Data    RW Data    ZI Data      Debug   Object Name

      1568         18         52        512          0       8139   aes.o
       704        156          0         32          0       5542   appcrc.o
       392         16          0         16          0       3741   capher.o
       758         48          0          8      10720       5637   commhandle.o
        36          4          0          0          0       1024   cpuid.o
       748         88          0         25          0       3139   firmwareupdate.o
       616         56          0        192          0       4996   flashopt.o
       164          4          0          0          0       3283   framepack.o
       456        280          0          0          0     282817   hardfaultproc.o
       116          6          0          0          0        538   inithw.o
        36          4          0          8          0       2658   m_printf.o
       184         44          0          5          0       6550   main.o
       120         14          0          0          0       1096   misc.o
         0          0          0         76          0       8471   os_core.o
       180         36          0          0          0        296   os_cpu_a.o
         2          0          0          0          0        435   os_cpu_c.o
       132          0          0          0          0       6466   queue.o
        96         16          0          9          0       1362   rtc.o
         0          0          0          5          0        700   simui2c.o
        44          4        392          0       1024        888   startup_stm32f4xx.o
        12          6          0          0          0        573   stm32f4xx_exti.o
       610         90          0          0          0       8895   stm32f4xx_flash.o
       230          0          0          0          0       3661   stm32f4xx_gpio.o
        50          0          0          0          0       3285   stm32f4xx_it.o
       476         68          0         16          0       8118   stm32f4xx_rcc.o
        96         10          0          0          0       1298   stm32f4xx_rtc.o
       206         28          0          0          0       4429   stm32f4xx_tim.o
       656         32          0          0          0       7120   stm32f4xx_usart.o
       340         32          0          0          0       1697   system_stm32f4xx.o
       312         52          0         36          0       3925   timer.o
       556         56          0          8       8223       3714   uart.o
        32          0          0         16          0       1416   userlib.o
       466          8          0         32          0       3735   wrprotect.o

    ----------------------------------------------------------------------
     10416       1176        476       1008      19968     399644   Object Totals
         0          0         32          0          0          0   (incl. Generated)
        22          0          0         12          1          0   (incl. Padding)

    ----------------------------------------------------------------------

      Code (inc. data)   RO Data    RW Data    ZI Data      Debug   Library Member Name

        86          0          0          0          0          0   __dczerorl2.o
         0          0          0          0          0          0   entry.o
         0          0          0          0          0          0   entry10a.o
         0          0          0          0          0          0   entry11a.o
         8          4          0          0          0          0   entry2.o
         4          0          0          0          0          0   entry5.o
         0          0          0          0          0          0   entry7b.o
         0          0          0          0          0          0   entry8b.o
         8          4          0          0          0          0   entry9a.o
        30          0          0          0          0          0   handlers.o
        36          8          0          0          0         68   init.o
        30          0          0          0          0         68   llshl.o
        32          0          0          0          0         68   llushr.o
        36          0          0          0          0        108   memseta.o
       736         56          0          0          0        184   printf5.o
        98          0          0          0          0         92   uldiv.o

    ----------------------------------------------------------------------
      1108         72          0          0          0        588   Library Totals
         4          0          0          0          0          0   (incl. Padding)

    ----------------------------------------------------------------------

      Code (inc. data)   RO Data    RW Data    ZI Data      Debug   Library Name

      1104         72          0          0          0        588   mc_w.l

    ----------------------------------------------------------------------
      1108         72          0          0          0        588   Library Totals

    ----------------------------------------------------------------------

==============================================================================


      Code (inc. data)   RO Data    RW Data    ZI Data      Debug   

     11524       1248        476       1008      19968     388808   Grand Totals
     11524       1248        476        696      19968     388808   ELF Image Totals (compressed)
     11524       1248        476        696          0          0   ROM Totals

==============================================================================

    Total RO  Size (Code + RO Data)                12000 (  11.72kB)
    Total RW  Size (RW Data + ZI Data)             20976 (  20.48kB)
    Total ROM Size (Code + RO Data + RW Data)      12696 (  12.40kB)

==============================================================================

