ARM Linker, 5.03 [Build 24] [MDK-ARM Standard]

==============================================================================

Section Cross References

    hardfaultproc.o(i.HardFault_Handler_proc) refers to printf5.o(i.__0printf$5) for __2printf
    main.o(i.CheckID) refers to cpuid.o(i.ReadCPUID) for ReadCPUID
    main.o(i.CheckID) refers to printf5.o(i.__0printf$5) for __2printf
    main.o(i.CheckID) refers to userlib.o(i.MemoryCmp) for MemoryCmp
    main.o(i.CheckID) refers to main.o(.constdata) for thisCPUInfo
    main.o(i.InitApp) refers to commhandle.o(i.InitComm) for InitComm
    main.o(i.InitBoardDev) refers to inithw.o(i.GPIO_Config) for GPIO_Config
    main.o(i.InitBoardDev) refers to stm32f4xx_gpio.o(i.GPIO_ResetBits) for GPIO_ResetBits
    main.o(i.InitBoardDev) refers to uart.o(i.InitUARTQBuff) for InitUARTQBuff
    main.o(i.InitBoardDev) refers to stm32f4xx_usart.o(i.USART_DeInit) for USART_DeInit
    main.o(i.InitBoardDev) refers to uart.o(i.InitUART) for InitUART
    main.o(i.InitBoardDev) refers to timer.o(i.InitTimer5) for InitTimer5
    main.o(i.LCD_FSMCConfig) refers to stm32f4xx_rcc.o(i.RCC_AHB1PeriphClockCmd) for RCC_AHB1PeriphClockCmd
    main.o(i.LCD_FSMCConfig) refers to stm32f4xx_rcc.o(i.RCC_AHB3PeriphClockCmd) for RCC_AHB3PeriphClockCmd
    main.o(i.LCD_FSMCConfig) refers to stm32f4xx_gpio.o(i.GPIO_Init) for GPIO_Init
    main.o(i.LCD_FSMCConfig) refers to stm32f4xx_gpio.o(i.GPIO_PinAFConfig) for GPIO_PinAFConfig
    main.o(i.LCD_FSMCConfig) refers to stm32f4xx_fsmc.o(i.FSMC_NORSRAMInit) for FSMC_NORSRAMInit
    main.o(i.LCD_FSMCConfig) refers to stm32f4xx_fsmc.o(i.FSMC_NORSRAMCmd) for FSMC_NORSRAMCmd
    main.o(i.main) refers to system_stm32f4xx.o(i.SystemInit) for SystemInit
    main.o(i.main) refers to main.o(i.InitApp) for InitApp
    main.o(i.main) refers to main.o(i.InitBoardDev) for InitBoardDev
    main.o(i.main) refers to printf5.o(i.__0printf$5) for __2printf
    main.o(i.main) refers to stm32f4xx_tim.o(i.TIM_SetCounter) for TIM_SetCounter
    main.o(i.main) refers to commhandle.o(i.FrameParseExec) for FrameParseExec
    main.o(i.main) refers to stm32f4xx_tim.o(i.TIM_GetCounter) for TIM_GetCounter
    main.o(i.main) refers to appcrc.o(i.AppCRC) for AppCRC
    main.o(i.main) refers to main.o(.data) for FirmwareUpdateFlag
    framepack.o(i.PackFrame) refers to framepack.o(i.CalculateCRC) for CalculateCRC
    framepack.o(i.SendAckFrame) refers to framepack.o(i.SendFrame) for SendFrame
    framepack.o(i.SendFrame) refers to framepack.o(i.CalculateCRC) for CalculateCRC
    framepack.o(i.SendFrame) refers to framepack.o(i.UARTSendFrame) for UARTSendFrame
    framepack.o(i.UARTSendFrame) refers to uart.o(i.UART_SendBytes) for UART_SendBytes
    commhandle.o(i.BaudRateProc) refers to framepack.o(i.SendFrame) for SendFrame
    commhandle.o(i.BaudRateProc) refers to uart.o(i.InitUART) for InitUART
    commhandle.o(i.ExecFrame) refers to firmwareupdate.o(i.StartFireWareUpdate) for StartFireWareUpdate
    commhandle.o(i.ExecFrame) refers to firmwareupdate.o(i.FirmwDateUpdate) for FirmwDateUpdate
    commhandle.o(i.ExecFrame) refers to capher.o(i.StartDesProc) for StartDesProc
    commhandle.o(i.ExecFrame) refers to capher.o(i.DesKeyProc) for DesKeyProc
    commhandle.o(i.ExecFrame) refers to wrprotect.o(i.DataAreaWRPLock) for DataAreaWRPLock
    commhandle.o(i.ExecFrame) refers to wrprotect.o(i.DataAreaWRPUnlock) for DataAreaWRPUnlock
    commhandle.o(i.ExecFrame) refers to commhandle.o(i.SystemResetProc) for SystemResetProc
    commhandle.o(i.ExecFrame) refers to commhandle.o(i.BaudRateProc) for BaudRateProc
    commhandle.o(i.ExecFrame) refers to main.o(.data) for FirmwareUpdateFlag
    commhandle.o(i.FrameParseExec) refers to queue.o(i.FetchFromQ) for FetchFromQ
    commhandle.o(i.FrameParseExec) refers to commhandle.o(i.ParseFrame) for ParseFrame
    commhandle.o(i.FrameParseExec) refers to uart.o(.data) for pUART1RQBuff
    commhandle.o(i.InitComm) refers to queue.o(i.InitQueue) for InitQueue
    commhandle.o(i.InitComm) refers to commhandle.o(.bss) for CommFrame
    commhandle.o(i.InitComm) refers to commhandle.o(.data) for pCF
    commhandle.o(i.ParseFrame) refers to commhandle.o(i.ExecFrame) for ExecFrame
    commhandle.o(i.ParseFrame) refers to commhandle.o(.data) for pCF
    commhandle.o(i.SystemResetProc) refers to commhandle.o(.emb_text) for SystemReset
    m_printf.o(i.fputc) refers to stm32f4xx_usart.o(i.USART_GetFlagStatus) for USART_GetFlagStatus
    m_printf.o(i.fputc) refers to stm32f4xx_usart.o(i.USART_SendData) for USART_SendData
    userlib.o(i.DelayMS) refers to userlib.o(i.DelayUS) for DelayUS
    userlib.o(i.DelayUS) refers to stm32f4xx_tim.o(i.TIM_SetCounter) for TIM_SetCounter
    userlib.o(i.DelayUS) refers to stm32f4xx_tim.o(i.TIM_GetCounter) for TIM_GetCounter
    userlib.o(i.DelayUS) refers to userlib.o(.data) for TmCnt
    userlib.o(i.DisINT) refers to userlib.o(.data) for INTState
[...]
    Removing os_flag.o(i.OS_FlagBlock), (164 bytes).
    Removing os_flag.o(i.OS_FlagInit), (88 bytes).
    Removing os_flag.o(i.OS_FlagTaskRdy), (104 bytes).
    Removing os_flag.o(i.OS_FlagUnlink), (36 bytes).
    Removing os_mbox.o(i.OSMboxAccept), (44 bytes).
    Removing os_mbox.o(i.OSMboxCreate), (84 bytes).
    Removing os_mbox.o(i.OSMboxDel), (232 bytes).
    Removing os_mbox.o(i.OSMboxPend), (276 bytes).
    Removing os_mbox.o(i.OSMboxPendAbort), (136 bytes).
    Removing os_mbox.o(i.OSMboxPost), (92 bytes).
    Removing os_mbox.o(i.OSMboxPostOpt), (132 bytes).
    Removing os_mbox.o(i.OSMboxQuery), (88 bytes).
    Removing os_mem.o(i.OSMemCreate), (168 bytes).
    Removing os_mem.o(i.OSMemGet), (72 bytes).
    Removing os_mem.o(i.OSMemNameGet), (84 bytes).
    Removing os_mem.o(i.OSMemNameSet), (68 bytes).
    Removing os_mem.o(i.OSMemPut), (66 bytes).
    Removing os_mem.o(i.OSMemQuery), (64 bytes).
    Removing os_mem.o(i.OS_MemInit), (88 bytes).
    Removing os_mutex.o(i.OSMutexAccept), (156 bytes).
    Removing os_mutex.o(i.OSMutexCreate), (168 bytes).
    Removing os_mutex.o(i.OSMutexDel), (300 bytes).
    Removing os_mutex.o(i.OSMutexPend), (600 bytes).
    Removing os_mutex.o(i.OSMutexPost), (204 bytes).
    Removing os_mutex.o(i.OSMutexQuery), (124 bytes).
    Removing os_mutex.o(i.OSMutex_RdyAtPrio), (132 bytes).
    Removing os_q.o(i.OSQAccept), (98 bytes).
    Removing os_q.o(i.OSQCreate), (160 bytes).
    Removing os_q.o(i.OSQDel), (272 bytes).
    Removing os_q.o(i.OSQFlush), (52 bytes).
    Removing os_q.o(i.OSQPend), (300 bytes).
    Removing os_q.o(i.OSQPendAbort), (136 bytes).
    Removing os_q.o(i.OSQPost), (120 bytes).
    Removing os_q.o(i.OSQPostFront), (122 bytes).
    Removing os_q.o(i.OSQPostOpt), (188 bytes).
    Removing os_q.o(i.OSQQuery), (110 bytes).
    Removing os_q.o(i.OS_QInit), (80 bytes).
    Removing os_sem.o(i.OSSemAccept), (48 bytes).
    Removing os_sem.o(i.OSSemCreate), (84 bytes).
    Removing os_sem.o(i.OSSemDel), (232 bytes).
    Removing os_sem.o(i.OSSemPend), (248 bytes).
    Removing os_sem.o(i.OSSemPendAbort), (136 bytes).
    Removing os_sem.o(i.OSSemPost), (94 bytes).
    Removing os_sem.o(i.OSSemQuery), (88 bytes).
    Removing os_sem.o(i.OSSemSet), (74 bytes).
    Removing os_task.o(i.OSTaskChangePrio), (440 bytes).
    Removing os_task.o(i.OSTaskCreate), (168 bytes).
    Removing os_task.o(i.OSTaskCreateExt), (192 bytes).
    Removing os_task.o(i.OSTaskDel), (364 bytes).
    Removing os_task.o(i.OSTaskDelReq), (120 bytes).
    Removing os_task.o(i.OSTaskNameGet), (152 bytes).
    Removing os_task.o(i.OSTaskNameSet), (132 bytes).
    Removing os_task.o(i.OSTaskQuery), (108 bytes).
    Removing os_task.o(i.OSTaskRegGet), (96 bytes).
    Removing os_task.o(i.OSTaskRegSet), (92 bytes).
    Removing os_task.o(i.OSTaskResume), (184 bytes).
    Removing os_task.o(i.OSTaskStkChk), (160 bytes).
    Removing os_task.o(i.OSTaskSuspend), (188 bytes).
    Removing os_task.o(i.OS_TaskReturn), (24 bytes).
    Removing os_task.o(i.OS_TaskStkClr), (26 bytes).
    Removing os_time.o(i.OSTimeDly), (120 bytes).
    Removing os_time.o(i.OSTimeDlyHMSM), (132 bytes).
    Removing os_time.o(i.OSTimeDlyResume), (188 bytes).
    Removing os_time.o(i.OSTimeGet), (28 bytes).
    Removing os_time.o(i.OSTimeSet), (28 bytes).
    Removing dadd.o(.text), (334 bytes).
    Removing dmul.o(.text), (228 bytes).
    Removing ddiv.o(.text), (222 bytes).
    Removing dfixul.o(.text), (48 bytes).
    Removing cdrcmple.o(.text), (40 bytes).
    Removing depilogue.o(.text), (190 bytes).

566 unused section(s) (total 45242 bytes) removed from the image.

==============================================================================

Image Symbol Table

    Local Symbols

    Symbol Name                              Value     Ov Type        Size  Object(Section)

    ../clib/../cmprslib/zerorunl2.c          0x00000000   Number         0  __dczerorl2.o ABSOLUTE
    ../clib/microlib/division.c              0x00000000   Number         0  uldiv.o ABSOLUTE
    ../clib/microlib/division.c              0x00000000   Number         0  uidiv.o ABSOLUTE
    ../clib/microlib/init/entry.s            0x00000000   Number         0  entry10a.o ABSOLUTE
    ../clib/microlib/init/entry.s            0x00000000   Number         0  entry10b.o ABSOLUTE
    ../clib/microlib/init/entry.s            0x00000000   Number         0  entry.o ABSOLUTE
    ../clib/microlib/init/entry.s            0x00000000   Number         0  entry8a.o ABSOLUTE
    ../clib/microlib/init/entry.s            0x00000000   Number         0  entry11a.o ABSOLUTE
    ../clib/microlib/init/entry.s            0x00000000   Number         0  entry8b.o ABSOLUTE
    ../clib/microlib/init/entry.s            0x00000000   Number         0  entry11b.o ABSOLUTE
    ../clib/microlib/init/entry.s            0x00000000   Number         0  entry2.o ABSOLUTE
    ../clib/microlib/init/entry.s            0x00000000   Number         0  entry7b.o ABSOLUTE
    ../clib/microlib/init/entry.s            0x00000000   Number         0  entry7a.o ABSOLUTE
    ../clib/microlib/init/entry.s            0x00000000   Number         0  entry5.o ABSOLUTE
    ../clib/microlib/init/entry.s            0x00000000   Number         0  entry9b.o ABSOLUTE
    ../clib/microlib/init/entry.s            0x00000000   Number         0  entry9a.o ABSOLUTE
    ../clib/microlib/longlong.c              0x00000000   Number         0  llushr.o ABSOLUTE
    ../clib/microlib/longlong.c              0x00000000   Number         0  llshl.o ABSOLUTE
    ../clib/microlib/longlong.c              0x00000000   Number         0  llsshr.o ABSOLUTE
    ../clib/microlib/printf/printf.c         0x00000000   Number         0  printf8.o ABSOLUTE
    ../clib/microlib/printf/printf.c         0x00000000   Number         0  printfb.o ABSOLUTE
    ../clib/microlib/printf/printf.c         0x00000000   Number         0  printf5.o ABSOLUTE
    ../clib/microlib/printf/printf.c         0x00000000   Number         0  printf0.o ABSOLUTE
    ../clib/microlib/printf/printf.c         0x00000000   Number         0  printf6.o ABSOLUTE
    ../clib/microlib/printf/printf.c         0x00000000   Number         0  printf7.o ABSOLUTE
    ../clib/microlib/printf/printf.c         0x00000000   Number         0  printfa.o ABSOLUTE
    ../clib/microlib/printf/printf.c         0x00000000   Number         0  printf4.o ABSOLUTE
    ../clib/microlib/printf/printf.c         0x00000000   Number         0  printf1.o ABSOLUTE
    ../clib/microlib/printf/printf.c         0x00000000   Number         0  printf2.o ABSOLUTE
    ../clib/microlib/printf/printf.c         0x00000000   Number         0  printf3.o ABSOLUTE
    ../clib/microlib/printf/stubs.s          0x00000000   Number         0  stubs.o ABSOLUTE
    ../clib/microlib/stdlib/rand.c           0x00000000   Number         0  rand.o ABSOLUTE
    ../clib/microlib/string/memset.c         0x00000000   Number         0  memseta.o ABSOLUTE
    ../clib/microlib/stubs.s                 0x00000000   Number         0  iusefp.o ABSOLUTE
    ../fplib/microlib/fpadd.c                0x00000000   Number         0  dadd.o ABSOLUTE
    ../fplib/microlib/fpdiv.c                0x00000000   Number         0  ddiv.o ABSOLUTE
    ../fplib/microlib/fpepilogue.c           0x00000000   Number         0  depilogue.o ABSOLUTE
    ../fplib/microlib/fpfix.c                0x00000000   Number         0  dfixul.o ABSOLUTE
    ../fplib/microlib/fpmul.c                0x00000000   Number         0  dmul.o ABSOLUTE
    ..\USER\SCR\AES.c                        0x00000000   Number         0  aes.o ABSOLUTE
    ..\USER\SCR\AppCRC.c                     0x00000000   Number         0  appcrc.o ABSOLUTE
    ..\USER\SCR\CPUID.c                      0x00000000   Number         0  cpuid.o ABSOLUTE
    ..\USER\SCR\Capher.c                     0x00000000   Number         0  capher.o ABSOLUTE
    ..\USER\SCR\CommHandle.c                 0x00000000   Number         0  commhandle.o ABSOLUTE
    ..\USER\SCR\FirmwareUpdate.c             0x00000000   Number         0  firmwareupdate.o ABSOLUTE
    ..\USER\SCR\FlashOpt.c                   0x00000000   Number         0  flashopt.o ABSOLUTE
    ..\USER\SCR\FramePack.c                  0x00000000   Number         0  framepack.o ABSOLUTE
    ..\USER\SCR\HardFaultProc.c              0x00000000   Number         0  hardfaultproc.o ABSOLUTE
    ..\USER\SCR\InitHW.c                     0x00000000   Number         0  inithw.o ABSOLUTE
    ..\USER\SCR\MX25L.c                      0x00000000   Number         0  mx25l.o ABSOLUTE
    ..\USER\SCR\MX25_APP.c                   0x00000000   Number         0  mx25_app.o ABSOLUTE
    ..\USER\SCR\Queue.c                      0x00000000   Number         0  queue.o ABSOLUTE
    ..\USER\SCR\RTC.c                        0x00000000   Number         0  rtc.o ABSOLUTE
    ..\USER\SCR\SimuI2C.c                    0x00000000   Number         0  simui2c.o ABSOLUTE
    ..\USER\SCR\Timer.c                      0x00000000   Number         0  timer.o ABSOLUTE
    ..\USER\SCR\UART.C                       0x00000000   Number         0  uart.o ABSOLUTE
    ..\USER\SCR\UserLib.c                    0x00000000   Number         0  userlib.o ABSOLUTE
    ..\USER\SCR\WRProtect.c                  0x00000000   Number         0  wrprotect.o ABSOLUTE
    ..\USER\SCR\m_printf.c                   0x00000000   Number         0  m_printf.o ABSOLUTE
    ..\USER\SCR\main.c                       0x00000000   Number         0  main.o ABSOLUTE
    ..\\USER\\SCR\\AppCRC.c                  0x00000000   Number         0  appcrc.o ABSOLUTE
    ..\\USER\\SCR\\CPUID.c                   0x00000000   Number         0  cpuid.o ABSOLUTE
    ..\\USER\\SCR\\Capher.c                  0x00000000   Number         0  capher.o ABSOLUTE
    ..\\USER\\SCR\\CommHandle.c              0x00000000   Number         0  commhandle.o ABSOLUTE
    ..\\USER\\SCR\\FirmwareUpdate.c          0x00000000   Number         0  firmwareupdate.o ABSOLUTE
    ..\\USER\\SCR\\FlashOpt.c                0x00000000   Number         0  flashopt.o ABSOLUTE
    ..\\USER\\SCR\\FramePack.c               0x00000000   Number         0  framepack.o ABSOLUTE
    ..\\USER\\SCR\\HardFaultProc.c           0x00000000   Number         0  hardfaultproc.o ABSOLUTE
    ..\\USER\\SCR\\InitHW.c                  0x00000000   Number         0  inithw.o ABSOLUTE
    ..\\USER\\SCR\\MX25L.c                   0x00000000   Number         0  mx25l.o ABSOLUTE
    ..\\USER\\SCR\\MX25_APP.c                0x00000000   Number         0  mx25_app.o ABSOLUTE
    ..\\USER\\SCR\\RTC.c                     0x00000000   Number         0  rtc.o ABSOLUTE
    ..\\USER\\SCR\\SimuI2C.c                 0x00000000   Number         0  simui2c.o ABSOLUTE
    ..\\USER\\SCR\\Timer.c                   0x00000000   Number         0  timer.o ABSOLUTE
    ..\\USER\\SCR\\UART.C                    0x00000000   Number         0  uart.o ABSOLUTE
    ..\\USER\\SCR\\UserLib.c                 0x00000000   Number         0  userlib.o ABSOLUTE
    ..\\USER\\SCR\\WRProtect.c               0x00000000   Number         0  wrprotect.o ABSOLUTE
    ..\\USER\\SCR\\m_printf.c                0x00000000   Number         0  m_printf.o ABSOLUTE
    ..\\USER\\SCR\\main.c                    0x00000000   Number         0  main.o ABSOLUTE
    ..\\applications\\src\\stm32f4xx_it.c    0x00000000   Number         0  stm32f4xx_it.o ABSOLUTE
    ..\\librarys\\CMSIS\\Device\\ST\\STM32F4xx\\Source\\system_stm32f4xx.c 0x00000000   Number         0  system_stm32f4xx.o ABSOLUTE
    ..\\librarys\\STM32F4xx_StdPeriph_Driver\\src\\misc.c 0x00000000   Number         0  misc.o ABSOLUTE
    ..\\librarys\\STM32F4xx_StdPeriph_Driver\\src\\stm32f4xx_crc.c 0x00000000   Number         0  stm32f4xx_crc.o ABSOLUTE
    ..\\librarys\\STM32F4xx_StdPeriph_Driver\\src\\stm32f4xx_exti.c 0x00000000   Number         0  stm32f4xx_exti.o ABSOLUTE
    ..\\librarys\\STM32F4xx_StdPeriph_Driver\\src\\stm32f4xx_flash.c 0x00000000   Number         0  stm32f4xx_flash.o ABSOLUTE
    ..\\librarys\\STM32F4xx_StdPeriph_Driver\\src\\stm32f4xx_fsmc.c 0x00000000   Number         0  stm32f4xx_fsmc.o ABSOLUTE
    ..\\librarys\\STM32F4xx_StdPeriph_Driver\\src\\stm32f4xx_gpio.c 0x00000000   Number         0  stm32f4xx_gpio.o ABSOLUTE
    ..\\librarys\\STM32F4xx_StdPeriph_Driver\\src\\stm32f4xx_pwr.c 0x00000000   Number         0  stm32f4xx_pwr.o ABSOLUTE
    ..\\librarys\\STM32F4xx_StdPeriph_Driver\\src\\stm32f4xx_rcc.c 0x00000000   Number         0  stm32f4xx_rcc.o ABSOLUTE
    ..\\librarys\\STM32F4xx_StdPeriph_Driver\\src\\stm32f4xx_rng.c 0x00000000   Number         0  stm32f4xx_rng.o ABSOLUTE
    ..\\librarys\\STM32F4xx_StdPeriph_Driver\\src\\stm32f4xx_rtc.c 0x00000000   Number         0  stm32f4xx_rtc.o ABSOLUTE
    ..\\librarys\\STM32F4xx_StdPeriph_Driver\\src\\stm32f4xx_syscfg.c 0x00000000   Number         0  stm32f4xx_syscfg.o ABSOLUTE
    ..\\librarys\\STM32F4xx_StdPeriph_Driver\\src\\stm32f4xx_tim.c 0x00000000   Number         0  stm32f4xx_tim.o ABSOLUTE
    ..\\librarys\\STM32F4xx_StdPeriph_Driver\\src\\stm32f4xx_usart.c 0x00000000   Number         0  stm32f4xx_usart.o ABSOLUTE
    ..\\librarys\\STM32F4xx_StdPeriph_Driver\\src\\stm32f4xx_wwdg.c 0x00000000   Number         0  stm32f4xx_wwdg.o ABSOLUTE
    ..\\ucos\\port\\os_cpu_c.c               0x00000000   Number         0  os_cpu_c.o ABSOLUTE
    ..\applications\src\stm32f4xx_it.c       0x00000000   Number         0  stm32f4xx_it.o ABSOLUTE
    ..\librarys\CMSIS\Device\ST\STM32F4xx\Source\arm\startup_stm32f4xx.s 0x00000000   Number         0  startup_stm32f4xx.o ABSOLUTE
    ..\librarys\CMSIS\Device\ST\STM32F4xx\Source\system_stm32f4xx.c 0x00000000   Number         0  system_stm32f4xx.o ABSOLUTE
    ..\librarys\STM32F4xx_StdPeriph_Driver\src\misc.c 0x00000000   Number         0  misc.o ABSOLUTE
    ..\librarys\STM32F4xx_StdPeriph_Driver\src\stm32f4xx_crc.c 0x00000000   Number         0  stm32f4xx_crc.o ABSOLUTE
    ..\librarys\STM32F4xx_StdPeriph_Driver\src\stm32f4xx_exti.c 0x00000000   Number         0  stm32f4xx_exti.o ABSOLUTE
    ..\librarys\STM32F4xx_StdPeriph_Driver\src\stm32f4xx_flash.c 0x00000000   Number         0  stm32f4xx_flash.o ABSOLUTE
    ..\librarys\STM32F4xx_StdPeriph_Driver\src\stm32f4xx_fsmc.c 0x00000000   Number         0  stm32f4xx_fsmc.o ABSOLUTE
    ..\librarys\STM32F4xx_StdPeriph_Driver\src\stm32f4xx_gpio.c 0x00000000   Number         0  stm32f4xx_gpio.o ABSOLUTE
    ..\librarys\STM32F4xx_StdPeriph_Driver\src\stm32f4xx_pwr.c 0x00000000   Number         0  stm32f4xx_pwr.o ABSOLUTE
    ..\librarys\STM32F4xx_StdPeriph_Driver\src\stm32f4xx_rcc.c 0x00000000   Number         0  stm32f4xx_rcc.o ABSOLUTE
    ..\librarys\STM32F4xx_StdPeriph_Driver\src\stm32f4xx_rng.c 0x00000000   Number         0  stm32f4xx_rng.o ABSOLUTE
    ..\librarys\STM32F4xx_StdPeriph_Driver\src\stm32f4xx_rtc.c 0x00000000   Number         0  stm32f4xx_rtc.o ABSOLUTE
    ..\librarys\STM32F4xx_StdPeriph_Driver\src\stm32f4xx_syscfg.c 0x00000000   Number         0  stm32f4xx_syscfg.o ABSOLUTE
    ..\librarys\STM32F4xx_StdPeriph_Driver\src\stm32f4xx_tim.c 0x00000000   Number         0  stm32f4xx_tim.o ABSOLUTE
    ..\librarys\STM32F4xx_StdPeriph_Driver\src\stm32f4xx_usart.c 0x00000000   Number         0  stm32f4xx_usart.o ABSOLUTE
    ..\librarys\STM32F4xx_StdPeriph_Driver\src\stm32f4xx_wwdg.c 0x00000000   Number         0  stm32f4xx_wwdg.o ABSOLUTE
    ..\ucos\port\os_cpu_a.asm                0x00000000   Number         0  os_cpu_a.o ABSOLUTE
    ..\ucos\port\os_cpu_c.c                  0x00000000   Number         0  os_cpu_c.o ABSOLUTE
    ..\ucos\port\os_dbg_r.c                  0x00000000   Number         0  os_dbg_r.o ABSOLUTE
    ..\ucos\source\os_core.c                 0x00000000   Number         0  os_core.o ABSOLUTE
    ..\ucos\source\os_flag.c                 0x00000000   Number         0  os_flag.o ABSOLUTE
    ..\ucos\source\os_mbox.c                 0x00000000   Number         0  os_mbox.o ABSOLUTE
    ..\ucos\source\os_mem.c                  0x00000000   Number         0  os_mem.o ABSOLUTE
    ..\ucos\source\os_mutex.c                0x00000000   Number         0  os_mutex.o ABSOLUTE
    ..\ucos\source\os_q.c                    0x00000000   Number         0  os_q.o ABSOLUTE
    ..\ucos\source\os_sem.c                  0x00000000   Number         0  os_sem.o ABSOLUTE
    ..\ucos\source\os_task.c                 0x00000000   Number         0  os_task.o ABSOLUTE
    ..\ucos\source\os_time.c                 0x00000000   Number         0  os_time.o ABSOLUTE
    ..\ucos\source\os_tmr.c                  0x00000000   Number         0  os_tmr.o ABSOLUTE
    cdrcmple.s                               0x00000000   Number         0  cdrcmple.o ABSOLUTE
    dc.s                                     0x00000000   Number         0  dc.o ABSOLUTE
    handlers.s                               0x00000000   Number         0  handlers.o ABSOLUTE
    init.s                                   0x00000000   Number         0  init.o ABSOLUTE
    RESET                                    0x08000000   Section      392  startup_stm32f4xx.o(RESET)
    .ARM.Collect$$$$00000000                 0x08000188   Section        0  entry.o(.ARM.Collect$$$$00000000)
    .ARM.Collect$$$$00000001                 0x08000188   Section        4  entry2.o(.ARM.Collect$$$$00000001)
    .ARM.Collect$$$$00000004                 0x0800018c   Section        4  entry5.o(.ARM.Collect$$$$00000004)
    .ARM.Collect$$$$00000008                 0x08000190   Section        0  entry7b.o(.ARM.Collect$$$$00000008)
    .ARM.Collect$$$$0000000A                 0x08000190   Section        0  entry8b.o(.ARM.Collect$$$$0000000A)
    .ARM.Collect$$$$0000000B                 0x08000190   Section        8  entry9a.o(.ARM.Collect$$$$0000000B)
    .ARM.Collect$$$$0000000D                 0x08000198   Section        0  entry10a.o(.ARM.Collect$$$$0000000D)
    .ARM.Collect$$$$0000000F                 0x08000198   Section        0  entry11a.o(.ARM.Collect$$$$0000000F)
    .ARM.Collect$$$$00002712                 0x08000198   Section        4  entry2.o(.ARM.Collect$$$$00002712)
    __lit__00000000                          0x08000198   Data           4  entry2.o(.ARM.Collect$$$$00002712)
    .emb_text                                0x0800019c   Section       32  commhandle.o(.emb_text)
    $v0                                      0x0800019c   Number         0  commhandle.o(.emb_text)
    .text                                    0x080001bc   Section       44  startup_stm32f4xx.o(.text)
    $v0                                      0x080001bc   Number         0  startup_stm32f4xx.o(.text)
    .text                                    0x080001e8   Section      180  os_cpu_a.o(.text)
    $v0                                      0x080001e8   Number         0  os_cpu_a.o(.text)
    .text                                    0x0800029c   Section        0  memseta.o(.text)
    .text                                    0x080002c0   Section        0  uldiv.o(.text)
    .text                                    0x08000324   Section       36  init.o(.text)
    .text                                    0x08000348   Section        0  llshl.o(.text)
    .text                                    0x08000366   Section        0  llushr.o(.text)
    .text                                    0x08000386   Section        0  __dczerorl2.o(.text)
    i.AddKeyRound                            0x080003e2   Section        0  aes.o(i.AddKeyRound)
    i.AppCRC                                 0x08000454   Section        0  appcrc.o(i.AppCRC)
    i.BaudRateProc                           0x080004d4   Section        0  commhandle.o(i.BaudRateProc)
    i.BusFault_Handler                       0x08000518   Section        0  stm32f4xx_it.o(i.BusFault_Handler)
    i.CalculateCRC                           0x0800051c   Section        0  framepack.o(i.CalculateCRC)
    i.CheckCipherValidID                     0x08000550   Section        0  appcrc.o(i.CheckCipherValidID)
    i.CheckProgramData                       0x08000624   Section        0  flashopt.o(i.CheckProgramData)
    i.Data2Flash                             0x0800065c   Section        0  flashopt.o(i.Data2Flash)
    i.DataAreaWRPLock                        0x080006f4   Section        0  wrprotect.o(i.DataAreaWRPLock)
    i.DataAreaWRPUnlock                      0x08000790   Section        0  wrprotect.o(i.DataAreaWRPUnlock)
    i.DebugMon_Handler                       0x08000870   Section        0  stm32f4xx_it.o(i.DebugMon_Handler)
    i.DesKeyProc                             0x08000874   Section        0  capher.o(i.DesKeyProc)
    i.EXTI_ClearITPendingBit                 0x0800094c   Section        0  stm32f4xx_exti.o(i.EXTI_ClearITPendingBit)
    i.ExecFrame                              0x08000958   Section        0  commhandle.o(i.ExecFrame)
    ExecFrame                                0x08000959   Thumb Code   120  commhandle.o(i.ExecFrame)
    i.FLASH_ClearFlag                        0x080009d4   Section        0  stm32f4xx_flash.o(i.FLASH_ClearFlag)
    i.FLASH_EraseSector                      0x080009e0   Section        0  stm32f4xx_flash.o(i.FLASH_EraseSector)
    i.FLASH_GetStatus                        0x08000a68   Section        0  stm32f4xx_flash.o(i.FLASH_GetStatus)
    i.FLASH_Lock                             0x08000ab0   Section        0  stm32f4xx_flash.o(i.FLASH_Lock)
    i.FLASH_OB_GetRDP                        0x08000ac4   Section        0  stm32f4xx_flash.o(i.FLASH_OB_GetRDP)
    i.FLASH_OB_GetWRP                        0x08000adc   Section        0  stm32f4xx_flash.o(i.FLASH_OB_GetWRP)
    i.FLASH_OB_Launch                        0x08000ae8   Section        0  stm32f4xx_flash.o(i.FLASH_OB_Launch)
    i.FLASH_OB_Lock                          0x08000b08   Section        0  stm32f4xx_flash.o(i.FLASH_OB_Lock)
    i.FLASH_OB_RDPConfig                     0x08000b1c   Section        0  stm32f4xx_flash.o(i.FLASH_OB_RDPConfig)
    i.FLASH_OB_Unlock                        0x08000b38   Section        0  stm32f4xx_flash.o(i.FLASH_OB_Unlock)
    i.FLASH_OB_WRPConfig                     0x08000b5c   Section        0  stm32f4xx_flash.o(i.FLASH_OB_WRPConfig)
    i.FLASH_ProgramWord                      0x08000b90   Section        0  stm32f4xx_flash.o(i.FLASH_ProgramWord)
    i.FLASH_Unlock                           0x08000be0   Section        0  stm32f4xx_flash.o(i.FLASH_Unlock)
    i.FLASH_WaitForLastOperation             0x08000c14   Section        0  stm32f4xx_flash.o(i.FLASH_WaitForLastOperation)
    i.FetchFromQ                             0x08000c36   Section        0  queue.o(i.FetchFromQ)
    i.FirmwDateUpdate                        0x08000c64   Section        0  firmwareupdate.o(i.FirmwDateUpdate)
    i.FlashWRPLock                           0x08000e10   Section        0  wrprotect.o(i.FlashWRPLock)
    i.FlashWRPUnlock                         0x08000e3a   Section        0  wrprotect.o(i.FlashWRPUnlock)
    i.FrameParseExec                         0x08000e68   Section        0  commhandle.o(i.FrameParseExec)
    i.GPIO_Config                            0x08000ea0   Section        0  inithw.o(i.GPIO_Config)
    i.GPIO_Init                              0x08000f14   Section        0  stm32f4xx_gpio.o(i.GPIO_Init)
    i.GPIO_PinAFConfig                       0x08000fa4   Section        0  stm32f4xx_gpio.o(i.GPIO_PinAFConfig)
    i.GPIO_ResetBits                         0x08000fea   Section        0  stm32f4xx_gpio.o(i.GPIO_ResetBits)
    i.GPIO_SetBits                           0x08000fee   Section        0  stm32f4xx_gpio.o(i.GPIO_SetBits)
    i.GetSector                              0x08000ff4   Section        0  flashopt.o(i.GetSector)
    i.GetSectorSize                          0x080010d8   Section        0  flashopt.o(i.GetSectorSize)
    i.GoToAddr                               0x08001128   Section        0  appcrc.o(i.GoToAddr)
    i.HardFault_Handler_proc                 0x08001154   Section        0  hardfaultproc.o(i.HardFault_Handler_proc)
    i.InitApp                                0x0800131c   Section        0  main.o(i.InitApp)
    i.InitBoardDev                           0x08001324   Section        0  main.o(i.InitBoardDev)
    i.InitComm                               0x08001368   Section        0  commhandle.o(i.InitComm)
    i.InitQueue                              0x080013a4   Section        0  queue.o(i.InitQueue)
    i.InitTimer5                             0x080013c8   Section        0  timer.o(i.InitTimer5)
    i.InitUART                               0x08001438   Section        0  uart.o(i.InitUART)
    i.InitUARTQBuff                          0x08001574   Section        0  uart.o(i.InitUARTQBuff)
    i.InvCipher                              0x080015bc   Section        0  aes.o(i.InvCipher)
    i.InvCipherAppData                       0x08001674   Section        0  appcrc.o(i.InvCipherAppData)
    i.InvMixColumns                          0x08001728   Section        0  aes.o(i.InvMixColumns)
    i.InvShiftRows                           0x08001a2e   Section        0  aes.o(i.InvShiftRows)
    i.InvSubBytes                            0x08001a60   Section        0  aes.o(i.InvSubBytes)
    i.KeyExpansion                           0x08001a8c   Section        0  aes.o(i.KeyExpansion)
    i.MemManage_Handler                      0x08001b34   Section        0  stm32f4xx_it.o(i.MemManage_Handler)
    i.MemoryCmp                              0x08001b38   Section        0  userlib.o(i.MemoryCmp)
    i.NMI_Handler                            0x08001b58   Section        0  stm32f4xx_it.o(i.NMI_Handler)
    i.NVIC_Init                              0x08001b78   Section        0  misc.o(i.NVIC_Init)
    i.OSTaskSwHook                           0x08001bf0   Section        0  os_cpu_c.o(i.OSTaskSwHook)
    i.ParseFrame                             0x08001bf4   Section        0  commhandle.o(i.ParseFrame)
    i.ProgramFlashErase                      0x08001d40   Section        0  flashopt.o(i.ProgramFlashErase)
    i.RCC_AHB1PeriphClockCmd                 0x08001da4   Section        0  stm32f4xx_rcc.o(i.RCC_AHB1PeriphClockCmd)
    i.RCC_APB1PeriphClockCmd                 0x08001dc4   Section        0  stm32f4xx_rcc.o(i.RCC_APB1PeriphClockCmd)
    i.RCC_APB1PeriphResetCmd                 0x08001de4   Section        0  stm32f4xx_rcc.o(i.RCC_APB1PeriphResetCmd)
    i.RCC_APB2PeriphClockCmd                 0x08001e04   Section        0  stm32f4xx_rcc.o(i.RCC_APB2PeriphClockCmd)
    i.RCC_APB2PeriphResetCmd                 0x08001e24   Section        0  stm32f4xx_rcc.o(i.RCC_APB2PeriphResetCmd)
    i.RCC_ClearITPendingBit                  0x08001e44   Section        0  stm32f4xx_rcc.o(i.RCC_ClearITPendingBit)
    i.RCC_GetClocksFreq                      0x08001e50   Section        0  stm32f4xx_rcc.o(i.RCC_GetClocksFreq)
    i.RCC_GetITStatus                        0x08001f38   Section        0  stm32f4xx_rcc.o(i.RCC_GetITStatus)
    i.RCC_HSEConfig                          0x08001f50   Section        0  stm32f4xx_rcc.o(i.RCC_HSEConfig)
    i.RCC_ITConfig                           0x08001f60   Section        0  stm32f4xx_rcc.o(i.RCC_ITConfig)
    i.RTC_Alarm_IRQHandler                   0x08001f80   Section        0  rtc.o(i.RTC_Alarm_IRQHandler)
    i.RTC_ClearITPendingBit                  0x08001fe0   Section        0  stm32f4xx_rtc.o(i.RTC_ClearITPendingBit)
    i.RTC_GetITStatus                        0x08002000   Section        0  stm32f4xx_rtc.o(i.RTC_GetITStatus)
    i.ReadCPUID                              0x08002040   Section        0  cpuid.o(i.ReadCPUID)
    i.SVC_Handler                            0x08002064   Section        0  stm32f4xx_it.o(i.SVC_Handler)
    i.SendFrame                              0x08002066   Section        0  framepack.o(i.SendFrame)
    i.SetSysClock                            0x080020a4   Section        0  system_stm32f4xx.o(i.SetSysClock)
    SetSysClock                              0x080020a5   Thumb Code   218  system_stm32f4xx.o(i.SetSysClock)
    i.StartDesProc                           0x08002190   Section        0  capher.o(i.StartDesProc)
    i.StartFireWareUpdate                    0x08002200   Section        0  firmwareupdate.o(i.StartFireWareUpdate)
    i.Store2Q                                0x08002340   Section        0  queue.o(i.Store2Q)
    i.StoreKey                               0x08002374   Section        0  capher.o(i.StoreKey)
    i.SubWord                                0x08002394   Section        0  aes.o(i.SubWord)
    i.SysTick_Handler                        0x080023cc   Section        0  stm32f4xx_it.o(i.SysTick_Handler)
    i.SystemInit                             0x080023d0   Section        0  system_stm32f4xx.o(i.SystemInit)
    i.SystemResetProc                        0x08002438   Section        0  commhandle.o(i.SystemResetProc)
    i.TIM2_IRQHandler                        0x08002490   Section        0  timer.o(i.TIM2_IRQHandler)
    i.TIM3_IRQHandler                        0x080024c4   Section        0  timer.o(i.TIM3_IRQHandler)
    i.TIM4_IRQHandler                        0x080024ec   Section        0  timer.o(i.TIM4_IRQHandler)
    i.TIM5_IRQHandler                        0x08002508   Section        0  timer.o(i.TIM5_IRQHandler)
    i.TIM7_IRQHandler                        0x08002530   Section        0  timer.o(i.TIM7_IRQHandler)
    i.TIM_ClearITPendingBit                  0x08002558   Section        0  stm32f4xx_tim.o(i.TIM_ClearITPendingBit)
    i.TIM_Cmd                                0x0800255e   Section        0  stm32f4xx_tim.o(i.TIM_Cmd)
    i.TIM_GetCounter                         0x08002576   Section        0  stm32f4xx_tim.o(i.TIM_GetCounter)
    i.TIM_GetITStatus                        0x0800257c   Section        0  stm32f4xx_tim.o(i.TIM_GetITStatus)
    i.TIM_SetCounter                         0x0800259e   Section        0  stm32f4xx_tim.o(i.TIM_SetCounter)
    i.TIM_TimeBaseInit                       0x080025a4   Section        0  stm32f4xx_tim.o(i.TIM_TimeBaseInit)
    i.TakeOutKey                             0x08002628   Section        0  capher.o(i.TakeOutKey)
    i.UARTSendFrame                          0x08002648   Section        0  framepack.o(i.UARTSendFrame)
    i.UART_SendBytes                         0x0800267c   Section        0  uart.o(i.UART_SendBytes)
    i.USART1_IRQHandler                      0x080026a8   Section        0  uart.o(i.USART1_IRQHandler)
    i.USART2_IRQHandler                      0x080026e0   Section        0  uart.o(i.USART2_IRQHandler)
    i.USART_ClearITPendingBit                0x08002718   Section        0  stm32f4xx_usart.o(i.USART_ClearITPendingBit)
    i.USART_Cmd                              0x08002736   Section        0  stm32f4xx_usart.o(i.USART_Cmd)
    i.USART_DeInit                           0x08002750   Section        0  stm32f4xx_usart.o(i.USART_DeInit)
    i.USART_GetFlagStatus                    0x08002804   Section        0  stm32f4xx_usart.o(i.USART_GetFlagStatus)
    i.USART_GetITStatus                      0x0800281e   Section        0  stm32f4xx_usart.o(i.USART_GetITStatus)
    i.USART_ITConfig                         0x08002872   Section        0  stm32f4xx_usart.o(i.USART_ITConfig)
    i.USART_Init                             0x080028bc   Section        0  stm32f4xx_usart.o(i.USART_Init)
    i.USART_SendData                         0x08002990   Section        0  stm32f4xx_usart.o(i.USART_SendData)
    i.UsageFault_Handler                     0x08002998   Section        0  stm32f4xx_it.o(i.UsageFault_Handler)
    i.__0printf$5                            0x0800299c   Section        0  printf5.o(i.__0printf$5)
    i.__scatterload_copy                     0x080029bc   Section       14  handlers.o(i.__scatterload_copy)
    i.__scatterload_null                     0x080029ca   Section        2  handlers.o(i.__scatterload_null)
    i.__scatterload_zeroinit                 0x080029cc   Section       14  handlers.o(i.__scatterload_zeroinit)
    i._printf_core                           0x080029dc   Section        0  printf5.o(i._printf_core)
    _printf_core                             0x080029dd   Thumb Code   658  printf5.o(i._printf_core)
    i.fputc                                  0x08002c9c   Section        0  m_printf.o(i.fputc)
    i.main                                   0x08002cc0   Section        0  main.o(i.main)
    i.xtimes02                               0x08002d2c   Section        0  aes.o(i.xtimes02)
    i.xtimes09                               0x08002d44   Section        0  aes.o(i.xtimes09)
    i.xtimes0B                               0x08002d6a   Section        0  aes.o(i.xtimes0B)
    i.xtimes0D                               0x08002d92   Section        0  aes.o(i.xtimes0D)
    i.xtimes0E                               0x08002dba   Section        0  aes.o(i.xtimes0E)
    .constdata                               0x08002de4   Section       52  aes.o(.constdata)
    .data                                    0x20000000   Section        5  main.o(.data)
    .data                                    0x20000008   Section        8  commhandle.o(.data)
    pCF                                      0x20000008   Data           4  commhandle.o(.data)
    .data                                    0x20000010   Section        8  m_printf.o(.data)
    .data                                    0x20000018   Section       16  userlib.o(.data)
    .data                                    0x20000028   Section        5  simui2c.o(.data)
    .data                                    0x20000030   Section       32  appcrc.o(.data)
    .data                                    0x20000050   Section      192  flashopt.o(.data)
    .data                                    0x20000110   Section      512  aes.o(.data)
    .data                                    0x20000310   Section       16  capher.o(.data)
    .data                                    0x20000320   Section       28  firmwareupdate.o(.data)
    .data                                    0x2000033c   Section       32  wrprotect.o(.data)
    .data                                    0x2000035c   Section        8  uart.o(.data)
    .data                                    0x20000364   Section       36  timer.o(.data)
    .data                                    0x20000388   Section        9  rtc.o(.data)
    sys_Led_run                              0x20000390   Data           1  rtc.o(.data)
    .data                                    0x20000391   Section       16  stm32f4xx_rcc.o(.data)
    APBAHBPrescTable                         0x20000391   Data          16  stm32f4xx_rcc.o(.data)
    .data                                    0x200003a4   Section       76  os_core.o(.data)
    .bss                                     0x200003f0   Section    10720  commhandle.o(.bss)
    CommFrame                                0x200003f0   Data        2512  commhandle.o(.bss)
    .bss                                     0x20002dd0   Section     8223  uart.o(.bss)
    STACK                                    0x20004df0   Section     1024  startup_stm32f4xx.o(STACK)

    Global Symbols

    Symbol Name                              Value     Ov Type        Size  Object(Section)

    BuildAttributes$$THM_ISAv4$E$P$D$K$B$S$7EM$VFPi3$EXTD16$VFPS$VFMA$PE$A:L22UL41UL21$X:L11$S22US41US21$IEEE1$IW$USESV6$~STKCKD$USESV7$~SHL$OSPACE$ROPI$EBA8$MICROLIB$REQ8$PRES8$EABIv2 0x00000000   Number         0  anon$$obj.o ABSOLUTE
    __ARM_use_no_argv                        0x00000000   Number         0  main.o ABSOLUTE
    _printf_a                                0x00000000   Number         0  stubs.o ABSOLUTE
    _printf_c                                0x00000000   Number         0  stubs.o ABSOLUTE
    _printf_charcount                        0x00000000   Number         0  stubs.o ABSOLUTE
    _printf_d                                0x00000000   Number         0  stubs.o ABSOLUTE
    _printf_e                                0x00000000   Number         0  stubs.o ABSOLUTE
    _printf_f                                0x00000000   Number         0  stubs.o ABSOLUTE
    _printf_flags                            0x00000000   Number         0  stubs.o ABSOLUTE
    _printf_fp_dec                           0x00000000   Number         0  stubs.o ABSOLUTE
    _printf_fp_hex                           0x00000000   Number         0  stubs.o ABSOLUTE
    _printf_g                                0x00000000   Number         0  stubs.o ABSOLUTE
    _printf_i                                0x00000000   Number         0  stubs.o ABSOLUTE
    _printf_int_dec                          0x00000000   Number         0  stubs.o ABSOLUTE
    _printf_l                                0x00000000   Number         0  stubs.o ABSOLUTE
    _printf_lc                               0x00000000   Number         0  stubs.o ABSOLUTE
    _printf_ll                               0x00000000   Number         0  stubs.o ABSOLUTE
    _printf_lld                              0x00000000   Number         0  stubs.o ABSOLUTE
    _printf_lli                              0x00000000   Number         0  stubs.o ABSOLUTE
    _printf_llo                              0x00000000   Number         0  stubs.o ABSOLUTE
    _printf_llu                              0x00000000   Number         0  stubs.o ABSOLUTE
    _printf_llx                              0x00000000   Number         0  stubs.o ABSOLUTE
    _printf_longlong_dec                     0x00000000   Number         0  stubs.o ABSOLUTE
    _printf_longlong_hex                     0x00000000   Number         0  stubs.o ABSOLUTE
    _printf_longlong_oct                     0x00000000   Number         0  stubs.o ABSOLUTE
    _printf_ls                               0x00000000   Number         0  stubs.o ABSOLUTE
    _printf_mbtowc                           0x00000000   Number         0  stubs.o ABSOLUTE
    _printf_n                                0x00000000   Number         0  stubs.o ABSOLUTE
    _printf_o                                0x00000000   Number         0  stubs.o ABSOLUTE
    _printf_p                                0x00000000   Number         0  stubs.o ABSOLUTE
    _printf_percent                          0x00000000   Number         0  stubs.o ABSOLUTE
    _printf_pre_padding                      0x00000000   Number         0  stubs.o ABSOLUTE
    _printf_return_value                     0x00000000   Number         0  stubs.o ABSOLUTE
    _printf_s                                0x00000000   Number         0  stubs.o ABSOLUTE
    _printf_sizespec                         0x00000000   Number         0  stubs.o ABSOLUTE
    _printf_str                              0x00000000   Number         0  stubs.o ABSOLUTE
    _printf_truncate_signed                  0x00000000   Number         0  stubs.o ABSOLUTE
    _printf_truncate_unsigned                0x00000000   Number         0  stubs.o ABSOLUTE
    _printf_u                                0x00000000   Number         0  stubs.o ABSOLUTE
    _printf_wc                               0x00000000   Number         0  stubs.o ABSOLUTE
    _printf_wctomb                           0x00000000   Number         0  stubs.o ABSOLUTE
    _printf_widthprec                        0x00000000   Number         0  stubs.o ABSOLUTE
    _printf_x                                0x00000000   Number         0  stubs.o ABSOLUTE
    __cpp_initialize__aeabi_                  - Undefined Weak Reference
    __cxa_finalize                            - Undefined Weak Reference
    _clock_init                               - Undefined Weak Reference
    _microlib_exit                            - Undefined Weak Reference
    __Vectors_Size                           0x00000188   Number         0  startup_stm32f4xx.o ABSOLUTE
    __Vectors                                0x08000000   Data           4  startup_stm32f4xx.o(RESET)
    __Vectors_End                            0x08000188   Data           0  startup_stm32f4xx.o(RESET)
    __main                                   0x08000189   Thumb Code     0  entry.o(.ARM.Collect$$$$00000000)
    _main_stk                                0x08000189   Thumb Code     0  entry2.o(.ARM.Collect$$$$00000001)
    _main_scatterload                        0x0800018d   Thumb Code     0  entry5.o(.ARM.Collect$$$$00000004)
    __main_after_scatterload                 0x08000191   Thumb Code     0  entry5.o(.ARM.Collect$$$$00000004)
    _main_clock                              0x08000191   Thumb Code     0  entry7b.o(.ARM.Collect$$$$00000008)
    _main_cpp_init                           0x08000191   Thumb Code     0  entry8b.o(.ARM.Collect$$$$0000000A)
    _main_init                               0x08000191   Thumb Code     0  entry9a.o(.ARM.Collect$$$$0000000B)
    __rt_final_cpp                           0x08000199   Thumb Code     0  entry10a.o(.ARM.Collect$$$$0000000D)
    __rt_final_exit                          0x08000199   Thumb Code     0  entry11a.o(.ARM.Collect$$$$0000000F)
    __asm___12_CommHandle_c_InitComm____REV16 0x0800019d   Thumb Code     4  commhandle.o(.emb_text)
    __asm___12_CommHandle_c_InitComm____REVSH 0x080001a1   Thumb Code     4  commhandle.o(.emb_text)
    SystemReset                              0x080001a5   Thumb Code    16  commhandle.o(.emb_text)
    Reset_Handler                            0x080001bd   Thumb Code     4  startup_stm32f4xx.o(.text)
    HardFault_Handler                        0x080001c3   Thumb Code    18  startup_stm32f4xx.o(.text)
    ADC_IRQHandler                           0x080001e3   Thumb Code     0  startup_stm32f4xx.o(.text)
    CAN1_RX0_IRQHandler                      0x080001e3   Thumb Code     0  startup_stm32f4xx.o(.text)
    CAN1_RX1_IRQHandler                      0x080001e3   Thumb Code     0  startup_stm32f4xx.o(.text)
    CAN1_SCE_IRQHandler                      0x080001e3   Thumb Code     0  startup_stm32f4xx.o(.text)
    CAN1_TX_IRQHandler                       0x080001e3   Thumb Code     0  startup_stm32f4xx.o(.text)
    CAN2_RX0_IRQHandler                      0x080001e3   Thumb Code     0  startup_stm32f4xx.o(.text)
    CAN2_RX1_IRQHandler                      0x080001e3   Thumb Code     0  startup_stm32f4xx.o(.text)
    CAN2_SCE_IRQHandler                      0x080001e3   Thumb Code     0  startup_stm32f4xx.o(.text)
    CAN2_TX_IRQHandler                       0x080001e3   Thumb Code     0  startup_stm32f4xx.o(.text)
    CRYP_IRQHandler                          0x080001e3   Thumb Code     0  startup_stm32f4xx.o(.text)
    DCMI_IRQHandler                          0x080001e3   Thumb Code     0  startup_stm32f4xx.o(.text)
    DMA1_Stream0_IRQHandler                  0x080001e3   Thumb Code     0  startup_stm32f4xx.o(.text)
    DMA1_Stream1_IRQHandler                  0x080001e3   Thumb Code     0  startup_stm32f4xx.o(.text)
    DMA1_Stream2_IRQHandler                  0x080001e3   Thumb Code     0  startup_stm32f4xx.o(.text)
    DMA1_Stream3_IRQHandler                  0x080001e3   Thumb Code     0  startup_stm32f4xx.o(.text)
    DMA1_Stream4_IRQHandler                  0x080001e3   Thumb Code     0  startup_stm32f4xx.o(.text)
    DMA1_Stream5_IRQHandler                  0x080001e3   Thumb Code     0  startup_stm32f4xx.o(.text)
    DMA1_Stream6_IRQHandler                  0x080001e3   Thumb Code     0  startup_stm32f4xx.o(.text)
    DMA1_Stream7_IRQHandler                  0x080001e3   Thumb Code     0  startup_stm32f4xx.o(.text)
    DMA2_Stream0_IRQHandler                  0x080001e3   Thumb Code     0  startup_stm32f4xx.o(.text)
    DMA2_Stream1_IRQHandler                  0x080001e3   Thumb Code     0  startup_stm32f4xx.o(.text)
    DMA2_Stream2_IRQHandler                  0x080001e3   Thumb Code     0  startup_stm32f4xx.o(.text)
    DMA2_Stream3_IRQHandler                  0x080001e3   Thumb Code     0  startup_stm32f4xx.o(.text)
    DMA2_Stream4_IRQHandler                  0x080001e3   Thumb Code     0  startup_stm32f4xx.o(.text)
    DMA2_Stream5_IRQHandler                  0x080001e3   Thumb Code     0  startup_stm32f4xx.o(.text)
    DMA2_Stream6_IRQHandler                  0x080001e3   Thumb Code     0  startup_stm32f4xx.o(.text)
    DMA2_Stream7_IRQHandler                  0x080001e3   Thumb Code     0  startup_stm32f4xx.o(.text)
    ETH_IRQHandler                           0x080001e3   Thumb Code     0  startup_stm32f4xx.o(.text)
    ETH_WKUP_IRQHandler                      0x080001e3   Thumb Code     0  startup_stm32f4xx.o(.text)
    EXTI0_IRQHandler                         0x080001e3   Thumb Code     0  startup_stm32f4xx.o(.text)
    EXTI15_10_IRQHandler                     0x080001e3   Thumb Code     0  startup_stm32f4xx.o(.text)
    EXTI1_IRQHandler                         0x080001e3   Thumb Code     0  startup_stm32f4xx.o(.text)
    EXTI2_IRQHandler                         0x080001e3   Thumb Code     0  startup_stm32f4xx.o(.text)
    EXTI3_IRQHandler                         0x080001e3   Thumb Code     0  startup_stm32f4xx.o(.text)
    EXTI4_IRQHandler                         0x080001e3   Thumb Code     0  startup_stm32f4xx.o(.text)
    EXTI9_5_IRQHandler                       0x080001e3   Thumb Code     0  startup_stm32f4xx.o(.text)
    FLASH_IRQHandler                         0x080001e3   Thumb Code     0  startup_stm32f4xx.o(.text)
    FPU_IRQHandler                           0x080001e3   Thumb Code     0  startup_stm32f4xx.o(.text)
    FSMC_IRQHandler                          0x080001e3   Thumb Code     0  startup_stm32f4xx.o(.text)
    HASH_RNG_IRQHandler                      0x080001e3   Thumb Code     0  startup_stm32f4xx.o(.text)
    I2C1_ER_IRQHandler                       0x080001e3   Thumb Code     0  startup_stm32f4xx.o(.text)
    I2C1_EV_IRQHandler                       0x080001e3   Thumb Code     0  startup_stm32f4xx.o(.text)
    I2C2_ER_IRQHandler                       0x080001e3   Thumb Code     0  startup_stm32f4xx.o(.text)
    I2C2_EV_IRQHandler                       0x080001e3   Thumb Code     0  startup_stm32f4xx.o(.text)
    I2C3_ER_IRQHandler                       0x080001e3   Thumb Code     0  startup_stm32f4xx.o(.text)
    I2C3_EV_IRQHandler                       0x080001e3   Thumb Code     0  startup_stm32f4xx.o(.text)
    OTG_FS_IRQHandler                        0x080001e3   Thumb Code     0  startup_stm32f4xx.o(.text)
    OTG_FS_WKUP_IRQHandler                   0x080001e3   Thumb Code     0  startup_stm32f4xx.o(.text)
    OTG_HS_EP1_IN_IRQHandler                 0x080001e3   Thumb Code     0  startup_stm32f4xx.o(.text)
    OTG_HS_EP1_OUT_IRQHandler                0x080001e3   Thumb Code     0  startup_stm32f4xx.o(.text)
    OTG_HS_IRQHandler                        0x080001e3   Thumb Code     0  startup_stm32f4xx.o(.text)
    OTG_HS_WKUP_IRQHandler                   0x080001e3   Thumb Code     0  startup_stm32f4xx.o(.text)
    PVD_IRQHandler                           0x080001e3   Thumb Code     0  startup_stm32f4xx.o(.text)
    RCC_IRQHandler                           0x080001e3   Thumb Code     0  startup_stm32f4xx.o(.text)
    RTC_WKUP_IRQHandler                      0x080001e3   Thumb Code     0  startup_stm32f4xx.o(.text)
    SDIO_IRQHandler                          0x080001e3   Thumb Code     0  startup_stm32f4xx.o(.text)
    SPI1_IRQHandler                          0x080001e3   Thumb Code     0  startup_stm32f4xx.o(.text)
    SPI2_IRQHandler                          0x080001e3   Thumb Code     0  startup_stm32f4xx.o(.text)
    SPI3_IRQHandler                          0x080001e3   Thumb Code     0  startup_stm32f4xx.o(.text)
    TAMP_STAMP_IRQHandler                    0x080001e3   Thumb Code     0  startup_stm32f4xx.o(.text)
    TIM1_BRK_TIM9_IRQHandler                 0x080001e3   Thumb Code     0  startup_stm32f4xx.o(.text)
    TIM1_CC_IRQHandler                       0x080001e3   Thumb Code     0  startup_stm32f4xx.o(.text)
    TIM1_TRG_COM_TIM11_IRQHandler            0x080001e3   Thumb Code     0  startup_stm32f4xx.o(.text)
    TIM1_UP_TIM10_IRQHandler                 0x080001e3   Thumb Code     0  startup_stm32f4xx.o(.text)
    TIM6_DAC_IRQHandler                      0x080001e3   Thumb Code     0  startup_stm32f4xx.o(.text)
    TIM8_BRK_TIM12_IRQHandler                0x080001e3   Thumb Code     0  startup_stm32f4xx.o(.text)
    TIM8_CC_IRQHandler                       0x080001e3   Thumb Code     0  startup_stm32f4xx.o(.text)
    TIM8_TRG_COM_TIM14_IRQHandler            0x080001e3   Thumb Code     0  startup_stm32f4xx.o(.text)
    TIM8_UP_TIM13_IRQHandler                 0x080001e3   Thumb Code     0  startup_stm32f4xx.o(.text)
    UART4_IRQHandler                         0x080001e3   Thumb Code     0  startup_stm32f4xx.o(.text)
    UART5_IRQHandler                         0x080001e3   Thumb Code     0  startup_stm32f4xx.o(.text)
    USART3_IRQHandler                        0x080001e3   Thumb Code     0  startup_stm32f4xx.o(.text)
    USART6_IRQHandler                        0x080001e3   Thumb Code     0  startup_stm32f4xx.o(.text)
    WWDG_IRQHandler                          0x080001e3   Thumb Code     0  startup_stm32f4xx.o(.text)
    OS_CPU_SR_Save                           0x080001e9   Thumb Code     0  os_cpu_a.o(.text)
    OS_CPU_SR_Restore                        0x080001f1   Thumb Code     0  os_cpu_a.o(.text)
    OSStartHighRdy                           0x080001f7   Thumb Code     0  os_cpu_a.o(.text)
    OSCtxSw                                  0x08000223   Thumb Code     0  os_cpu_a.o(.text)
    OSIntCtxSw                               0x0800022d   Thumb Code     0  os_cpu_a.o(.text)
    PendSV_Handler                           0x08000237   Thumb Code     0  os_cpu_a.o(.text)
    __aeabi_memset                           0x0800029d   Thumb Code    14  memseta.o(.text)
    __aeabi_memset4                          0x0800029d   Thumb Code     0  memseta.o(.text)
    __aeabi_memset8                          0x0800029d   Thumb Code     0  memseta.o(.text)
    __aeabi_memclr                           0x080002ab   Thumb Code     4  memseta.o(.text)
    __aeabi_memclr4                          0x080002ab   Thumb Code     0  memseta.o(.text)
    __aeabi_memclr8                          0x080002ab   Thumb Code     0  memseta.o(.text)
    _memset$wrapper                          0x080002af   Thumb Code    18  memseta.o(.text)
    __aeabi_uldivmod                         0x080002c1   Thumb Code    98  uldiv.o(.text)
    __scatterload                            0x08000325   Thumb Code    28  init.o(.text)
    __scatterload_rt2                        0x08000325   Thumb Code     0  init.o(.text)
    __aeabi_llsl                             0x08000349   Thumb Code    30  llshl.o(.text)
    _ll_shift_l                              0x08000349   Thumb Code     0  llshl.o(.text)
    __aeabi_llsr                             0x08000367   Thumb Code    32  llushr.o(.text)
    _ll_ushift_r                             0x08000367   Thumb Code     0  llushr.o(.text)
    __decompress                             0x08000387   Thumb Code     0  __dczerorl2.o(.text)
    __decompress1                            0x08000387   Thumb Code    92  __dczerorl2.o(.text)
    AddKeyRound                              0x080003e3   Thumb Code   112  aes.o(i.AddKeyRound)
    AppCRC                                   0x08000455   Thumb Code   120  appcrc.o(i.AppCRC)
    BaudRateProc                             0x080004d5   Thumb Code    64  commhandle.o(i.BaudRateProc)
    BusFault_Handler                         0x08000519   Thumb Code     4  stm32f4xx_it.o(i.BusFault_Handler)
    CalculateCRC                             0x0800051d   Thumb Code    52  framepack.o(i.CalculateCRC)
    CheckCipherValidID                       0x08000551   Thumb Code   194  appcrc.o(i.CheckCipherValidID)
    CheckProgramData                         0x08000625   Thumb Code    56  flashopt.o(i.CheckProgramData)
    Data2Flash                               0x0800065d   Thumb Code   152  flashopt.o(i.Data2Flash)
    DataAreaWRPLock                          0x080006f5   Thumb Code   152  wrprotect.o(i.DataAreaWRPLock)
    DataAreaWRPUnlock                        0x08000791   Thumb Code   220  wrprotect.o(i.DataAreaWRPUnlock)
    DebugMon_Handler                         0x08000871   Thumb Code     2  stm32f4xx_it.o(i.DebugMon_Handler)
    DesKeyProc                               0x08000875   Thumb Code   210  capher.o(i.DesKeyProc)
    EXTI_ClearITPendingBit                   0x0800094d   Thumb Code     6  stm32f4xx_exti.o(i.EXTI_ClearITPendingBit)
    FLASH_ClearFlag                          0x080009d5   Thumb Code     6  stm32f4xx_flash.o(i.FLASH_ClearFlag)
    FLASH_EraseSector                        0x080009e1   Thumb Code   130  stm32f4xx_flash.o(i.FLASH_EraseSector)
    FLASH_GetStatus                          0x08000a69   Thumb Code    66  stm32f4xx_flash.o(i.FLASH_GetStatus)
    FLASH_Lock                               0x08000ab1   Thumb Code    14  stm32f4xx_flash.o(i.FLASH_Lock)
    FLASH_OB_GetRDP                          0x08000ac5   Thumb Code    18  stm32f4xx_flash.o(i.FLASH_OB_GetRDP)
    FLASH_OB_GetWRP                          0x08000add   Thumb Code     6  stm32f4xx_flash.o(i.FLASH_OB_GetWRP)
    FLASH_OB_Launch                          0x08000ae9   Thumb Code    26  stm32f4xx_flash.o(i.FLASH_OB_Launch)
    FLASH_OB_Lock                            0x08000b09   Thumb Code    14  stm32f4xx_flash.o(i.FLASH_OB_Lock)
    FLASH_OB_RDPConfig                       0x08000b1d   Thumb Code    22  stm32f4xx_flash.o(i.FLASH_OB_RDPConfig)
    FLASH_OB_Unlock                          0x08000b39   Thumb Code    24  stm32f4xx_flash.o(i.FLASH_OB_Unlock)
    FLASH_OB_WRPConfig                       0x08000b5d   Thumb Code    46  stm32f4xx_flash.o(i.FLASH_OB_WRPConfig)
    FLASH_ProgramWord                        0x08000b91   Thumb Code    74  stm32f4xx_flash.o(i.FLASH_ProgramWord)
    FLASH_Unlock                             0x08000be1   Thumb Code    38  stm32f4xx_flash.o(i.FLASH_Unlock)
    FLASH_WaitForLastOperation               0x08000c15   Thumb Code    34  stm32f4xx_flash.o(i.FLASH_WaitForLastOperation)
    FetchFromQ                               0x08000c37   Thumb Code    44  queue.o(i.FetchFromQ)
    FirmwDateUpdate                          0x08000c65   Thumb Code   372  firmwareupdate.o(i.FirmwDateUpdate)
    FlashWRPLock                             0x08000e11   Thumb Code    42  wrprotect.o(i.FlashWRPLock)
    FlashWRPUnlock                           0x08000e3b   Thumb Code    44  wrprotect.o(i.FlashWRPUnlock)
    FrameParseExec                           0x08000e69   Thumb Code    50  commhandle.o(i.FrameParseExec)
    GPIO_Config                              0x08000ea1   Thumb Code   110  inithw.o(i.GPIO_Config)
    GPIO_Init                                0x08000f15   Thumb Code   144  stm32f4xx_gpio.o(i.GPIO_Init)
    GPIO_PinAFConfig                         0x08000fa5   Thumb Code    70  stm32f4xx_gpio.o(i.GPIO_PinAFConfig)
    GPIO_ResetBits                           0x08000feb   Thumb Code     4  stm32f4xx_gpio.o(i.GPIO_ResetBits)
    GPIO_SetBits                             0x08000fef   Thumb Code     4  stm32f4xx_gpio.o(i.GPIO_SetBits)
    GetSector                                0x08000ff5   Thumb Code   182  flashopt.o(i.GetSector)
    GetSectorSize                            0x080010d9   Thumb Code    76  flashopt.o(i.GetSectorSize)
    GoToAddr                                 0x08001129   Thumb Code    34  appcrc.o(i.GoToAddr)
    HardFault_Handler_proc                   0x08001155   Thumb Code   176  hardfaultproc.o(i.HardFault_Handler_proc)
    InitApp                                  0x0800131d   Thumb Code     8  main.o(i.InitApp)
    InitBoardDev                             0x08001325   Thumb Code    56  main.o(i.InitBoardDev)
    InitComm                                 0x08001369   Thumb Code    38  commhandle.o(i.InitComm)
    InitQueue                                0x080013a5   Thumb Code    36  queue.o(i.InitQueue)
    InitTimer5                               0x080013c9   Thumb Code   100  timer.o(i.InitTimer5)
    InitUART                                 0x08001439   Thumb Code   296  uart.o(i.InitUART)
    InitUARTQBuff                            0x08001575   Thumb Code    58  uart.o(i.InitUARTQBuff)
    InvCipher                                0x080015bd   Thumb Code   182  aes.o(i.InvCipher)
    InvCipherAppData                         0x08001675   Thumb Code   162  appcrc.o(i.InvCipherAppData)
    InvMixColumns                            0x08001729   Thumb Code   774  aes.o(i.InvMixColumns)
    InvShiftRows                             0x08001a2f   Thumb Code    50  aes.o(i.InvShiftRows)
    InvSubBytes                              0x08001a61   Thumb Code    38  aes.o(i.InvSubBytes)
    KeyExpansion                             0x08001a8d   Thumb Code   162  aes.o(i.KeyExpansion)
    MemManage_Handler                        0x08001b35   Thumb Code     4  stm32f4xx_it.o(i.MemManage_Handler)
    MemoryCmp                                0x08001b39   Thumb Code    32  userlib.o(i.MemoryCmp)
    NMI_Handler                              0x08001b59   Thumb Code    32  stm32f4xx_it.o(i.NMI_Handler)
    NVIC_Init                                0x08001b79   Thumb Code   108  misc.o(i.NVIC_Init)
    OSTaskSwHook                             0x08001bf1   Thumb Code     2  os_cpu_c.o(i.OSTaskSwHook)
    ParseFrame                               0x08001bf5   Thumb Code   328  commhandle.o(i.ParseFrame)
    ProgramFlashErase                        0x08001d41   Thumb Code    94  flashopt.o(i.ProgramFlashErase)
    RCC_AHB1PeriphClockCmd                   0x08001da5   Thumb Code    26  stm32f4xx_rcc.o(i.RCC_AHB1PeriphClockCmd)
    RCC_APB1PeriphClockCmd                   0x08001dc5   Thumb Code    26  stm32f4xx_rcc.o(i.RCC_APB1PeriphClockCmd)
    RCC_APB1PeriphResetCmd                   0x08001de5   Thumb Code    26  stm32f4xx_rcc.o(i.RCC_APB1PeriphResetCmd)
    RCC_APB2PeriphClockCmd                   0x08001e05   Thumb Code    26  stm32f4xx_rcc.o(i.RCC_APB2PeriphClockCmd)
    RCC_APB2PeriphResetCmd                   0x08001e25   Thumb Code    26  stm32f4xx_rcc.o(i.RCC_APB2PeriphResetCmd)
    RCC_ClearITPendingBit                    0x08001e45   Thumb Code     6  stm32f4xx_rcc.o(i.RCC_ClearITPendingBit)
    RCC_GetClocksFreq                        0x08001e51   Thumb Code   214  stm32f4xx_rcc.o(i.RCC_GetClocksFreq)
    RCC_GetITStatus                          0x08001f39   Thumb Code    20  stm32f4xx_rcc.o(i.RCC_GetITStatus)
    RCC_HSEConfig                            0x08001f51   Thumb Code    12  stm32f4xx_rcc.o(i.RCC_HSEConfig)
    RCC_ITConfig                             0x08001f61   Thumb Code    26  stm32f4xx_rcc.o(i.RCC_ITConfig)
    RTC_Alarm_IRQHandler                     0x08001f81   Thumb Code    80  rtc.o(i.RTC_Alarm_IRQHandler)
    RTC_ClearITPendingBit                    0x08001fe1   Thumb Code    28  stm32f4xx_rtc.o(i.RTC_ClearITPendingBit)
    RTC_GetITStatus                          0x08002001   Thumb Code    60  stm32f4xx_rtc.o(i.RTC_GetITStatus)
    ReadCPUID                                0x08002041   Thumb Code    32  cpuid.o(i.ReadCPUID)
    SVC_Handler                              0x08002065   Thumb Code     2  stm32f4xx_it.o(i.SVC_Handler)
    SendFrame                                0x08002067   Thumb Code    60  framepack.o(i.SendFrame)
    StartDesProc                             0x08002191   Thumb Code   106  capher.o(i.StartDesProc)
    StartFireWareUpdate                      0x08002201   Thumb Code   288  firmwareupdate.o(i.StartFireWareUpdate)
    Store2Q                                  0x08002341   Thumb Code    52  queue.o(i.Store2Q)
    StoreKey                                 0x08002375   Thumb Code    32  capher.o(i.StoreKey)
    SubWord                                  0x08002395   Thumb Code    50  aes.o(i.SubWord)
    SysTick_Handler                          0x080023cd   Thumb Code     2  stm32f4xx_it.o(i.SysTick_Handler)
    SystemInit                               0x080023d1   Thumb Code    88  system_stm32f4xx.o(i.SystemInit)
    SystemResetProc                          0x08002439   Thumb Code    86  commhandle.o(i.SystemResetProc)
    TIM2_IRQHandler                          0x08002491   Thumb Code    42  timer.o(i.TIM2_IRQHandler)
    TIM3_IRQHandler                          0x080024c5   Thumb Code    32  timer.o(i.TIM3_IRQHandler)
    TIM4_IRQHandler                          0x080024ed   Thumb Code    22  timer.o(i.TIM4_IRQHandler)
    TIM5_IRQHandler                          0x08002509   Thumb Code    32  timer.o(i.TIM5_IRQHandler)
    TIM7_IRQHandler                          0x08002531   Thumb Code    32  timer.o(i.TIM7_IRQHandler)
    TIM_ClearITPendingBit                    0x08002559   Thumb Code     6  stm32f4xx_tim.o(i.TIM_ClearITPendingBit)
    TIM_Cmd                                  0x0800255f   Thumb Code    24  stm32f4xx_tim.o(i.TIM_Cmd)
    TIM_GetCounter                           0x08002577   Thumb Code     6  stm32f4xx_tim.o(i.TIM_GetCounter)
    TIM_GetITStatus                          0x0800257d   Thumb Code    34  stm32f4xx_tim.o(i.TIM_GetITStatus)
    TIM_SetCounter                           0x0800259f   Thumb Code     4  stm32f4xx_tim.o(i.TIM_SetCounter)
    TIM_TimeBaseInit                         0x080025a5   Thumb Code   104  stm32f4xx_tim.o(i.TIM_TimeBaseInit)
    TakeOutKey                               0x08002629   Thumb Code    28  capher.o(i.TakeOutKey)
    UARTSendFrame                            0x08002649   Thumb Code    48  framepack.o(i.UARTSendFrame)
    UART_SendBytes                           0x0800267d   Thumb Code    44  uart.o(i.UART_SendBytes)
    USART1_IRQHandler                        0x080026a9   Thumb Code    46  uart.o(i.USART1_IRQHandler)
    USART2_IRQHandler                        0x080026e1   Thumb Code    48  uart.o(i.USART2_IRQHandler)
    USART_ClearITPendingBit                  0x08002719   Thumb Code    30  stm32f4xx_usart.o(i.USART_ClearITPendingBit)
    USART_Cmd                                0x08002737   Thumb Code    24  stm32f4xx_usart.o(i.USART_Cmd)
    USART_DeInit                             0x08002751   Thumb Code   156  stm32f4xx_usart.o(i.USART_DeInit)
    USART_GetFlagStatus                      0x08002805   Thumb Code    26  stm32f4xx_usart.o(i.USART_GetFlagStatus)
    USART_GetITStatus                        0x0800281f   Thumb Code    84  stm32f4xx_usart.o(i.USART_GetITStatus)
    USART_ITConfig                           0x08002873   Thumb Code    74  stm32f4xx_usart.o(i.USART_ITConfig)
    USART_Init                               0x080028bd   Thumb Code   204  stm32f4xx_usart.o(i.USART_Init)
    USART_SendData                           0x08002991   Thumb Code     8  stm32f4xx_usart.o(i.USART_SendData)
    UsageFault_Handler                       0x08002999   Thumb Code     4  stm32f4xx_it.o(i.UsageFault_Handler)
    __0printf$5                              0x0800299d   Thumb Code    22  printf5.o(i.__0printf$5)
    __1printf$5                              0x0800299d   Thumb Code     0  printf5.o(i.__0printf$5)
    __2printf                                0x0800299d   Thumb Code     0  printf5.o(i.__0printf$5)
    __scatterload_copy                       0x080029bd   Thumb Code    14  handlers.o(i.__scatterload_copy)
    __scatterload_null                       0x080029cb   Thumb Code     2  handlers.o(i.__scatterload_null)
    __scatterload_zeroinit                   0x080029cd   Thumb Code    14  handlers.o(i.__scatterload_zeroinit)
    fputc                                    0x08002c9d   Thumb Code    32  m_printf.o(i.fputc)
    main                                     0x08002cc1   Thumb Code    76  main.o(i.main)
    xtimes02                                 0x08002d2d   Thumb Code    24  aes.o(i.xtimes02)
    xtimes09                                 0x08002d45   Thumb Code    38  aes.o(i.xtimes09)
    xtimes0B                                 0x08002d6b   Thumb Code    40  aes.o(i.xtimes0B)
    xtimes0D                                 0x08002d93   Thumb Code    40  aes.o(i.xtimes0D)
    xtimes0E                                 0x08002dbb   Thumb Code    40  aes.o(i.xtimes0E)
    Rcon                                     0x08002de4   Data          52  aes.o(.constdata)
    Region$$Table$$Base                      0x08002e18   Number         0  anon$$obj.o(Region$$Table)
    Region$$Table$$Limit                     0x08002e38   Number         0  anon$$obj.o(Region$$Table)
    FirmwareUpdateFlag                       0x20000000   Data           1  main.o(.data)
    Key4                                     0x20000001   Data           4  main.o(.data)
    pFrameQ2                                 0x2000000c   Data           4  commhandle.o(.data)
    __stdout                                 0x20000010   Data           4  m_printf.o(.data)
    __stdin                                  0x20000014   Data           4  m_printf.o(.data)
    Key2                                     0x20000018   Data           4  userlib.o(.data)
    TmCnt                                    0x2000001c   Data           4  userlib.o(.data)
    INTState                                 0x20000020   Data           1  userlib.o(.data)
    AvoidNoUseWarning                        0x20000024   Data           4  userlib.o(.data)
    Key3                                     0x20000028   Data           4  simui2c.o(.data)
    FRAM_ADDRESS                             0x2000002c   Data           1  simui2c.o(.data)
    Key1                                     0x20000030   Data           4  appcrc.o(.data)
    AppKey1                                  0x20000034   Data           4  appcrc.o(.data)
    AppKey2                                  0x20000038   Data           4  appcrc.o(.data)
    AppKey3                                  0x2000003c   Data           4  appcrc.o(.data)
    AppKey4                                  0x20000040   Data           4  appcrc.o(.data)
    FlashProtection                          0x20000044   Data           4  appcrc.o(.data)
    Jump_To_Application                      0x20000048   Data           4  appcrc.o(.data)
    JumpAddress                              0x2000004c   Data           4  appcrc.o(.data)
    FlashInfo                                0x20000050   Data         192  flashopt.o(.data)
    Sbox                                     0x20000110   Data         256  aes.o(.data)
    InvSbox                                  0x20000210   Data         256  aes.o(.data)
    StartCipherKey                           0x20000310   Data          16  capher.o(.data)
    AppType                                  0x20000320   Data           4  firmwareupdate.o(.data)
    AppMatchBoot                             0x20000324   Data           1  firmwareupdate.o(.data)
    DataPackedNums                           0x20000328   Data           4  firmwareupdate.o(.data)
    ProgramDataLen                           0x2000032c   Data           4  firmwareupdate.o(.data)
    Check_A                                  0x20000330   Data           4  firmwareupdate.o(.data)
    Check_B                                  0x20000334   Data           4  firmwareupdate.o(.data)
    CurFlashWAddr                            0x20000338   Data           4  firmwareupdate.o(.data)
    LockBuff                                 0x2000033c   Data          10  wrprotect.o(.data)
    UnlockBuff                               0x20000346   Data          16  wrprotect.o(.data)
    rt                                       0x20000358   Data           4  wrprotect.o(.data)
    pUART1RQBuff                             0x2000035c   Data           4  uart.o(.data)
    pUART2RQBuff                             0x20000360   Data           4  uart.o(.data)
    Timer1Cnt                                0x20000364   Data           4  timer.o(.data)
    CCR1_Val                                 0x20000368   Data           2  timer.o(.data)
    CCR2_Val                                 0x2000036a   Data           2  timer.o(.data)
    CCR3_Val                                 0x2000036c   Data           2  timer.o(.data)
    CCR4_Val                                 0x2000036e   Data           2  timer.o(.data)
    PrescalerValue                           0x20000370   Data           2  timer.o(.data)
    Timer2Cnt                                0x20000374   Data           4  timer.o(.data)
    Timer4Cnt                                0x20000378   Data           4  timer.o(.data)
    Timer5Cnt                                0x2000037c   Data           4  timer.o(.data)
    SysTimeTickCnt                           0x20000380   Data           4  timer.o(.data)
    FirmwareUpdateCnt                        0x20000384   Data           4  timer.o(.data)
    AsynchPrediv                             0x20000388   Data           4  rtc.o(.data)
    SynchPrediv                              0x2000038c   Data           4  rtc.o(.data)
    OSCtxSwCtr                               0x200003a4   Data           4  os_core.o(.data)
    OSEventFreeList                          0x200003a8   Data           4  os_core.o(.data)
    OSFlagFreeList                           0x200003ac   Data           4  os_core.o(.data)
    OSCPUUsage                               0x200003b0   Data           1  os_core.o(.data)
    OSIdleCtrMax                             0x200003b4   Data           4  os_core.o(.data)
    OSIdleCtrRun                             0x200003b8   Data           4  os_core.o(.data)
    OSStatRdy                                0x200003bc   Data           1  os_core.o(.data)
    OSIntNesting                             0x200003bd   Data           1  os_core.o(.data)
    OSLockNesting                            0x200003be   Data           1  os_core.o(.data)
    OSPrioCur                                0x200003bf   Data           1  os_core.o(.data)
    OSPrioHighRdy                            0x200003c0   Data           1  os_core.o(.data)
    OSRdyGrp                                 0x200003c1   Data           1  os_core.o(.data)
    OSRdyTbl                                 0x200003c2   Data           8  os_core.o(.data)
    OSRunning                                0x200003ca   Data           1  os_core.o(.data)
    OSTaskCtr                                0x200003cb   Data           1  os_core.o(.data)
    OSIdleCtr                                0x200003cc   Data           4  os_core.o(.data)
    OSTCBCur                                 0x200003d0   Data           4  os_core.o(.data)
    OSTCBFreeList                            0x200003d4   Data           4  os_core.o(.data)
    OSTCBHighRdy                             0x200003d8   Data           4  os_core.o(.data)
    OSTCBList                                0x200003dc   Data           4  os_core.o(.data)
    OSTickStepState                          0x200003e0   Data           1  os_core.o(.data)
    OSMemFreeList                            0x200003e4   Data           4  os_core.o(.data)
    OSQFreeList                              0x200003e8   Data           4  os_core.o(.data)
    OSTime                                   0x200003ec   Data           4  os_core.o(.data)
    DataBuff2                                0x20000dc0   Data        8191  commhandle.o(.bss)
    FrameQ2                                  0x20002dc0   Data          16  commhandle.o(.bss)
    UART1RQBuff                              0x20002dd0   Data          16  uart.o(.bss)
    UART2RQBuff                              0x20002de0   Data          16  uart.o(.bss)
    UART1RecvBuff                            0x20002df0   Data        8191  uart.o(.bss)
    __initial_sp                             0x200051f0   Data           0  startup_stm32f4xx.o(STACK)



==============================================================================

Memory Map of the image

  Image Entry point : 0x08000189

  Load Region LR_IROM1 (Base: 0x08000000, Size: 0x00003228, Max: 0x00100000, ABSOLUTE, COMPRESSED[0x000030f0])

    Execution Region ER_IROM1 (Base: 0x08000000, Size: 0x00002e38, Max: 0x00100000, ABSOLUTE)

    Base Addr    Size         Type   Attr      Idx    E Section Name        Object

    0x08000000   0x00000188   Data   RO         1574    RESET               startup_stm32f4xx.o
    0x08000188   0x00000000   Code   RO         4569  * .ARM.Collect$$$$00000000  mc_w.l(entry.o)
    0x08000188   0x00000004   Code   RO         4838    .ARM.Collect$$$$00000001  mc_w.l(entry2.o)
    0x0800018c   0x00000004   Code   RO         4841    .ARM.Collect$$$$00000004  mc_w.l(entry5.o)
    0x08000190   0x00000000   Code   RO         4843    .ARM.Collect$$$$00000008  mc_w.l(entry7b.o)
    0x08000190   0x00000000   Code   RO         4845    .ARM.Collect$$$$0000000A  mc_w.l(entry8b.o)
    0x08000190   0x00000008   Code   RO         4846    .ARM.Collect$$$$0000000B  mc_w.l(entry9a.o)
    0x08000198   0x00000000   Code   RO         4848    .ARM.Collect$$$$0000000D  mc_w.l(entry10a.o)
    0x08000198   0x00000000   Code   RO         4850    .ARM.Collect$$$$0000000F  mc_w.l(entry11a.o)
    0x08000198   0x00000004   Code   RO         4839    .ARM.Collect$$$$00002712  mc_w.l(entry2.o)
    0x0800019c   0x00000020   Code   RO          254    .emb_text           commhandle.o
    0x080001bc   0x0000002c   Code   RO         1575    .text               startup_stm32f4xx.o
    0x080001e8   0x000000b4   Code   RO         3752    .text               os_cpu_a.o
    0x0800029c   0x00000024   Code   RO         4575    .text               mc_w.l(memseta.o)
    0x080002c0   0x00000062   Code   RO         4854    .text               mc_w.l(uldiv.o)
    0x08000322   0x00000002   PAD
    0x08000324   0x00000024   Code   RO         4867    .text               mc_w.l(init.o)
    0x08000348   0x0000001e   Code   RO         4869    .text               mc_w.l(llshl.o)
    0x08000366   0x00000020   Code   RO         4871    .text               mc_w.l(llushr.o)
    0x08000386   0x0000005c   Code   RO         4885    .text               mc_w.l(__dczerorl2.o)
    0x080003e2   0x00000070   Code   RO          763    i.AddKeyRound       aes.o
    0x08000452   0x00000002   PAD
    0x08000454   0x00000080   Code   RO          666    i.AppCRC            appcrc.o
    0x080004d4   0x00000044   Code   RO          255    i.BaudRateProc      commhandle.o
    0x08000518   0x00000004   Code   RO          493    i.BusFault_Handler  stm32f4xx_it.o
    0x0800051c   0x00000034   Code   RO          212    i.CalculateCRC      framepack.o
    0x08000550   0x000000d4   Code   RO          667    i.CheckCipherValidID  appcrc.o
    0x08000624   0x00000038   Code   RO          720    i.CheckProgramData  flashopt.o
    0x0800065c   0x00000098   Code   RO          721    i.Data2Flash        flashopt.o
    0x080006f4   0x0000009c   Code   RO          947    i.DataAreaWRPLock   wrprotect.o
    0x08000790   0x000000e0   Code   RO          948    i.DataAreaWRPUnlock  wrprotect.o
    0x08000870   0x00000002   Code   RO          494    i.DebugMon_Handler  stm32f4xx_it.o
    0x08000872   0x00000002   PAD
    0x08000874   0x000000d8   Code   RO          879    i.DesKeyProc        capher.o
    0x0800094c   0x0000000c   Code   RO         2040    i.EXTI_ClearITPendingBit  stm32f4xx_exti.o
    0x08000958   0x0000007c   Code   RO          256    i.ExecFrame         commhandle.o
    0x080009d4   0x0000000c   Code   RO         2097    i.FLASH_ClearFlag   stm32f4xx_flash.o
    0x080009e0   0x00000088   Code   RO         2101    i.FLASH_EraseSector  stm32f4xx_flash.o
    0x08000a68   0x00000048   Code   RO         2103    i.FLASH_GetStatus   stm32f4xx_flash.o
    0x08000ab0   0x00000014   Code   RO         2107    i.FLASH_Lock        stm32f4xx_flash.o
    0x08000ac4   0x00000018   Code   RO         2110    i.FLASH_OB_GetRDP   stm32f4xx_flash.o
    0x08000adc   0x0000000c   Code   RO         2112    i.FLASH_OB_GetWRP   stm32f4xx_flash.o
    0x08000ae8   0x00000020   Code   RO         2113    i.FLASH_OB_Launch   stm32f4xx_flash.o
    0x08000b08   0x00000014   Code   RO         2114    i.FLASH_OB_Lock     stm32f4xx_flash.o
    0x08000b1c   0x0000001c   Code   RO         2115    i.FLASH_OB_RDPConfig  stm32f4xx_flash.o
    0x08000b38   0x00000024   Code   RO         2116    i.FLASH_OB_Unlock   stm32f4xx_flash.o
    0x08000b5c   0x00000034   Code   RO         2118    i.FLASH_OB_WRPConfig  stm32f4xx_flash.o
    0x08000b90   0x00000050   Code   RO         2123    i.FLASH_ProgramWord  stm32f4xx_flash.o
    0x08000be0   0x00000034   Code   RO         2125    i.FLASH_Unlock      stm32f4xx_flash.o
    0x08000c14   0x00000022   Code   RO         2126    i.FLASH_WaitForLastOperation  stm32f4xx_flash.o
    0x08000c36   0x0000002c   Code   RO          325    i.FetchFromQ        queue.o
    0x08000c62   0x00000002   PAD
    0x08000c64   0x000001ac   Code   RO          916    i.FirmwDateUpdate   firmwareupdate.o
    0x08000e10   0x0000002a   Code   RO          951    i.FlashWRPLock      wrprotect.o
    0x08000e3a   0x0000002c   Code   RO          952    i.FlashWRPUnlock    wrprotect.o
    0x08000e66   0x00000002   PAD
    0x08000e68   0x00000038   Code   RO          257    i.FrameParseExec    commhandle.o
    0x08000ea0   0x00000074   Code   RO         1355    i.GPIO_Config       inithw.o
    0x08000f14   0x00000090   Code   RO         1897    i.GPIO_Init         stm32f4xx_gpio.o
    0x08000fa4   0x00000046   Code   RO         1898    i.GPIO_PinAFConfig  stm32f4xx_gpio.o
    0x08000fea   0x00000004   Code   RO         1904    i.GPIO_ResetBits    stm32f4xx_gpio.o
    0x08000fee   0x00000004   Code   RO         1905    i.GPIO_SetBits      stm32f4xx_gpio.o
    0x08000ff2   0x00000002   PAD
    0x08000ff4   0x000000e4   Code   RO          722    i.GetSector         flashopt.o
    0x080010d8   0x00000050   Code   RO          723    i.GetSectorSize     flashopt.o
    0x08001128   0x0000002c   Code   RO          669    i.GoToAddr          appcrc.o
    0x08001154   0x000001c8   Code   RO            2    i.HardFault_Handler_proc  hardfaultproc.o
    0x0800131c   0x00000008   Code   RO          121    i.InitApp           main.o
    0x08001324   0x00000044   Code   RO          122    i.InitBoardDev      main.o
    0x08001368   0x0000003c   Code   RO          258    i.InitComm          commhandle.o
    0x080013a4   0x00000024   Code   RO          326    i.InitQueue         queue.o
    0x080013c8   0x00000070   Code   RO         1386    i.InitTimer5        timer.o
    0x08001438   0x0000013c   Code   RO         1299    i.InitUART          uart.o
    0x08001574   0x00000048   Code   RO         1300    i.InitUARTQBuff     uart.o
    0x080015bc   0x000000b6   Code   RO          765    i.InvCipher         aes.o
    0x08001672   0x00000002   PAD
    0x08001674   0x000000b4   Code   RO          670    i.InvCipherAppData  appcrc.o
    0x08001728   0x00000306   Code   RO          766    i.InvMixColumns     aes.o
    0x08001a2e   0x00000032   Code   RO          767    i.InvShiftRows      aes.o
    0x08001a60   0x0000002c   Code   RO          768    i.InvSubBytes       aes.o
    0x08001a8c   0x000000a8   Code   RO          769    i.KeyExpansion      aes.o
    0x08001b34   0x00000004   Code   RO          496    i.MemManage_Handler  stm32f4xx_it.o
    0x08001b38   0x00000020   Code   RO          396    i.MemoryCmp         userlib.o
    0x08001b58   0x00000020   Code   RO          497    i.NMI_Handler       stm32f4xx_it.o
    0x08001b78   0x00000078   Code   RO         1580    i.NVIC_Init         misc.o
    0x08001bf0   0x00000002   Code   RO         3765    i.OSTaskSwHook      os_cpu_c.o
    0x08001bf2   0x00000002   PAD
    0x08001bf4   0x0000014c   Code   RO          259    i.ParseFrame        commhandle.o
    0x08001d40   0x00000064   Code   RO          724    i.ProgramFlashErase  flashopt.o
    0x08001da4   0x00000020   Code   RO         1620    i.RCC_AHB1PeriphClockCmd  stm32f4xx_rcc.o
    0x08001dc4   0x00000020   Code   RO         1629    i.RCC_APB1PeriphClockCmd  stm32f4xx_rcc.o
    0x08001de4   0x00000020   Code   RO         1631    i.RCC_APB1PeriphResetCmd  stm32f4xx_rcc.o
    0x08001e04   0x00000020   Code   RO         1632    i.RCC_APB2PeriphClockCmd  stm32f4xx_rcc.o
    0x08001e24   0x00000020   Code   RO         1634    i.RCC_APB2PeriphResetCmd  stm32f4xx_rcc.o
    0x08001e44   0x0000000c   Code   RO         1638    i.RCC_ClearITPendingBit  stm32f4xx_rcc.o
    0x08001e50   0x000000e8   Code   RO         1641    i.RCC_GetClocksFreq  stm32f4xx_rcc.o
    0x08001f38   0x00000018   Code   RO         1643    i.RCC_GetITStatus   stm32f4xx_rcc.o
    0x08001f50   0x00000010   Code   RO         1646    i.RCC_HSEConfig     stm32f4xx_rcc.o
    0x08001f60   0x00000020   Code   RO         1649    i.RCC_ITConfig      stm32f4xx_rcc.o
    0x08001f80   0x00000060   Code   RO         1478    i.RTC_Alarm_IRQHandler  rtc.o
    0x08001fe0   0x00000020   Code   RO         2420    i.RTC_ClearITPendingBit  stm32f4xx_rtc.o
    0x08002000   0x00000040   Code   RO         2432    i.RTC_GetITStatus   stm32f4xx_rtc.o
    0x08002040   0x00000024   Code   RO         1557    i.ReadCPUID         cpuid.o
    0x08002064   0x00000002   Code   RO          498    i.SVC_Handler       stm32f4xx_it.o
    0x08002066   0x0000003c   Code   RO          215    i.SendFrame         framepack.o
    0x080020a2   0x00000002   PAD
    0x080020a4   0x000000ec   Code   RO         1266    i.SetSysClock       system_stm32f4xx.o
    0x08002190   0x00000070   Code   RO          880    i.StartDesProc      capher.o
    0x08002200   0x00000140   Code   RO          918    i.StartFireWareUpdate  firmwareupdate.o
    0x08002340   0x00000034   Code   RO          327    i.Store2Q           queue.o
    0x08002374   0x00000020   Code   RO          881    i.StoreKey          capher.o
    0x08002394   0x00000038   Code   RO          773    i.SubWord           aes.o
    0x080023cc   0x00000002   Code   RO          499    i.SysTick_Handler   stm32f4xx_it.o
    0x080023ce   0x00000002   PAD
    0x080023d0   0x00000068   Code   RO         1268    i.SystemInit        system_stm32f4xx.o
    0x08002438   0x00000056   Code   RO          260    i.SystemResetProc   commhandle.o
    0x0800248e   0x00000002   PAD
    0x08002490   0x00000034   Code   RO         1389    i.TIM2_IRQHandler   timer.o
    0x080024c4   0x00000028   Code   RO         1390    i.TIM3_IRQHandler   timer.o
    0x080024ec   0x0000001c   Code   RO         1391    i.TIM4_IRQHandler   timer.o
    0x08002508   0x00000028   Code   RO         1392    i.TIM5_IRQHandler   timer.o
    0x08002530   0x00000028   Code   RO         1393    i.TIM7_IRQHandler   timer.o
    0x08002558   0x00000006   Code   RO         2772    i.TIM_ClearITPendingBit  stm32f4xx_tim.o
    0x0800255e   0x00000018   Code   RO         2777    i.TIM_Cmd           stm32f4xx_tim.o
    0x08002576   0x00000006   Code   RO         2796    i.TIM_GetCounter    stm32f4xx_tim.o
    0x0800257c   0x00000022   Code   RO         2798    i.TIM_GetITStatus   stm32f4xx_tim.o
    0x0800259e   0x00000004   Code   RO         2843    i.TIM_SetCounter    stm32f4xx_tim.o
    0x080025a2   0x00000002   PAD
    0x080025a4   0x00000084   Code   RO         2849    i.TIM_TimeBaseInit  stm32f4xx_tim.o
    0x08002628   0x00000020   Code   RO          882    i.TakeOutKey        capher.o
    0x08002648   0x00000034   Code   RO          216    i.UARTSendFrame     framepack.o
    0x0800267c   0x0000002c   Code   RO         1302    i.UART_SendBytes    uart.o
    0x080026a8   0x00000038   Code   RO         1303    i.USART1_IRQHandler  uart.o
    0x080026e0   0x00000038   Code   RO         1304    i.USART2_IRQHandler  uart.o
    0x08002718   0x0000001e   Code   RO         3320    i.USART_ClearITPendingBit  stm32f4xx_usart.o
    0x08002736   0x00000018   Code   RO         3323    i.USART_Cmd         stm32f4xx_usart.o
    0x0800274e   0x00000002   PAD
    0x08002750   0x000000b4   Code   RO         3325    i.USART_DeInit      stm32f4xx_usart.o
    0x08002804   0x0000001a   Code   RO         3326    i.USART_GetFlagStatus  stm32f4xx_usart.o
    0x0800281e   0x00000054   Code   RO         3327    i.USART_GetITStatus  stm32f4xx_usart.o
    0x08002872   0x0000004a   Code   RO         3329    i.USART_ITConfig    stm32f4xx_usart.o
    0x080028bc   0x000000d4   Code   RO         3330    i.USART_Init        stm32f4xx_usart.o
    0x08002990   0x00000008   Code   RO         3340    i.USART_SendData    stm32f4xx_usart.o
    0x08002998   0x00000004   Code   RO          500    i.UsageFault_Handler  stm32f4xx_it.o
    0x0800299c   0x00000020   Code   RO         4710    i.__0printf$5       mc_w.l(printf5.o)
    0x080029bc   0x0000000e   Code   RO         4879    i.__scatterload_copy  mc_w.l(handlers.o)
    0x080029ca   0x00000002   Code   RO         4880    i.__scatterload_null  mc_w.l(handlers.o)
    0x080029cc   0x0000000e   Code   RO         4881    i.__scatterload_zeroinit  mc_w.l(handlers.o)
    0x080029da   0x00000002   PAD
    0x080029dc   0x000002c0   Code   RO         4717    i._printf_core      mc_w.l(printf5.o)
    0x08002c9c   0x00000024   Code   RO          362    i.fputc             m_printf.o
    0x08002cc0   0x0000006c   Code   RO          125    i.main              main.o
    0x08002d2c   0x00000018   Code   RO          774    i.xtimes02          aes.o
    0x08002d44   0x00000026   Code   RO          776    i.xtimes09          aes.o
    0x08002d6a   0x00000028   Code   RO          777    i.xtimes0B          aes.o
    0x08002d92   0x00000028   Code   RO          778    i.xtimes0D          aes.o
    0x08002dba   0x00000028   Code   RO          779    i.xtimes0E          aes.o
    0x08002de2   0x00000002   PAD
    0x08002de4   0x00000034   Data   RO          780    .constdata          aes.o
    0x08002e18   0x00000020   Data   RO         4877    Region$$Table       anon$$obj.o


    Execution Region RW_IRAM1 (Base: 0x20000000, Size: 0x000051f0, Max: 0x00020000, ABSOLUTE, COMPRESSED[0x000002b8])

    Base Addr    Size         Type   Attr      Idx    E Section Name        Object

    0x20000000   0x00000005   Data   RW          127    .data               main.o
    0x20000005   0x00000003   PAD
    0x20000008   0x00000008   Data   RW          262    .data               commhandle.o
    0x20000010   0x00000008   Data   RW          363    .data               m_printf.o
    0x20000018   0x00000010   Data   RW          405    .data               userlib.o
    0x20000028   0x00000005   Data   RW          570    .data               simui2c.o
    0x2000002d   0x00000003   PAD
    0x20000030   0x00000020   Data   RW          671    .data               appcrc.o
    0x20000050   0x000000c0   Data   RW          725    .data               flashopt.o
    0x20000110   0x00000200   Data   RW          781    .data               aes.o
    0x20000310   0x00000010   Data   RW          883    .data               capher.o
    0x20000320   0x0000001c   Data   RW          919    .data               firmwareupdate.o
    0x2000033c   0x00000020   Data   RW          953    .data               wrprotect.o
    0x2000035c   0x00000008   Data   RW         1307    .data               uart.o
    0x20000364   0x00000024   Data   RW         1395    .data               timer.o
    0x20000388   0x00000009   Data   RW         1485    .data               rtc.o
    0x20000391   0x00000010   Data   RW         1664    .data               stm32f4xx_rcc.o
    0x200003a1   0x00000003   PAD
    0x200003a4   0x0000004c   Data   RW         3899    .data               os_core.o
    0x200003f0   0x000029e0   Zero   RW          261    .bss                commhandle.o
    0x20002dd0   0x0000201f   Zero   RW         1306    .bss                uart.o
    0x20004def   0x00000001   PAD
    0x20004df0   0x00000400   Zero   RW         1572    STACK               startup_stm32f4xx.o


==============================================================================

Image component sizes


      Code (inc. data)   RO Data    RW Data    ZI Data      Debug   Object Name

      1568         18         52        512          0       7659   aes.o
       564         54          0         32          0       5114   appcrc.o
       392         16          0         16          0       3577   capher.o
       758         48          0          8      10720       5377   commhandle.o
        36          4          0          0          0        980   cpuid.o
       748         88          0         28          0       2999   firmwareupdate.o
       616         56          0        192          0       4748   flashopt.o
       164          4          0          0          0       3119   framepack.o
       456        280          0          0          0     282281   hardfaultproc.o
       116          6          0          0          0        518   inithw.o
        36          4          0          8          0       2534   m_printf.o
       184         44          0          5          0       6354   main.o
       120         12          0          0          0       1056   misc.o
         0          0          0         76          0       8411   os_core.o
       180         36          0          0          0        272   os_cpu_a.o
         2          0          0          0          0        415   os_cpu_c.o
       132          0          0          0          0       6330   queue.o
        96         16          0          9          0       1302   rtc.o
         0          0          0          5          0        672   simui2c.o
        44          4        392          0       1024        864   startup_stm32f4xx.o
        12          6          0          0          0        553   stm32f4xx_exti.o
       610         92          0          0          0       8523   stm32f4xx_flash.o
       222          0          0          0          0       2955   stm32f4xx_gpio.o
        50          0          0          0          0       3145   stm32f4xx_it.o
       476         68          0         16          0       7866   stm32f4xx_rcc.o
        96          8          0          0          0       1246   stm32f4xx_rtc.o
       206         28          0          0          0       4265   stm32f4xx_tim.o
       638         32          0          0          0       6270   stm32f4xx_usart.o
       340         34          0          0          0       1637   system_stm32f4xx.o
       312         52          0         36          0       3765   timer.o
       544         52          0          8       8223       3502   uart.o
        32          0          0         16          0       1328   userlib.o
       466          8          0         32          0       3563   wrprotect.o

    ----------------------------------------------------------------------
     10242       1070        476       1008      19968     393200   Object Totals
         0          0         32          0          0          0   (incl. Generated)
        26          0          0          9          1          0   (incl. Padding)

    ----------------------------------------------------------------------

      Code (inc. data)   RO Data    RW Data    ZI Data      Debug   Library Member Name

        92          0          0          0          0          0   __dczerorl2.o
         0          0          0          0          0          0   entry.o
         0          0          0          0          0          0   entry10a.o
         0          0          0          0          0          0   entry11a.o
         8          4          0          0          0          0   entry2.o
         4          0          0          0          0          0   entry5.o
         0          0          0          0          0          0   entry7b.o
         0          0          0          0          0          0   entry8b.o
         8          4          0          0          0          0   entry9a.o
        30          0          0          0          0          0   handlers.o
        36          8          0          0          0         68   init.o
        30          0          0          0          0         68   llshl.o
        32          0          0          0          0         68   llushr.o
        36          0          0          0          0        108   memseta.o
       736         56          0          0          0        184   printf5.o
        98          0          0          0          0         92   uldiv.o

    ----------------------------------------------------------------------
      1114         72          0          0          0        588   Library Totals
         4          0          0          0          0          0   (incl. Padding)

    ----------------------------------------------------------------------

      Code (inc. data)   RO Data    RW Data    ZI Data      Debug   Library Name

      1110         72          0          0          0        588   mc_w.l

    ----------------------------------------------------------------------
      1114         72          0          0          0        588   Library Totals

    ----------------------------------------------------------------------

==============================================================================


      Code (inc. data)   RO Data    RW Data    ZI Data      Debug   

     11356       1142        476       1008      19968     382472   Grand Totals
     11356       1142        476        696      19968     382472   ELF Image Totals (compressed)
     11356       1142        476        696          0          0   ROM Totals

==============================================================================

    Total RO  Size (Code + RO Data)                11832 (  11.55kB)
    Total RW  Size (RW Data + ZI Data)             20976 (  20.48kB)
    Total ROM Size (Code + RO Data + RW Data)      12528 (  12.23kB)

==============================================================================

