<html>
<body>
<pre>
<h1>µVision Build Log</h1>
<h2>Project:</h2>
F:\learn\STM32F4xx\ucos2.86-RVMDK\project\ucos.uvproj
Project File Date:  08/15/2012

<h2>Output:</h2>
Build target 'stm32f407vg'
assembling startup_stm32f4xx.s...
compiling system_stm32f4xx.c...
compiling main.c...
..\applications\src\main.c(16): error:  #5: cannot open source input file "freertos.h": No such file or directory
compiling stm32f4xx_it.c...
..\applications\src\stm32f4xx_it.c(28): error:  #5: cannot open source input file "freertos.h": No such file or directory
compiling misc.c...
..\librarys\STM32F4xx_StdPeriph_Driver\src\misc.c(115): warning:  #223-D: function "assert_param" declared implicitly
..\librarys\STM32F4xx_StdPeriph_Driver\src\misc.c(135): warning:  #223-D: function "assert_param" declared implicitly
..\librarys\STM32F4xx_StdPeriph_Driver\src\misc.c(177): warning:  #223-D: function "assert_param" declared implicitly
..\librarys\STM32F4xx_StdPeriph_Driver\src\misc.c(196): warning:  #223-D: function "assert_param" declared implicitly
..\librarys\STM32F4xx_StdPeriph_Driver\src\misc.c(220): warning:  #223-D: function "assert_param" declared implicitly
compiling stm32f4xx_rcc.c...
..\librarys\STM32F4xx_StdPeriph_Driver\src\stm32f4xx_rcc.c(240): warning:  #223-D: function "assert_param" declared implicitly
..\librarys\STM32F4xx_StdPeriph_Driver\src\stm32f4xx_rcc.c(296): warning:  #223-D: function "assert_param" declared implicitly
..\librarys\STM32F4xx_StdPeriph_Driver\src\stm32f4xx_rcc.c(331): warning:  #223-D: function "assert_param" declared implicitly
..\librarys\STM32F4xx_StdPeriph_Driver\src\stm32f4xx_rcc.c(356): warning:  #223-D: function "assert_param" declared implicitly
..\librarys\STM32F4xx_StdPeriph_Driver\src\stm32f4xx_rcc.c(396): warning:  #223-D: function "assert_param" declared implicitly
..\librarys\STM32F4xx_StdPeriph_Driver\src\stm32f4xx_rcc.c(439): warning:  #223-D: function "assert_param" declared implicitly
..\librarys\STM32F4xx_StdPeriph_Driver\src\stm32f4xx_rcc.c(462): warning:  #223-D: function "assert_param" declared implicitly
..\librarys\STM32F4xx_StdPeriph_Driver\src\stm32f4xx_rcc.c(488): warning:  #223-D: function "assert_param" declared implicitly
..\librarys\STM32F4xx_StdPeriph_Driver\src\stm32f4xx_rcc.c(503): warning:  #223-D: function "assert_param" declared implicitly
..\librarys\STM32F4xx_StdPeriph_Driver\src\stm32f4xx_rcc.c(521): warning:  #223-D: function "assert_param" declared implicitly
..\librarys\STM32F4xx_StdPeriph_Driver\src\stm32f4xx_rcc.c(548): warning:  #223-D: function "assert_param" declared implicitly
..\librarys\STM32F4xx_StdPeriph_Driver\src\stm32f4xx_rcc.c(586): warning:  #223-D: function "assert_param" declared implicitly
..\librarys\STM32F4xx_StdPeriph_Driver\src\stm32f4xx_rcc.c(692): warning:  #223-D: function "assert_param" declared implicitly
..\librarys\STM32F4xx_StdPeriph_Driver\src\stm32f4xx_rcc.c(745): warning:  #223-D: function "assert_param" declared implicitly
..\librarys\STM32F4xx_StdPeriph_Driver\src\stm32f4xx_rcc.c(777): warning:  #223-D: function "assert_param" declared implicitly
..\librarys\STM32F4xx_StdPeriph_Driver\src\stm32f4xx_rcc.c(808): warning:  #223-D: function "assert_param" declared implicitly
..\librarys\STM32F4xx_StdPeriph_Driver\src\stm32f4xx_rcc.c(985): warning:  #223-D: function "assert_param" declared implicitly
..\librarys\STM32F4xx_StdPeriph_Driver\src\stm32f4xx_rcc.c(1015): warning:  #223-D: function "assert_param" declared implicitly
..\librarys\STM32F4xx_StdPeriph_Driver\src\stm32f4xx_rcc.c(1032): warning:  #223-D: function "assert_param" declared implicitly
..\librarys\STM32F4xx_StdPeriph_Driver\src\stm32f4xx_rcc.c(1049): warning:  #223-D: function "assert_param" declared implicitly
..\librarys\STM32F4xx_StdPeriph_Driver\src\stm32f4xx_rcc.c(1088): warning:  #223-D: function "assert_param" declared implicitly
..\librarys\STM32F4xx_StdPeriph_Driver\src\stm32f4xx_rcc.c(1120): warning:  #223-D: function "assert_param" declared implicitly
..\librarys\STM32F4xx_StdPeriph_Driver\src\stm32f4xx_rcc.c(1147): warning:  #223-D: function "assert_param" declared implicitly
..\librarys\STM32F4xx_StdPeriph_Driver\src\stm32f4xx_rcc.c(1197): warning:  #223-D: function "assert_param" declared implicitly
..\librarys\STM32F4xx_StdPeriph_Driver\src\stm32f4xx_rcc.c(1237): warning:  #223-D: function "assert_param" declared implicitly
..\librarys\STM32F4xx_StdPeriph_Driver\src\stm32f4xx_rcc.c(1276): warning:  #223-D: function "assert_param" declared implicitly
..\librarys\STM32F4xx_StdPeriph_Driver\src\stm32f4xx_rcc.c(1305): warning:  #223-D: function "assert_param" declared implicitly
..\librarys\STM32F4xx_StdPeriph_Driver\src\stm32f4xx_rcc.c(1329): warning:  #223-D: function "assert_param" declared implicitly
..\librarys\STM32F4xx_StdPeriph_Driver\src\stm32f4xx_rcc.c(1376): warning:  #223-D: function "assert_param" declared implicitly
..\librarys\STM32F4xx_StdPeriph_Driver\src\stm32f4xx_rcc.c(1412): warning:  #223-D: function "assert_param" declared implicitly
..\librarys\STM32F4xx_StdPeriph_Driver\src\stm32f4xx_rcc.c(1458): warning:  #223-D: function "assert_param" declared implicitly
..\librarys\STM32F4xx_StdPeriph_Driver\src\stm32f4xx_rcc.c(1490): warning:  #223-D: function "assert_param" declared implicitly
..\librarys\STM32F4xx_StdPeriph_Driver\src\stm32f4xx_rcc.c(1517): warning:  #223-D: function "assert_param" declared implicitly
..\librarys\STM32F4xx_StdPeriph_Driver\src\stm32f4xx_rcc.c(1567): warning:  #223-D: function "assert_param" declared implicitly
..\librarys\STM32F4xx_StdPeriph_Driver\src\stm32f4xx_rcc.c(1607): warning:  #223-D: function "assert_param" declared implicitly
..\librarys\STM32F4xx_StdPeriph_Driver\src\stm32f4xx_rcc.c(1652): warning:  #223-D: function "assert_param" declared implicitly
..\librarys\STM32F4xx_StdPeriph_Driver\src\stm32f4xx_rcc.c(1692): warning:  #223-D: function "assert_param" declared implicitly
..\librarys\STM32F4xx_StdPeriph_Driver\src\stm32f4xx_rcc.c(1754): warning:  #223-D: function "assert_param" declared implicitly
..\librarys\STM32F4xx_StdPeriph_Driver\src\stm32f4xx_rcc.c(1785): warning:  #223-D: function "assert_param" declared implicitly
compiling stm32f4xx_gpio.c...
..\librarys\STM32F4xx_StdPeriph_Driver\src\stm32f4xx_gpio.c(123): warning:  #223-D: function "assert_param" declared implicitly
..\librarys\STM32F4xx_StdPeriph_Driver\src\stm32f4xx_gpio.c(187): warning:  #223-D: function "assert_param" declared implicitly
..\librarys\STM32F4xx_StdPeriph_Driver\src\stm32f4xx_gpio.c(260): warning:  #223-D: function "assert_param" declared implicitly
..\librarys\STM32F4xx_StdPeriph_Driver\src\stm32f4xx_gpio.c(304): warning:  #223-D: function "assert_param" declared implicitly
..\librarys\STM32F4xx_StdPeriph_Driver\src\stm32f4xx_gpio.c(326): warning:  #223-D: function "assert_param" declared implicitly
..\librarys\STM32F4xx_StdPeriph_Driver\src\stm32f4xx_gpio.c(343): warning:  #223-D: function "assert_param" declared implicitly
..\librarys\STM32F4xx_StdPeriph_Driver\src\stm32f4xx_gpio.c(365): warning:  #223-D: function "assert_param" declared implicitly
..\librarys\STM32F4xx_StdPeriph_Driver\src\stm32f4xx_gpio.c(383): warning:  #223-D: function "assert_param" declared implicitly
..\librarys\STM32F4xx_StdPeriph_Driver\src\stm32f4xx_gpio.c(402): warning:  #223-D: function "assert_param" declared implicitly
..\librarys\STM32F4xx_StdPeriph_Driver\src\stm32f4xx_gpio.c(422): warning:  #223-D: function "assert_param" declared implicitly
..\librarys\STM32F4xx_StdPeriph_Driver\src\stm32f4xx_gpio.c(445): warning:  #223-D: function "assert_param" declared implicitly
..\librarys\STM32F4xx_StdPeriph_Driver\src\stm32f4xx_gpio.c(459): warning:  #223-D: function "assert_param" declared implicitly
..\librarys\STM32F4xx_StdPeriph_Driver\src\stm32f4xx_gpio.c(535): warning:  #223-D: function "assert_param" declared implicitly
assembling os_cpu_a.asm...
compiling os_cpu_c.c...
..\ucos2.86\source\ucos_ii.h(45): error:  #5: cannot open source input file "os_cfg.h": No such file or directory
compiling os_dbg.c...
..\ucos2.86\source\ucos_ii.h(45): error:  #5: cannot open source input file "os_cfg.h": No such file or directory
compiling os_core.c...
..\ucos2.86\source\ucos_ii.h(45): error:  #5: cannot open source input file "os_cfg.h": No such file or directory
compiling os_flag.c...
..\ucos2.86\source\ucos_ii.h(45): error:  #5: cannot open source input file "os_cfg.h": No such file or directory
compiling os_mbox.c...
..\ucos2.86\source\ucos_ii.h(45): error:  #5: cannot open source input file "os_cfg.h": No such file or directory
compiling os_mem.c...
..\ucos2.86\source\ucos_ii.h(45): error:  #5: cannot open source input file "os_cfg.h": No such file or directory
compiling os_mutex.c...
..\ucos2.86\source\ucos_ii.h(45): error:  #5: cannot open source input file "os_cfg.h": No such file or directory
compiling os_q.c...
..\ucos2.86\source\ucos_ii.h(45): error:  #5: cannot open source input file "os_cfg.h": No such file or directory
compiling os_sem.c...
..\ucos2.86\source\ucos_ii.h(45): error:  #5: cannot open source input file "os_cfg.h": No such file or directory
compiling os_task.c...
..\ucos2.86\source\ucos_ii.h(45): error:  #5: cannot open source input file "os_cfg.h": No such file or directory
compiling os_time.c...
..\ucos2.86\source\ucos_ii.h(45): error:  #5: cannot open source input file "os_cfg.h": No such file or directory
compiling os_tmr.c...
..\ucos2.86\source\ucos_ii.h(45): error:  #5: cannot open source input file "os_cfg.h": No such file or directory
Target not created
Build target 'stm32f407vg'
compiling main.c...
..\librarys\CMSIS\Include\arm_math.h(263): error:  #5: cannot open source input file "ARMCM4.h": No such file or directory
compiling stm32f4xx_it.c...
..\applications\src\stm32f4xx_it.c(28): error:  #5: cannot open source input file "freertos.h": No such file or directory
compiling os_cpu_c.c...
..\ucos2.86\source\ucos_ii.h(45): error:  #5: cannot open source input file "os_cfg.h": No such file or directory
compiling os_dbg.c...
..\ucos2.86\source\ucos_ii.h(45): error:  #5: cannot open source input file "os_cfg.h": No such file or directory
compiling os_core.c...
..\ucos2.86\source\ucos_ii.h(45): error:  #5: cannot open source input file "os_cfg.h": No such file or directory
compiling os_flag.c...
..\ucos2.86\source\ucos_ii.h(45): error:  #5: cannot open source input file "os_cfg.h": No such file or directory
compiling os_mbox.c...
..\ucos2.86\source\ucos_ii.h(45): error:  #5: cannot open source input file "os_cfg.h": No such file or directory
compiling os_mem.c...
..\ucos2.86\source\ucos_ii.h(45): error:  #5: cannot open source input file "os_cfg.h": No such file or directory
compiling os_mutex.c...
..\ucos2.86\source\ucos_ii.h(45): error:  #5: cannot open source input file "os_cfg.h": No such file or directory
compiling os_q.c...
..\ucos2.86\source\ucos_ii.h(45): error:  #5: cannot open source input file "os_cfg.h": No such file or directory
compiling os_sem.c...
..\ucos2.86\source\ucos_ii.h(45): error:  #5: cannot open source input file "os_cfg.h": No such file or directory
compiling os_task.c...
..\ucos2.86\source\ucos_ii.h(45): error:  #5: cannot open source input file "os_cfg.h": No such file or directory
compiling os_time.c...
..\ucos2.86\source\ucos_ii.h(45): error:  #5: cannot open source input file "os_cfg.h": No such file or directory
compiling os_tmr.c...
..\ucos2.86\source\ucos_ii.h(45): error:  #5: cannot open source input file "os_cfg.h": No such file or directory
Target not created
Build target 'stm32f407vg'
compiling main.c...
..\librarys\CMSIS\Include\arm_math.h(263): error:  #5: cannot open source input file "ARMCM4.h": No such file or directory
compiling stm32f4xx_it.c...
..\applications\src\stm32f4xx_it.c(28): error:  #5: cannot open source input file "freertos.h": No such file or directory
compiling os_cpu_c.c...
..\ucos2.86\source\ucos_ii.h(45): error:  #5: cannot open source input file "os_cfg.h": No such file or directory
compiling os_dbg.c...
..\ucos2.86\source\ucos_ii.h(45): error:  #5: cannot open source input file "os_cfg.h": No such file or directory
compiling os_core.c...
..\ucos2.86\source\ucos_ii.h(45): error:  #5: cannot open source input file "os_cfg.h": No such file or directory
compiling os_flag.c...
..\ucos2.86\source\ucos_ii.h(45): error:  #5: cannot open source input file "os_cfg.h": No such file or directory
compiling os_mbox.c...
..\ucos2.86\source\ucos_ii.h(45): error:  #5: cannot open source input file "os_cfg.h": No such file or directory
compiling os_mem.c...
..\ucos2.86\source\ucos_ii.h(45): error:  #5: cannot open source input file "os_cfg.h": No such file or directory
compiling os_mutex.c...
..\ucos2.86\source\ucos_ii.h(45): error:  #5: cannot open source input file "os_cfg.h": No such file or directory
compiling os_q.c...
..\ucos2.86\source\ucos_ii.h(45): error:  #5: cannot open source input file "os_cfg.h": No such file or directory
compiling os_sem.c...
..\ucos2.86\source\ucos_ii.h(45): error:  #5: cannot open source input file "os_cfg.h": No such file or directory
compiling os_task.c...
..\ucos2.86\source\ucos_ii.h(45): error:  #5: cannot open source input file "os_cfg.h": No such file or directory
compiling os_time.c...
..\ucos2.86\source\ucos_ii.h(45): error:  #5: cannot open source input file "os_cfg.h": No such file or directory
compiling os_tmr.c...
..\ucos2.86\source\ucos_ii.h(45): error:  #5: cannot open source input file "os_cfg.h": No such file or directory
Target not created
Build target 'stm32f407vg'
compiling main.c...
compiling stm32f4xx_it.c...
..\applications\src\stm32f4xx_it.c(28): error:  #5: cannot open source input file "freertos.h": No such file or directory
compiling os_cpu_c.c...
..\ucos2.86\source\ucos_ii.h(45): error:  #5: cannot open source input file "os_cfg.h": No such file or directory
compiling os_dbg.c...
..\ucos2.86\source\ucos_ii.h(45): error:  #5: cannot open source input file "os_cfg.h": No such file or directory
compiling os_core.c...
..\ucos2.86\source\ucos_ii.h(45): error:  #5: cannot open source input file "os_cfg.h": No such file or directory
compiling os_flag.c...
..\ucos2.86\source\ucos_ii.h(45): error:  #5: cannot open source input file "os_cfg.h": No such file or directory
compiling os_mbox.c...
..\ucos2.86\source\ucos_ii.h(45): error:  #5: cannot open source input file "os_cfg.h": No such file or directory
compiling os_mem.c...
..\ucos2.86\source\ucos_ii.h(45): error:  #5: cannot open source input file "os_cfg.h": No such file or directory
compiling os_mutex.c...
..\ucos2.86\source\ucos_ii.h(45): error:  #5: cannot open source input file "os_cfg.h": No such file or directory
compiling os_q.c...
..\ucos2.86\source\ucos_ii.h(45): error:  #5: cannot open source input file "os_cfg.h": No such file or directory
compiling os_sem.c...
..\ucos2.86\source\ucos_ii.h(45): error:  #5: cannot open source input file "os_cfg.h": No such file or directory
compiling os_task.c...
..\ucos2.86\source\ucos_ii.h(45): error:  #5: cannot open source input file "os_cfg.h": No such file or directory
compiling os_time.c...
..\ucos2.86\source\ucos_ii.h(45): error:  #5: cannot open source input file "os_cfg.h": No such file or directory
compiling os_tmr.c...
..\ucos2.86\source\ucos_ii.h(45): error:  #5: cannot open source input file "os_cfg.h": No such file or directory
Target not created
Build target 'stm32f407vg'
compiling stm32f4xx_it.c...
..\applications\src\stm32f4xx_it.c(55): warning:  #223-D: function "RCC_GetITStatus" declared implicitly
..\applications\src\stm32f4xx_it.c(55): error:  #20: identifier "RCC_IT_CSS" is undefined
..\applications\src\stm32f4xx_it.c(61): warning:  #223-D: function "RCC_HSEConfig" declared implicitly
..\applications\src\stm32f4xx_it.c(61): error:  #20: identifier "RCC_HSE_ON" is undefined
..\applications\src\stm32f4xx_it.c(64): warning:  #223-D: function "RCC_ITConfig" declared implicitly
..\applications\src\stm32f4xx_it.c(64): error:  #20: identifier "RCC_IT_HSERDY" is undefined
..\applications\src\stm32f4xx_it.c(64): error:  #20: identifier "RCC_IT_PLLRDY" is undefined
..\applications\src\stm32f4xx_it.c(67): warning:  #223-D: function "RCC_ClearITPendingBit" declared implicitly
compiling os_cpu_c.c...
..\ucos2.86\source\ucos_ii.h(45): error:  #5: cannot open source input file "os_cfg.h": No such file or directory
compiling os_dbg.c...
..\ucos2.86\source\ucos_ii.h(45): error:  #5: cannot open source input file "os_cfg.h": No such file or directory
compiling os_core.c...
..\ucos2.86\source\ucos_ii.h(45): error:  #5: cannot open source input file "os_cfg.h": No such file or directory
compiling os_flag.c...
..\ucos2.86\source\ucos_ii.h(45): error:  #5: cannot open source input file "os_cfg.h": No such file or directory
compiling os_mbox.c...
..\ucos2.86\source\ucos_ii.h(45): error:  #5: cannot open source input file "os_cfg.h": No such file or directory
compiling os_mem.c...
..\ucos2.86\source\ucos_ii.h(45): error:  #5: cannot open source input file "os_cfg.h": No such file or directory
compiling os_mutex.c...
..\ucos2.86\source\ucos_ii.h(45): error:  #5: cannot open source input file "os_cfg.h": No such file or directory
compiling os_q.c...
..\ucos2.86\source\ucos_ii.h(45): error:  #5: cannot open source input file "os_cfg.h": No such file or directory
compiling os_sem.c...
..\ucos2.86\source\ucos_ii.h(45): error:  #5: cannot open source input file "os_cfg.h": No such file or directory
compiling os_task.c...
..\ucos2.86\source\ucos_ii.h(45): error:  #5: cannot open source input file "os_cfg.h": No such file or directory
compiling os_time.c...
..\ucos2.86\source\ucos_ii.h(45): error:  #5: cannot open source input file "os_cfg.h": No such file or directory
compiling os_tmr.c...
..\ucos2.86\source\ucos_ii.h(45): error:  #5: cannot open source input file "os_cfg.h": No such file or directory
Target not created
Build target 'stm32f407vg'
compiling system_stm32f4xx.c...
compiling main.c...
compiling stm32f4xx_it.c...
compiling misc.c...
compiling stm32f4xx_rcc.c...
compiling stm32f4xx_gpio.c...
compiling os_cpu_c.c...
..\ucos2.86\source\ucos_ii.h(45): error:  #5: cannot open source input file "os_cfg.h": No such file or directory
compiling os_dbg.c...
..\ucos2.86\source\ucos_ii.h(45): error:  #5: cannot open source input file "os_cfg.h": No such file or directory
compiling os_core.c...
..\ucos2.86\source\ucos_ii.h(45): error:  #5: cannot open source input file "os_cfg.h": No such file or directory
compiling os_flag.c...
..\ucos2.86\source\ucos_ii.h(45): error:  #5: cannot open source input file "os_cfg.h": No such file or directory
compiling os_mbox.c...
..\ucos2.86\source\ucos_ii.h(45): error:  #5: cannot open source input file "os_cfg.h": No such file or directory
compiling os_mem.c...
..\ucos2.86\source\ucos_ii.h(45): error:  #5: cannot open source input file "os_cfg.h": No such file or directory
compiling os_mutex.c...
..\ucos2.86\source\ucos_ii.h(45): error:  #5: cannot open source input file "os_cfg.h": No such file or directory
compiling os_q.c...
..\ucos2.86\source\ucos_ii.h(45): error:  #5: cannot open source input file "os_cfg.h": No such file or directory
compiling os_sem.c...
..\ucos2.86\source\ucos_ii.h(45): error:  #5: cannot open source input file "os_cfg.h": No such file or directory
compiling os_task.c...
..\ucos2.86\source\ucos_ii.h(45): error:  #5: cannot open source input file "os_cfg.h": No such file or directory
compiling os_time.c...
..\ucos2.86\source\ucos_ii.h(45): error:  #5: cannot open source input file "os_cfg.h": No such file or directory
compiling os_tmr.c...
..\ucos2.86\source\ucos_ii.h(45): error:  #5: cannot open source input file "os_cfg.h": No such file or directory
Target not created
Build target 'stm32f407vg'
compiling os_cpu_c.c...
..\ucos2.86\port\os_cpu_c.c(27): error:  #5: cannot open source input file "stm32f10x.h": No such file or directory
compiling os_dbg.c...
compiling os_core.c...
compiling os_flag.c...
compiling os_mbox.c...
compiling os_mem.c...
compiling os_mutex.c...
compiling os_q.c...
compiling os_sem.c...
compiling os_task.c...
compiling os_time.c...
compiling os_tmr.c...
Target not created
Build target 'stm32f407vg'
compiling os_cpu_c.c...
linking...
Program Size: Code=804 RO-data=424 RW-data=72 ZI-data=1024  
FromELF: creating hex file...
".\obj\ucos.axf" - 0 Error(s), 0 Warning(s).
Build target 'stm32f407vg'
compiling stm32f4xx_it.c...
linking...
Program Size: Code=812 RO-data=424 RW-data=72 ZI-data=1024  
FromELF: creating hex file...
".\obj\ucos.axf" - 0 Error(s), 0 Warning(s).
Build target 'stm32f407vg'
compiling stm32f4xx_it.c...
linking...
.\obj\ucos.axf: Error: L6200E: Symbol PendSV_Handler multiply defined (by os_cpu_a.o and stm32f4xx_it.o).
Target not created
Build target 'stm32f407vg'
compiling stm32f4xx_it.c...
linking...
Program Size: Code=812 RO-data=424 RW-data=72 ZI-data=1024  
FromELF: creating hex file...
".\obj\ucos.axf" - 0 Error(s), 0 Warning(s).
Build target 'stm32f407vg'
compiling stm32f4xx_it.c...
linking...
Program Size: Code=1298 RO-data=682 RW-data=72 ZI-data=3448  
FromELF: creating hex file...
".\obj\ucos.axf" - 0 Error(s), 0 Warning(s).
Build target 'stm32f407vg'
compiling stm32f4xx_it.c...
linking...
Program Size: Code=1298 RO-data=682 RW-data=72 ZI-data=3448  
FromELF: creating hex file...
".\obj\ucos.axf" - 0 Error(s), 0 Warning(s).
